cargo-slot: Slot 3, optimiert=0
    Checking typenum v1.20.1
    Checking generic-array v0.14.7
    Checking memchr v2.8.2
    Checking serde_core v1.0.228
    Checking aho-corasick v1.1.4
    Checking block-buffer v0.10.4
    Checking crypto-common v0.1.7
    Checking regex-syntax v0.8.11
    Checking regex-automata v0.4.14
    Checking digest v0.10.7
    Checking zmij v1.0.21
    Checking cfg-if v1.0.4
    Checking itoa v1.0.18
    Checking cpufeatures v0.2.17
    Checking sha2 v0.10.9
    Checking serde_json v1.0.150
    Checking serde v1.0.228
    Checking thiserror v1.0.69
    Checking regex v1.12.4
    Checking brain-contracts v0.1.0 (/home/nathanael/.worktrees/brain-k-live-20261007/rust/crates/brain-contracts)
    Finished `dev` profile [unoptimized + debuginfo] target(s) in 29.30s
cargo-slot: EXIT=0
