cargo-slot: Slot 3, optimiert=0
    Checking libc v0.2.186
    Checking cfg-if v1.0.4
    Checking zeroize v1.8.2
    Checking serde_core v1.0.228
    Checking subtle v2.6.1
    Checking typenum v1.20.1
    Checking generic-array v0.14.7
    Checking getrandom v0.2.17
    Checking rand_core v0.6.4
    Checking memchr v2.8.1
    Checking crypto-common v0.1.7
    Checking pin-project-lite v0.2.17
    Checking const-oid v0.9.6
    Checking futures-core v0.3.32
    Checking itoa v1.0.18
    Checking log v0.4.32
    Checking block-buffer v0.10.4
    Checking bytes v1.11.1
    Checking digest v0.10.7
    Checking serde v1.0.228
    Checking futures-sink v0.3.32
    Checking once_cell v1.21.4
    Checking futures-channel v0.3.32
    Checking zerofrom v0.1.8
    Checking cpufeatures v0.2.17
    Checking stable_deref_trait v1.2.1
    Checking yoke v0.8.3
    Checking futures-io v0.3.32
    Checking smallvec v1.15.1
    Checking slab v0.4.12
    Checking futures-task v0.3.32
    Checking errno v0.3.14
    Checking zerovec v0.11.6
    Checking futures-util v0.3.32
    Checking signal-hook-registry v1.4.8
    Checking mio v1.2.1
    Checking socket2 v0.6.4
    Checking rustls-pki-types v1.14.1
    Checking tinystr v0.8.3
    Checking tokio v1.52.3
    Checking tracing-core v0.1.36
    Checking untrusted v0.9.0
    Checking percent-encoding v2.3.2
    Checking writeable v0.6.3
    Checking litemap v0.8.2
    Checking ring v0.17.14
    Checking icu_locale_core v2.2.0
    Checking potential_utf v0.1.5
    Checking zerotrie v0.2.4
    Checking utf8_iter v1.0.4
    Checking tracing v0.1.44
    Checking icu_provider v2.2.0
    Checking icu_collections v2.2.0
    Checking zmij v1.0.21
    Checking http v1.4.2
    Checking form_urlencoded v1.2.2
    Checking serde_json v1.0.150
    Checking icu_normalizer_data v2.2.0
    Checking icu_properties_data v2.2.0
    Checking icu_normalizer v2.2.0
    Checking icu_properties v2.2.0
    Checking num-traits v0.2.19
    Checking idna_adapter v1.2.2
    Checking zerocopy v0.8.52
    Checking scopeguard v1.2.0
    Checking lock_api v0.4.14
    Checking httparse v1.10.1
    Checking idna v1.1.0
    Checking rustls-webpki v0.103.13
    Checking ppv-lite86 v0.2.21
    Checking url v2.5.8
    Checking bitflags v2.13.0
    Checking rustls v0.23.40
    Checking crossbeam-utils v0.8.21
    Checking http-body v1.0.1
    Checking webpki-roots v1.0.7
    Checking hmac v0.12.1
    Checking base64 v0.22.1
    Checking tower-service v0.3.3
    Checking sha2 v0.10.9
    Checking httpdate v1.0.3
    Checking mime v0.3.17
    Checking try-lock v0.2.5
    Checking want v0.3.1
    Checking sync_wrapper v1.0.2
    Checking adler2 v2.0.1
    Checking atomic-waker v1.1.2
    Checking simd-adler32 v0.3.9
    Checking tower-layer v0.3.3
    Checking hyper v1.10.1
    Checking miniz_oxide v0.8.9
    Checking crc32fast v1.5.0
    Checking http-body-util v0.1.3
    Checking thiserror v2.0.18
    Checking socket2 v0.5.10
    Checking ipnet v2.12.0
   Compiling unicase v2.9.0
    Checking hyper-util v0.1.20
    Checking flate2 v1.1.9
   Compiling mime_guess v2.0.5
    Checking tower v0.5.3
    Checking hkdf v0.12.4
    Checking ryu v1.0.23
    Checking compression-core v0.4.33
    Checking serde_urlencoded v0.7.1
    Checking compression-codecs v0.4.45
    Checking thiserror v1.0.69
    Checking tokio-rustls v0.26.4
    Checking rand_chacha v0.3.1
    Checking rand v0.8.6
    Checking async-compression v0.4.50
    Checking tokio-util v0.7.18
    Checking equivalent v1.0.2
    Checking http-range-header v0.4.2
    Checking tower-http v0.6.11
    Checking hyper-rustls v0.27.9
    Checking iana-time-zone v0.1.65
    Checking chrono v0.4.45
    Checking parking_lot_core v0.9.12
    Checking reqwest v0.12.28
    Checking base64ct v1.8.3
    Checking hashbrown v0.17.1
    Checking pem-rfc7468 v0.7.0
    Checking indexmap v2.14.0
    Checking getrandom v0.3.4
    Checking aho-corasick v1.1.4
    Checking regex-syntax v0.8.11
    Checking lazy_static v1.5.0
    Checking regex-automata v0.4.14
    Checking der v0.7.10
    Checking webpki-roots v0.26.11
    Checking either v1.16.0
   Compiling foldhash v0.1.5
    Checking hex v0.4.3
   Compiling allocator-api2 v0.2.21
   Compiling tinyvec_macros v0.1.1
   Compiling hashbrown v0.15.5
   Compiling tinyvec v1.11.0
   Compiling parking_lot v0.12.5
    Checking spki v0.7.3
   Compiling concurrent-queue v2.5.0
   Compiling crc-catalog v2.5.0
   Compiling parking v2.2.1
    Checking byteorder v1.5.0
   Compiling event-listener v5.4.1
   Compiling crc v3.4.0
   Compiling tokio-stream v0.1.18
    Checking pkcs8 v0.10.2
   Compiling futures-intrusive v0.5.0
   Compiling unicode-normalization v0.1.25
   Compiling hashlink v0.10.0
    Checking rand_core v0.9.5
   Compiling crossbeam-queue v0.3.12
    Checking ff v0.13.1
    Checking inout v0.1.4
    Checking base16ct v0.2.0
   Compiling unicode-bidi v0.3.18
   Compiling unicode-properties v0.1.4
   Compiling stringprep v0.1.5
   Compiling sqlx-core v0.8.6
    Checking sec1 v0.7.3
    Checking cipher v0.4.4
    Checking group v0.13.0
   Compiling atoi v2.0.0
   Compiling md-5 v0.10.6
    Checking crypto-bigint v0.5.5
   Compiling dotenvy v0.15.7
   Compiling home v0.5.12
   Compiling whoami v1.6.1
    Checking elliptic-curve v0.13.8
    Checking matchers v0.2.0
   Compiling sqlx-postgres v0.8.6
    Checking sharded-slab v0.1.7
    Checking tracing-log v0.2.0
    Checking thread_local v1.1.9
    Checking nu-ansi-term v0.50.3
    Checking siphasher v1.0.3
    Checking phf_shared v0.12.1
    Checking tracing-subscriber v0.3.23
    Checking rand_chacha v0.9.0
    Checking signature v2.2.0
    Checking universal-hash v0.5.1
    Checking encoding_rs v0.8.35
    Checking opaque-debug v0.3.1
    Checking hax-lib v0.3.6
    Checking tls_codec v0.4.2
   Compiling sqlx-macros-core v0.8.6
    Checking rand v0.9.4
    Checking phf v0.12.1
    Checking spin v0.9.8
    Checking futures-executor v0.3.32
    Checking curve25519-dalek v4.1.3
   Compiling sqlx-macros v0.8.6
    Checking futures v0.3.32
    Checking chrono-tz v0.10.4
    Checking primeorder v0.13.6
    Checking rfc6979 v0.4.0
    Checking rustls-webpki v0.102.8
    Checking serde_spanned v0.6.9
    Checking toml_datetime v0.6.11
    Checking sqlx v0.8.6
    Checking sha1 v0.10.6
    Checking winnow v0.7.15
    Checking toml_write v0.1.2
    Checking data-encoding v2.11.0
    Checking utf-8 v0.7.6
    Checking toml_edit v0.22.27
    Checking rustls v0.22.4
    Checking ecdsa v0.16.9
    Checking nix v0.29.0
    Checking anyhow v1.0.102
    Checking crossbeam-epoch v0.9.20
    Checking openmls_traits v0.5.0
    Checking libcrux-secrets v0.0.5
    Checking polyval v0.6.2
    Checking uplink-infisical-transport v0.1.0 (/home/nathanael/.worktrees/bots-k-live-20261007/rust/vendor/uplink-infisical-transport)
    Checking filedescriptor v0.8.3
    Checking num-integer v0.1.46
    Checking arrayvec v0.7.6
    Checking aead v0.5.2
    Checking instant v0.1.13
    Checking dl-token-secrets v0.1.0 (/home/nathanael/.worktrees/bots-k-live-20261007/rust/crates/dl-token-secrets)
    Checking parking_lot_core v0.8.6
    Checking ghash v0.5.1
    Checking libcrux-traits v0.0.6
    Checking toml v0.8.23
    Checking crossbeam-deque v0.8.7
    Checking p256 v0.13.2
    Checking multer v3.1.0
    Checking libcrux-intrinsics v0.0.6
    Checking poly1305 v0.8.0
    Checking ed25519 v2.2.3
    Checking ctr v0.9.2
    Checking aes v0.8.4
    Checking chacha20 v0.9.1
    Checking hpke-rs-crypto v0.6.1
    Checking axum-core v0.5.6
    Checking serde_path_to_error v0.1.20
    Checking fs2 v0.4.3
    Checking libcrux-platform v0.0.3
    Checking strength_reduce v0.2.4
    Checking powerfmt v0.2.0
    Checking hashbrown v0.14.5
    Checking matchit v0.8.4
    Checking axum v0.8.9
    Checking deranged v0.5.8
    Checking transpose v0.2.3
    Checking libcrux-sha3 v0.0.8
    Checking dl-core v0.1.0 (/home/nathanael/.worktrees/bots-k-live-20261007/rust/crates/dl-core)
    Checking aes-gcm v0.10.3
    Checking chacha20poly1305 v0.10.1
    Checking ed25519-dalek v2.2.0
    Checking rayon-core v1.13.0
    Checking parking_lot v0.11.2
    Checking primal-check v0.3.4
    Checking tungstenite v0.21.0
    Checking tokio-rustls v0.25.0
    Checking p384 v0.13.1
    Checking x25519-dalek v2.0.1
    Checking k256 v0.13.4
    Checking num-complex v0.4.6
    Checking time-core v0.1.8
   Compiling dl-central-db v0.1.0 (/home/nathanael/.worktrees/bots-k-live-20261007/rust/crates/dl-central-db)
    Checking pin-utils v0.1.0
    Checking bytemuck v1.25.2
    Checking no-std-net v0.6.0
    Checking num-conv v0.2.2
    Checking bitflags v1.3.2
    Checking rand_core v0.10.1
    Checking symphonia-core v0.5.5
    Checking hpke-rs-rust-crypto v0.6.1
    Checking time v0.3.47
    Checking pnet_base v0.34.0
    Checking fluvio-wasm-timer v0.2.5
    Checking rustfft v6.4.1
    Checking tokio-tungstenite v0.21.0
    Checking strum v0.17.1
    Checking rayon v1.12.0
    Checking hpke-rs v0.6.1
   Compiling regex v1.12.4
    Checking dashmap v5.5.3
    Checking openmls_memory_storage v0.5.0
    Checking salsa20 v0.10.2
    Checking pbkdf2 v0.12.2
    Checking ordered-float v2.10.1
    Checking serde_cow v0.1.2
    Checking secrecy v0.8.0
    Checking serde_bytes v0.11.19
    Checking typemap_rev v0.3.0
    Checking rustc-hash v2.1.2
    Checking stable-vec v0.4.2
    Checking serenity v0.12.5
    Checking openmls v0.8.1
    Checking hls_m3u8 v0.4.2
    Checking pin-project v1.1.13
    Checking serde-value v0.7.0
    Checking scrypt v0.11.0
    Checking openmls_rust_crypto v0.5.1
    Checking libopus_sys v0.3.3
   Compiling pnet_macros v0.34.0
    Checking realfft v3.5.0
    Checking getrandom v0.4.2
    Checking symphonia-metadata v0.5.5
error: deref which would be done by auto-deref
  --> crates/dl-central-db/src/platform_connections.rs:30:37
   |
30 |     lock_twitch_identity_connection(&mut **tx).await
   |                                     ^^^^^^^^^ help: try: `tx`
   |
   = help: for further information visit https://rust-lang.github.io/rust-clippy/rust-1.97.0/index.html#explicit_auto_deref
   = note: `-D clippy::explicit-auto-deref` implied by `-D warnings`
   = help: to override `-D warnings` add `#[allow(clippy::explicit_auto_deref)]`

error: could not compile `dl-central-db` (lib) due to 1 previous error
warning: build failed, waiting for other jobs to finish...
cargo-slot: EXIT=101
