cargo-slot: Slot 3, optimiert=0
    Checking tokio v1.52.3
   Compiling dbrain-reasoner v0.1.0 (/home/nathanael/.worktrees/brain-k-private-read-20261008/rust/crates/dbrain-reasoner)
    Checking brain-kernel v0.1.0 (/home/nathanael/.worktrees/brain-k-private-read-20261008/rust/crates/brain-kernel)
    Checking tokio-util v0.7.18
    Checking hyper v1.10.1
    Checking tower v0.5.3
    Checking async-compression v0.4.42
    Checking tokio-rustls v0.26.4
    Checking tower-http v0.6.11
    Checking tokio-stream v0.1.18
    Checking sqlx-core v0.8.6
    Checking hyper-util v0.1.20
    Checking tokio-postgres v0.7.18
    Checking hyper-rustls v0.27.9
    Checking sqlx-postgres v0.8.6
    Checking postgres v0.19.14
    Checking reqwest v0.12.28
    Checking axum v0.8.9
    Checking uplink-infisical-transport v0.1.0 (/home/nathanael/.worktrees/Deadlock-Bots/rust/vendor/uplink-infisical-transport)
    Checking uplink-infisical-transport v0.1.1 (/home/nathanael/.worktrees/brain-k-private-read-20261008/rust/vendor/uplink-infisical-transport)
    Checking brain-client v0.1.0 (/home/nathanael/.worktrees/brain-k-private-read-20261008/rust/crates/brain-client)
    Checking brain-providers v0.1.0 (/home/nathanael/.worktrees/brain-k-private-read-20261008/rust/crates/brain-providers)
    Checking sqlx v0.8.6
    Checking tokio-tungstenite v0.28.0
    Checking brain-storage v0.1.0 (/home/nathanael/.worktrees/brain-k-private-read-20261008/rust/crates/brain-storage)
    Checking dl-token-secrets v0.1.0 (/home/nathanael/.worktrees/Deadlock-Bots/rust/crates/dl-token-secrets)
    Checking brain-api v0.1.0 (/home/nathanael/.worktrees/brain-k-private-read-20261008/rust/crates/brain-api)
    Checking dbrain-builds v0.1.0 (/home/nathanael/.worktrees/brain-k-private-read-20261008/rust/crates/dbrain-builds)
    Checking brain-ingestion v0.1.0 (/home/nathanael/.worktrees/brain-k-private-read-20261008/rust/crates/brain-ingestion)
    Checking deadlock-brain-core v0.1.0 (/home/nathanael/.worktrees/brain-k-private-read-20261008/rust/crates/deadlock-brain-core)
    Checking dbrain-normalize v0.1.0 (/home/nathanael/.worktrees/brain-k-private-read-20261008/rust/crates/dbrain-normalize)
    Checking dbrain-population v0.1.0 (/home/nathanael/.worktrees/brain-k-private-read-20261008/rust/crates/dbrain-population)
    Checking dbrain-s12-wiki-probe v0.1.0 (/home/nathanael/.worktrees/brain-k-private-read-20261008/rust/crates/dbrain-wiki)
    Checking dbrain-retrieval v0.1.0 (/home/nathanael/.worktrees/brain-k-private-read-20261008/rust/crates/dbrain-retrieval)
    Checking dbrain-sources v0.1.0 (/home/nathanael/.worktrees/brain-k-private-read-20261008/rust/crates/dbrain-sources)
    Checking brain-feeds v0.1.0 (/home/nathanael/.worktrees/brain-k-private-read-20261008/rust/crates/brain-feeds)
    Checking brain-serve v0.1.0 (/home/nathanael/.worktrees/brain-k-private-read-20261008/rust/crates/brain-serve)
    Finished `dev` profile [unoptimized + debuginfo] target(s) in 1m 34s
cargo-slot: EXIT=0
