cargo-slot: Slot 2, optimiert=0
   Compiling syn v2.0.118
   Compiling libc v0.2.186
   Compiling serde v1.0.228
   Compiling serde_core v1.0.228
   Compiling serde_derive v1.0.228
   Compiling synstructure v0.13.2
   Compiling zerofrom-derive v0.1.7
   Compiling zerofrom v0.1.8
   Compiling yoke-derive v0.8.2
   Compiling memchr v2.8.2
   Compiling bytes v1.12.0
   Compiling zerovec-derive v0.11.3
   Compiling pin-project-lite v0.2.17
   Compiling futures-core v0.3.32
   Compiling displaydoc v0.2.6
   Compiling subtle v2.6.1
   Compiling zerocopy v0.8.52
   Compiling typenum v1.20.1
   Compiling smallvec v1.15.2
   Compiling litemap v0.8.2
   Compiling writeable v0.6.3
   Compiling getrandom v0.2.17
   Compiling utf8_iter v1.0.4
   Compiling stable_deref_trait v1.2.1
   Compiling log v0.4.33
   Compiling errno v0.3.14
   Compiling shlex v2.0.1
   Compiling find-msvc-tools v0.1.9
   Compiling percent-encoding v2.3.2
   Compiling once_cell v1.21.4
   Compiling cc v1.2.65
   Compiling signal-hook-registry v1.4.8
   Compiling mio v1.2.1
   Compiling socket2 v0.6.4
   Compiling ppv-lite86 v0.2.21
   Compiling tokio-macros v2.7.0
   Compiling icu_properties_data v2.2.0
   Compiling futures-task v0.3.32
   Compiling slab v0.4.12
   Compiling icu_normalizer_data v2.2.0
   Compiling futures-io v0.3.32
   Compiling ring v0.17.14
   Compiling tokio v1.52.3
   Compiling yoke v0.8.3
   Compiling rand_core v0.6.4
   Compiling futures-sink v0.3.32
   Compiling zeroize v1.9.0
   Compiling rustls-pki-types v1.14.1
   Compiling rand_chacha v0.3.1
   Compiling untrusted v0.9.0
   Compiling zerovec v0.11.6
   Compiling parking_lot_core v0.9.12
   Compiling rand v0.8.6
   Compiling generic-array v0.14.7
   Compiling futures-macro v0.3.32
   Compiling serde_json v1.0.150
   Compiling tracing-core v0.1.36
   Compiling tracing-attributes v0.1.31
   Compiling futures-util v0.3.32
   Compiling rustls v0.23.41
   Compiling scopeguard v1.2.0
   Compiling lock_api v0.4.14
   Compiling tracing v0.1.44
   Compiling block-buffer v0.10.4
   Compiling crypto-common v0.1.7
   Compiling tinystr v0.8.3
   Compiling base64 v0.22.1
   Compiling icu_locale_core v2.2.0
   Compiling digest v0.10.7
   Compiling potential_utf v0.1.5
   Compiling zerotrie v0.2.4
   Compiling icu_collections v2.2.0
   Compiling icu_provider v2.2.0
   Compiling webpki-roots v1.0.8
   Compiling futures-channel v0.3.32
   Compiling http v1.4.2
   Compiling bitflags v2.13.0
   Compiling autocfg v1.5.1
   Compiling icu_properties v2.2.0
   Compiling num-traits v0.2.19
   Compiling icu_normalizer v2.2.0
   Compiling httparse v1.10.1
   Compiling idna_adapter v1.2.2
   Compiling rustls-webpki v0.103.13
   Compiling http-body v1.0.1
   Compiling form_urlencoded v1.2.2
   Compiling siphasher v1.0.3
   Compiling tinyvec_macros v0.1.1
   Compiling crossbeam-utils v0.8.21
   Compiling tinyvec v1.11.0
   Compiling idna v1.1.0
   Compiling tower-service v0.3.3
   Compiling thiserror v2.0.18
   Compiling url v2.5.8
   Compiling parking_lot v0.12.5
   Compiling unicode-normalization v0.1.25
   Compiling thiserror-impl v2.0.18
   Compiling equivalent v1.0.2
   Compiling iana-time-zone v0.1.65
   Compiling crc32fast v1.5.0
   Compiling try-lock v0.2.5
   Compiling unicode-properties v0.1.4
   Compiling unicode-bidi v0.3.18
   Compiling want v0.3.1
   Compiling stringprep v0.1.5
   Compiling sha2 v0.10.9
   Compiling tokio-util v0.7.18
   Compiling sync_wrapper v1.0.2
   Compiling thiserror-impl v1.0.69
   Compiling simd-adler32 v0.3.9
   Compiling foldhash v0.1.5
   Compiling adler2 v2.0.1
   Compiling httpdate v1.0.3
   Compiling allocator-api2 v0.2.21
   Compiling byteorder v1.5.0
   Compiling tower-layer v0.3.3
   Compiling atomic-waker v1.1.2
   Compiling hashbrown v0.15.5
   Compiling hyper v1.10.1
   Compiling miniz_oxide v0.8.9
   Compiling thiserror v1.0.69
   Compiling concurrent-queue v2.5.0
   Compiling http-body-util v0.1.3
   Compiling hashbrown v0.17.1
   Compiling ipnet v2.12.0
   Compiling parking v2.2.1
   Compiling mime v0.3.17
   Compiling crc-catalog v2.5.0
   Compiling hex v0.4.3
   Compiling crc v3.4.0
   Compiling hyper-util v0.1.20
   Compiling event-listener v5.4.1
   Compiling indexmap v2.14.0
   Compiling flate2 v1.1.9
   Compiling hashlink v0.10.0
   Compiling tower v0.5.3
   Compiling crossbeam-queue v0.3.12
   Compiling webpki-roots v0.26.11
   Compiling aho-corasick v1.1.4
   Compiling compression-core v0.4.32
   Compiling unicase v2.9.0
   Compiling mime_guess v2.0.5
   Compiling compression-codecs v0.4.38
   Compiling regex-automata v0.4.14
   Compiling tokio-stream v0.1.18
   Compiling futures-intrusive v0.5.0
   Compiling regex v1.12.4
   Compiling async-compression v0.4.42
   Compiling hmac v0.12.1
   Compiling chrono v0.4.45
   Compiling either v1.16.0
   Compiling tokio-rustls v0.26.4
   Compiling atoi v2.0.0
   Compiling phf_shared v0.11.3
   Compiling whoami v1.6.1
   Compiling dotenvy v0.15.7
   Compiling ryu v1.0.23
   Compiling home v0.5.12
   Compiling heck v0.5.0
   Compiling serde_urlencoded v0.7.1
   Compiling sqlx-core v0.8.6
   Compiling hyper-rustls v0.27.9
   Compiling hkdf v0.12.4
   Compiling tower-http v0.6.11
   Compiling brain-contracts v0.1.0 (/home/nathanael/.worktrees/brain-k-live-20261007/rust/crates/brain-contracts)
   Compiling md-5 v0.10.6
   Compiling hybrid-array v0.4.13
   Compiling sqlx-postgres v0.8.6
   Compiling reqwest v0.12.28
   Compiling phf_generator v0.11.3
   Compiling cmov v0.5.4
   Compiling ctutils v0.4.2
   Compiling sqlx-macros-core v0.8.6
   Compiling crypto-common v0.2.2
   Compiling block-buffer v0.12.1
   Compiling const-oid v0.10.2
   Compiling getrandom v0.4.3
   Compiling rand_core v0.10.1
   Compiling digest v0.11.3
   Compiling sqlx-macros v0.8.6
   Compiling cfg_aliases v0.2.1
   Compiling anyhow v1.0.102
   Compiling cpufeatures v0.3.0
   Compiling getrandom v0.3.4
   Compiling siphasher v0.3.11
   Compiling nix v0.29.0
   Compiling chacha20 v0.10.1
   Compiling new_debug_unreachable v1.0.6
   Compiling rand v0.10.1
   Compiling phf_shared v0.10.0
   Compiling sha2 v0.11.0
   Compiling hmac v0.13.0
   Compiling md-5 v0.11.0
   Compiling phf_macros v0.11.3
   Compiling uplink-infisical-transport v0.1.0 (/home/nathanael/.worktrees/Deadlock-Bots/rust/vendor/uplink-infisical-transport)
   Compiling filedescriptor v0.8.3
   Compiling fallible-iterator v0.2.0
   Compiling utf-8 v0.7.6
   Compiling utf8parse v0.2.2
   Compiling postgres-protocol v0.6.12
   Compiling phf v0.11.3
   Compiling anstyle-parse v1.0.0
   Compiling phf_generator v0.10.0
   Compiling string_cache_codegen v0.5.4
   Compiling phf_codegen v0.11.3
   Compiling fireworks-model-selection v0.1.0 (/home/nathanael/.worktrees/brain-k-live-20261007/rust/vendor/fireworks-model-selection)
   Compiling phf_shared v0.13.1
   Compiling anstyle-query v1.1.5
   Compiling mac v0.1.1
   Compiling anstyle v1.0.14
   Compiling precomputed-hash v0.1.1
   Compiling colorchoice v1.0.5
   Compiling is_terminal_polyfill v1.70.2
   Compiling futf v0.1.5
   Compiling anstream v1.0.0
   Compiling phf v0.13.1
   Compiling markup5ever v0.12.1
   Compiling phf_codegen v0.10.0
   Compiling postgres-types v0.2.14
   Compiling whoami v2.1.2
   Compiling async-trait v0.1.89
   Compiling strsim v0.11.1
   Compiling dtoa v1.0.11
   Compiling clap_lex v1.1.0
   Compiling clap_builder v4.6.0
   Compiling tokio-postgres v0.7.18
   Compiling dtoa-short v0.3.5
   Compiling selectors v0.25.0
   Compiling tendril v0.4.3
   Compiling string_cache v0.8.9
   Compiling rand_core v0.9.5
   Compiling clap_derive v4.6.1
   Compiling ahash v0.8.12
   Compiling cssparser-macros v0.6.1
   Compiling html5ever v0.27.0
   Compiling cssparser v0.31.2
   Compiling sqlx v0.8.6
   Compiling dbrain-builds v0.1.0 (/home/nathanael/.worktrees/brain-k-live-20261007/rust/crates/dbrain-builds)
   Compiling clap v4.6.1
   Compiling postgres v0.19.14
   Compiling phf v0.10.1
   Compiling rand_chacha v0.9.0
   Compiling fxhash v0.2.1
   Compiling servo_arc v0.3.0
   Compiling derive_more v0.99.20
   Compiling rustix v1.1.4
   Compiling deadlock-brain-core v0.1.0 (/home/nathanael/.worktrees/brain-k-live-20261007/rust/crates/deadlock-brain-core)
   Compiling dbrain-reasoner v0.1.0 (/home/nathanael/.worktrees/brain-k-live-20261007/rust/crates/dbrain-reasoner)
   Compiling unicode-width v0.2.2
   Compiling getopts v0.2.24
   Compiling brain-storage v0.1.0 (/home/nathanael/.worktrees/brain-k-live-20261007/rust/crates/brain-storage)
   Compiling dbrain-normalize v0.1.0 (/home/nathanael/.worktrees/brain-k-live-20261007/rust/crates/dbrain-normalize)
   Compiling dbrain-population v0.1.0 (/home/nathanael/.worktrees/brain-k-live-20261007/rust/crates/dbrain-population)
   Compiling rand v0.9.4
   Compiling sha1 v0.10.6
   Compiling ego-tree v0.6.3
   Compiling data-encoding v2.11.1
   Compiling linux-raw-sys v0.12.1
   Compiling tungstenite v0.28.0
   Compiling scraper v0.20.0
   Compiling brain-policy v0.1.0 (/home/nathanael/.worktrees/brain-k-live-20261007/rust/crates/brain-policy)
   Compiling axum-core v0.5.6
   Compiling serde_path_to_error v0.1.20
   Compiling matchit v0.8.4
   Compiling fastrand v2.4.1
   Compiling axum v0.8.9
   Compiling tempfile v3.27.0
   Compiling brain-kernel v0.1.0 (/home/nathanael/.worktrees/brain-k-live-20261007/rust/crates/brain-kernel)
   Compiling tokio-tungstenite v0.28.0
   Compiling dbrain-s12-wiki-probe v0.1.0 (/home/nathanael/.worktrees/brain-k-live-20261007/rust/crates/dbrain-wiki)
   Compiling uplink-infisical-transport v0.1.1 (/home/nathanael/.worktrees/brain-k-live-20261007/rust/vendor/uplink-infisical-transport)
   Compiling roxmltree v0.20.0
   Compiling brain-api v0.1.0 (/home/nathanael/.worktrees/brain-k-live-20261007/rust/crates/brain-api)
   Compiling dl-token-secrets v0.1.0 (/home/nathanael/.worktrees/Deadlock-Bots/rust/crates/dl-token-secrets)
   Compiling brain-providers v0.1.0 (/home/nathanael/.worktrees/brain-k-live-20261007/rust/crates/brain-providers)
   Compiling brain-client v0.1.0 (/home/nathanael/.worktrees/brain-k-live-20261007/rust/crates/brain-client)
   Compiling brain-ingestion v0.1.0 (/home/nathanael/.worktrees/brain-k-live-20261007/rust/crates/brain-ingestion)
   Compiling wait-timeout v0.2.1
   Compiling dbrain-retrieval v0.1.0 (/home/nathanael/.worktrees/brain-k-live-20261007/rust/crates/dbrain-retrieval)
   Compiling dbrain-sources v0.1.0 (/home/nathanael/.worktrees/brain-k-live-20261007/rust/crates/dbrain-sources)
   Compiling brain-serve v0.1.0 (/home/nathanael/.worktrees/brain-k-live-20261007/rust/crates/brain-serve)
error[E0063]: missing field `answer_context` in initializer of `brain_contracts::Query`
   --> crates/brain-serve/src/analytics.rs:757:9
    |
757 |         Query {
    |         ^^^^^ missing `answer_context`

For more information about this error, try `rustc --explain E0063`.
error: could not compile `brain-serve` (lib test) due to 1 previous error
warning: build failed, waiting for other jobs to finish...
cargo-slot: EXIT=101
