cargo-slot: Slot 2, optimiert=1
   Compiling proc-macro2 v1.0.106
   Compiling unicode-ident v1.0.24
   Compiling quote v1.0.45
   Compiling libc v0.2.186
   Compiling syn v2.0.117
   Compiling cfg-if v1.0.4
   Compiling serde v1.0.228
   Compiling zeroize_derive v1.5.0
   Compiling serde_derive v1.0.228
   Compiling zeroize v1.8.2
   Compiling serde_core v1.0.228
   Compiling getrandom v0.2.17
   Compiling version_check v0.9.5
   Compiling subtle v2.6.1
   Compiling generic-array v0.14.7
   Compiling rand_core v0.6.4
   Compiling typenum v1.20.1
   Compiling synstructure v0.13.2
   Compiling crypto-common v0.1.7
   Compiling zerovec-derive v0.11.3
   Compiling zerofrom-derive v0.1.7
   Compiling yoke-derive v0.8.2
   Compiling find-msvc-tools v0.1.9
   Compiling shlex v2.0.1
   Compiling cc v1.2.63
   Compiling memchr v2.8.1
   Compiling displaydoc v0.2.6
   Compiling pin-project-lite v0.2.17
   Compiling const-oid v0.9.6
   Compiling smallvec v1.15.1
   Compiling log v0.4.32
   Compiling itoa v1.0.18
   Compiling futures-core v0.3.32
   Compiling ring v0.17.14
   Compiling block-buffer v0.10.4
   Compiling digest v0.10.7
   Compiling icu_properties_data v2.2.0
   Compiling bytes v1.11.1
   Compiling icu_normalizer_data v2.2.0
   Compiling autocfg v1.5.1
   Compiling futures-sink v0.3.32
   Compiling once_cell v1.21.4
   Compiling zmij v1.0.21
   Compiling zerofrom v0.1.8
   Compiling stable_deref_trait v1.2.1
   Compiling cpufeatures v0.2.17
   Compiling yoke v0.8.3
   Compiling futures-channel v0.3.32
   Compiling zerocopy v0.8.52
   Compiling tracing-attributes v0.1.31
   Compiling futures-macro v0.3.32
   Compiling errno v0.3.14
   Compiling futures-io v0.3.32
   Compiling futures-task v0.3.32
   Compiling slab v0.4.12
   Compiling signal-hook-registry v1.4.8
   Compiling futures-util v0.3.32
   Compiling zerovec v0.11.6
   Compiling tokio-macros v2.7.0
   Compiling mio v1.2.1
   Compiling socket2 v0.6.4
   Compiling tokio v1.52.3
   Compiling rustls-pki-types v1.14.1
   Compiling tinystr v0.8.3
   Compiling tracing-core v0.1.36
   Compiling untrusted v0.9.0
   Compiling percent-encoding v2.3.2
   Compiling rustls v0.23.40
   Compiling litemap v0.8.2
   Compiling writeable v0.6.3
   Compiling icu_locale_core v2.2.0
   Compiling potential_utf v0.1.5
   Compiling zerotrie v0.2.4
   Compiling serde_json v1.0.150
   Compiling utf8_iter v1.0.4
   Compiling icu_collections v2.2.0
   Compiling icu_provider v2.2.0
   Compiling tracing v0.1.44
   Compiling num-traits v0.2.19
   Compiling form_urlencoded v1.2.2
   Compiling http v1.4.2
   Compiling icu_normalizer v2.2.0
   Compiling icu_properties v2.2.0
   Compiling thiserror v2.0.18
   Compiling idna_adapter v1.2.2
   Compiling httparse v1.10.1
   Compiling idna v1.1.0
   Compiling ppv-lite86 v0.2.21
   Compiling thiserror-impl v2.0.18
   Compiling crossbeam-utils v0.8.21
   Compiling url v2.5.8
   Compiling rustls-webpki v0.103.13
   Compiling parking_lot_core v0.9.12
   Compiling http-body v1.0.1
   Compiling webpki-roots v1.0.7
   Compiling hmac v0.12.1
   Compiling base64 v0.22.1
   Compiling bitflags v2.13.0
   Compiling tower-service v0.3.3
   Compiling sha2 v0.10.9
   Compiling try-lock v0.2.5
   Compiling httpdate v1.0.3
   Compiling crc32fast v1.5.0
   Compiling scopeguard v1.2.0
   Compiling lock_api v0.4.14
   Compiling want v0.3.1
   Compiling sync_wrapper v1.0.2
   Compiling simd-adler32 v0.3.9
   Compiling tower-layer v0.3.3
   Compiling mime v0.3.17
   Compiling adler2 v2.0.1
   Compiling atomic-waker v1.1.2
   Compiling miniz_oxide v0.8.9
   Compiling hyper v1.10.1
   Compiling http-body-util v0.1.3
   Compiling socket2 v0.5.10
   Compiling unicase v2.9.0
   Compiling ipnet v2.12.0
   Compiling thiserror v1.0.69
   Compiling mime_guess v2.0.5
   Compiling flate2 v1.1.9
   Compiling tower v0.5.3
   Compiling hkdf v0.12.4
   Compiling thiserror-impl v1.0.69
   Compiling hyper-util v0.1.20
   Compiling compression-core v0.4.33
   Compiling ryu v1.0.23
   Compiling serde_urlencoded v0.7.1
   Compiling compression-codecs v0.4.45
   Compiling tokio-rustls v0.26.4
   Compiling rand_chacha v0.3.1
   Compiling getrandom v0.3.4
   Compiling base64ct v1.8.3
   Compiling syn v1.0.109
   Compiling pem-rfc7468 v0.7.0
   Compiling rand v0.8.6
   Compiling async-compression v0.4.50
   Compiling tokio-util v0.7.18
   Compiling equivalent v1.0.2
   Compiling http-range-header v0.4.2
   Compiling tower-http v0.6.11
   Compiling der v0.7.10
   Compiling hyper-rustls v0.27.9
   Compiling iana-time-zone v0.1.65
   Compiling chrono v0.4.45
   Compiling reqwest v0.12.28
   Compiling spki v0.7.3
   Compiling hashbrown v0.17.1
   Compiling indexmap v2.14.0
   Compiling pkcs8 v0.10.2
   Compiling rand_core v0.9.5
   Compiling aho-corasick v1.1.4
   Compiling inout v0.1.4
   Compiling ff v0.13.1
   Compiling base16ct v0.2.0
   Compiling lazy_static v1.5.0
   Compiling regex-syntax v0.8.11
   Compiling regex-automata v0.4.14
   Compiling sec1 v0.7.3
   Compiling group v0.13.0
   Compiling cipher v0.4.4
   Compiling webpki-roots v0.26.11
   Compiling either v1.16.0
   Compiling crypto-bigint v0.5.5
   Compiling semver v1.0.28
   Compiling hex v0.4.3
   Compiling foldhash v0.1.5
   Compiling tinyvec_macros v0.1.1
   Compiling allocator-api2 v0.2.21
   Compiling tinyvec v1.11.0
   Compiling hashbrown v0.15.5
   Compiling rustc_version v0.4.1
   Compiling elliptic-curve v0.13.8
   Compiling parking_lot v0.12.5
   Compiling concurrent-queue v2.5.0
   Compiling byteorder v1.5.0
   Compiling crc-catalog v2.5.0
   Compiling parking v2.2.1
   Compiling hax-lib v0.3.6
   Compiling event-listener v5.4.1
   Compiling crc v3.4.0
   Compiling futures-intrusive v0.5.0
   Compiling tokio-stream v0.1.18
   Compiling curve25519-dalek v4.1.3
   Compiling hashlink v0.10.0
   Compiling unicode-normalization v0.1.25
   Compiling rand_chacha v0.9.0
   Compiling crossbeam-queue v0.3.12
   Compiling signature v2.2.0
   Compiling universal-hash v0.5.1
   Compiling hax-lib-macros v0.3.6
   Compiling tls_codec_derive v0.4.2
   Compiling unicode-properties v0.1.4
   Compiling unicode-bidi v0.3.18
   Compiling opaque-debug v0.3.1
   Compiling cfg_aliases v0.2.1
   Compiling stringprep v0.1.5
   Compiling nix v0.29.0
   Compiling sqlx-core v0.8.6
   Compiling tls_codec v0.4.2
   Compiling rand v0.9.4
   Compiling atoi v2.0.0
   Compiling md-5 v0.10.6
   Compiling futures-executor v0.3.32
   Compiling curve25519-dalek-derive v0.1.1
   Compiling home v0.5.12
   Compiling anyhow v1.0.102
   Compiling fnv v1.0.7
   Compiling crossbeam-epoch v0.9.20
   Compiling strsim v0.9.3
   Compiling dotenvy v0.15.7
   Compiling ident_case v1.0.1
   Compiling whoami v1.6.1
   Compiling rustls v0.22.4
   Compiling sqlx-postgres v0.8.6
   Compiling darling_core v0.10.2
   Compiling futures v0.3.32
   Compiling primeorder v0.13.6
   Compiling matchers v0.2.0
   Compiling sharded-slab v0.1.7
   Compiling rfc6979 v0.4.0
   Compiling rustls-webpki v0.102.8
   Compiling tracing-log v0.2.0
   Compiling sha1 v0.10.6
   Compiling toml_datetime v0.6.11
   Compiling serde_spanned v0.6.9
   Compiling thread_local v1.1.9
   Compiling data-encoding v2.11.0
   Compiling nu-ansi-term v0.50.3
   Compiling utf-8 v0.7.6
   Compiling siphasher v1.0.3
   Compiling toml_write v0.1.2
   Compiling parking_lot_core v0.8.6
   Compiling heck v0.5.0
   Compiling crossbeam-deque v0.8.7
   Compiling winnow v0.7.15
   Compiling libcrux-intrinsics v0.0.6
   Compiling toml_edit v0.22.27
   Compiling sqlx-macros-core v0.8.6
   Compiling phf_shared v0.12.1
   Compiling tracing-subscriber v0.3.23
   Compiling ecdsa v0.16.9
   Compiling darling_macro v0.10.2
   Compiling libcrux-secrets v0.0.5
   Compiling openmls_traits v0.5.0
   Compiling polyval v0.6.2
   Compiling uplink-infisical-transport v0.1.0 (/home/nathanael/.worktrees/bots-k-live-20261007/rust/vendor/uplink-infisical-transport)
   Compiling filedescriptor v0.8.3
   Compiling num-integer v0.1.46
   Compiling aead v0.5.2
   Compiling arrayvec v0.7.6
   Compiling async-trait v0.1.89
   Compiling instant v0.1.13
   Compiling unicode-segmentation v1.13.3
   Compiling chrono-tz v0.10.4
   Compiling libcrux-sha3 v0.0.8
   Compiling rayon-core v1.13.0
   Compiling heck v0.3.3
   Compiling dl-token-secrets v0.1.0 (/home/nathanael/.worktrees/bots-k-live-20261007/rust/crates/dl-token-secrets)
   Compiling ghash v0.5.1
   Compiling libcrux-traits v0.0.6
   Compiling darling v0.10.2
   Compiling p256 v0.13.2
   Compiling toml v0.8.23
   Compiling phf v0.12.1
   Compiling sqlx-macros v0.8.6
   Compiling poly1305 v0.8.0
   Compiling ed25519 v2.2.3
   Compiling ctr v0.9.2
   Compiling aes v0.8.4
   Compiling chacha20 v0.9.1
   Compiling hpke-rs-crypto v0.6.1
   Compiling hashmap_derive v0.1.0
   Compiling axum-core v0.5.6
   Compiling serde_path_to_error v0.1.20
   Compiling cmake v0.1.58
   Compiling fs2 v0.4.3
   Compiling libcrux-platform v0.0.3
   Compiling derive_builder v0.9.0
   Compiling powerfmt v0.2.0
   Compiling matchit v0.8.4
   Compiling strength_reduce v0.2.4
   Compiling pkg-config v0.3.33
   Compiling hashbrown v0.14.5
   Compiling libopus_sys v0.3.3
   Compiling transpose v0.2.3
   Compiling axum v0.8.9
   Compiling deranged v0.5.8
   Compiling dl-core v0.1.0 (/home/nathanael/.worktrees/bots-k-live-20261007/rust/crates/dl-core)
   Compiling sqlx v0.8.6
   Compiling from_map v0.1.0
   Compiling chacha20poly1305 v0.10.1
   Compiling aes-gcm v0.10.3
   Compiling ed25519-dalek v2.2.0
   Compiling derive_builder_core v0.9.0
   Compiling parking_lot v0.11.2
   Compiling strum_macros v0.17.1
   Compiling primal-check v0.3.4
   Compiling tungstenite v0.21.0
   Compiling tokio-rustls v0.25.0
   Compiling p384 v0.13.1
   Compiling x25519-dalek v2.0.1
   Compiling k256 v0.13.4
   Compiling num-complex v0.4.6
   Compiling serenity v0.12.5
   Compiling bitflags v1.3.2
   Compiling num-conv v0.2.2
   Compiling time-core v0.1.8
   Compiling pin-utils v0.1.0
   Compiling convert_case v0.4.0
   Compiling dl-central-db v0.1.0 (/home/nathanael/.worktrees/bots-k-live-20261007/rust/crates/dl-central-db)
   Compiling getrandom v0.4.2
   Compiling no-std-net v0.6.0
   Compiling rand_core v0.10.1
   Compiling bytemuck v1.25.2
   Compiling hpke-rs-rust-crypto v0.6.1
   Compiling symphonia-core v0.5.5
   Compiling pnet_base v0.34.0
   Compiling fluvio-wasm-timer v0.2.5
   Compiling derive_more v0.99.20
   Compiling time v0.3.47
   Compiling rustfft v6.4.1
   Compiling tokio-tungstenite v0.21.0
   Compiling strum v0.17.1
   Compiling rayon v1.12.0
   Compiling shorthand v0.1.1
   Compiling hpke-rs v0.6.1
   Compiling regex v1.12.4
   Compiling dashmap v5.5.3
   Compiling openmls_memory_storage v0.5.0
   Compiling salsa20 v0.10.2
   Compiling pbkdf2 v0.12.2
   Compiling ordered-float v2.10.1
   Compiling secrecy v0.8.0
   Compiling serde_cow v0.1.2
   Compiling serde_bytes v0.11.19
   Compiling pin-project-internal v1.1.13
   Compiling encoding_rs v0.8.35
   Compiling syn v3.0.0
   Compiling typemap_rev v0.3.0
   Compiling rustc-hash v2.1.2
   Compiling stable-vec v0.4.2
   Compiling hls_m3u8 v0.4.2
   Compiling serde_repr v0.1.21
   Compiling symphonia-metadata v0.5.5
   Compiling pin-project v1.1.13
   Compiling openmls v0.8.1
   Compiling serde-value v0.7.0
   Compiling scrypt v0.11.0
   Compiling openmls_rust_crypto v0.5.1
   Compiling pnet_macros v0.34.0
   Compiling realfft v3.5.0
   Compiling pnet_macros_support v0.34.0
   Compiling openmls_basic_credential v0.5.0
   Compiling tungstenite v0.26.2
   Compiling spin v0.9.8
   Compiling patricia_tree v0.8.0
   Compiling crossbeam-channel v0.5.16
   Compiling nanorand v0.7.0
   Compiling num-derive v0.4.2
   Compiling enum-map-derive v0.17.0
   Compiling num_cpus v1.17.0
   Compiling hex-literal v0.3.4
   Compiling songbird v0.6.0
   Compiling davey v0.1.4
   Compiling rusty_pool v0.7.0
   Compiling enum-map v2.7.3
   Compiling flume v0.11.1
   Compiling stream_lib v0.5.2
   Compiling tokio-tungstenite v0.26.2
   Compiling discortp v0.6.0
   Compiling uuid v1.24.0
   Compiling rubato v0.16.2
   Compiling serde-aux v4.7.0
   Compiling tracing-futures v0.2.5
   Compiling symphonia v0.5.5
   Compiling serenity-voice-model v0.3.0
   Compiling opus2 v0.4.0
   Compiling dashmap v6.2.1
   Compiling derivative v2.2.0
   Compiling ringbuf v0.4.8
   Compiling streamcatcher v1.0.1
   Compiling nohash-hasher v0.2.0
   Compiling nonmax v0.5.5
   Compiling dl-broker v0.1.0 (/home/nathanael/.worktrees/bots-k-live-20261007/rust/crates/dl-broker)
   Compiling dl-changelog v0.1.0 (/home/nathanael/.worktrees/bots-k-live-20261007/rust/crates/dl-changelog)
   Compiling fireworks-model-selection v0.1.0 (/home/nathanael/.worktrees/bots-k-live-20261007/rust/vendor/fireworks-model-selection)
   Compiling dl-webcore v0.1.0 (/home/nathanael/.worktrees/bots-k-live-20261007/rust/crates/dl-webcore)
   Compiling dl-stats v0.1.0 (/home/nathanael/.worktrees/bots-k-live-20261007/rust/crates/dl-stats)
   Compiling brain-contracts v0.1.0 (https://github.com/EarlySalty/Deadlock-Brain.git?rev=baf981f9146e69c9a2d270c915f45a444a2ed490#baf981f9)
   Compiling dl-discord v0.1.0 (/home/nathanael/.worktrees/bots-k-live-20261007/rust/crates/dl-discord)
   Compiling uplink-infisical-transport v0.1.1 (https://github.com/EarlySalty/Deadlock-Brain.git?rev=baf981f9146e69c9a2d270c915f45a444a2ed490#baf981f9)
   Compiling brain-client v0.1.0 (https://github.com/EarlySalty/Deadlock-Brain.git?rev=baf981f9146e69c9a2d270c915f45a444a2ed490#baf981f9)
   Compiling hound v3.5.1
   Compiling dl-brain v0.1.0 (/home/nathanael/.worktrees/bots-k-live-20261007/rust/crates/dl-brain)
   Compiling dl-server-as-code v0.1.0 (/home/nathanael/.worktrees/bots-k-live-20261007/rust/crates/dl-server-as-code)
   Compiling dl-bridges v0.1.0 (/home/nathanael/.worktrees/bots-k-live-20261007/rust/crates/dl-bridges)
   Compiling dl-ai v0.1.0 (/home/nathanael/.worktrees/bots-k-live-20261007/rust/crates/dl-ai)
   Compiling dl-answer v0.1.0 (/home/nathanael/.worktrees/bots-k-live-20261007/rust/crates/dl-answer)
   Compiling dl-activity v0.1.0 (/home/nathanael/.worktrees/bots-k-live-20261007/rust/crates/dl-activity)
   Compiling dl-squads v0.1.0 (/home/nathanael/.worktrees/bots-k-live-20261007/rust/crates/dl-squads)
   Compiling dl-moderation v0.1.0 (/home/nathanael/.worktrees/bots-k-live-20261007/rust/crates/dl-moderation)
   Compiling dl-community v0.1.0 (/home/nathanael/.worktrees/bots-k-live-20261007/rust/crates/dl-community)
   Compiling dl-voice v0.1.0 (/home/nathanael/.worktrees/bots-k-live-20261007/rust/crates/dl-voice)
   Compiling dl-bot v0.1.0 (/home/nathanael/.worktrees/bots-k-live-20261007/rust/bin/dl-bot)
    Finished `release` profile [optimized] target(s) in 17m 11s
cargo-slot: EXIT=0
