cargo-slot: Slot 2, optimiert=0
    Checking brain-contracts v0.1.0 (/home/nathanael/.worktrees/brain-g-v2-20261007/rust/crates/brain-contracts)
    Checking fireworks-model-selection v0.1.0 (/home/nathanael/.worktrees/brain-g-v2-20261007/rust/vendor/fireworks-model-selection)
   Compiling dbrain-reasoner v0.1.0 (/home/nathanael/.worktrees/brain-g-v2-20261007/rust/crates/dbrain-reasoner)
    Checking brain-storage v0.1.0 (/home/nathanael/.worktrees/brain-g-v2-20261007/rust/crates/brain-storage)
    Checking dbrain-builds v0.1.0 (/home/nathanael/.worktrees/brain-g-v2-20261007/rust/crates/dbrain-builds)
    Checking deadlock-brain-core v0.1.0 (/home/nathanael/.worktrees/brain-g-v2-20261007/rust/crates/deadlock-brain-core)
    Checking dbrain-population v0.1.0 (/home/nathanael/.worktrees/brain-g-v2-20261007/rust/crates/dbrain-population)
    Checking dbrain-normalize v0.1.0 (/home/nathanael/.worktrees/brain-g-v2-20261007/rust/crates/dbrain-normalize)
    Checking dbrain-retrieval v0.1.0 (/home/nathanael/.worktrees/brain-g-v2-20261007/rust/crates/dbrain-retrieval)
error: items after a test module
   --> crates/dbrain-retrieval/src/release_port.rs:510:1
    |
510 |   mod cache_scope_tests {
    |   ^^^^^^^^^^^^^^^^^^^^^
...
598 | / fn effective_head(
599 | |     record: &SourceRecordV2,
600 | |     head: Option<&DocumentHead>,
601 | |     query: &Query,
602 | |     context: &AuthorizedContext,
603 | |     provider: bool,
604 | | ) -> Result<Option<DocumentHead>, PortError> {
    | |____________________________________________^
...
641 | / pub fn pack(
642 | |     query: &Query,
643 | |     context: &AuthorizedContext,
644 | |     hits: Vec<Evidence>,
645 | | ) -> Result<Vec<Evidence>, PortError> {
    | |_____________________________________^
...
662 |   pub(crate) fn invalid(message: &str) -> PortError {
    |   ^^^^^^^^^^^^^^^^^^^^^^^^^^^^^^^^^^^^^^^^^^^^^^^^^
...
665 |   fn denied(message: &str) -> PortError {
    |   ^^^^^^^^^^^^^^^^^^^^^^^^^^^^^^^^^^^^^
    |
    = help: for further information visit https://rust-lang.github.io/rust-clippy/rust-1.99.0/index.html#items_after_test_module
    = note: `-D clippy::items-after-test-module` implied by `-D warnings`
    = help: to override `-D warnings` add `#[allow(clippy::items_after_test_module)]`
    = help: move the items to before the test module was defined

error: could not compile `dbrain-retrieval` (lib test) due to 1 previous error
warning: build failed, waiting for other jobs to finish...
cargo-slot: EXIT=101
