cargo-slot: Slot 3, optimiert=0
   Compiling proc-macro2 v1.0.106
   Compiling unicode-ident v1.0.24
   Compiling quote v1.0.46
   Compiling cfg-if v1.0.4
   Compiling libc v0.2.186
   Compiling syn v2.0.118
   Compiling serde v1.0.228
   Compiling serde_derive v1.0.228
   Compiling synstructure v0.13.2
   Compiling zerofrom-derive v0.1.7
   Compiling zerofrom v0.1.8
   Compiling yoke-derive v0.8.2
   Compiling serde_core v1.0.228
   Compiling zerovec-derive v0.11.3
   Compiling displaydoc v0.2.6
   Compiling version_check v0.9.5
   Compiling zerocopy v0.8.52
   Compiling bytes v1.12.0
   Compiling pin-project-lite v0.2.17
   Compiling memchr v2.8.2
   Compiling getrandom v0.2.17
   Compiling itoa v1.0.18
   Compiling futures-core v0.3.32
   Compiling ppv-lite86 v0.2.21
   Compiling generic-array v0.14.7
   Compiling litemap v0.8.2
   Compiling smallvec v1.15.2
   Compiling subtle v2.6.1
   Compiling writeable v0.6.3
   Compiling typenum v1.20.1
   Compiling rand_core v0.6.4
   Compiling utf8_iter v1.0.4
   Compiling stable_deref_trait v1.2.1
   Compiling rand_chacha v0.3.1
   Compiling shlex v2.0.1
   Compiling find-msvc-tools v0.1.9
   Compiling rand v0.8.6
   Compiling cc v1.2.65
   Compiling icu_normalizer_data v2.2.0
   Compiling icu_properties_data v2.2.0
   Compiling parking_lot_core v0.9.12
   Compiling ring v0.17.14
   Compiling percent-encoding v2.3.2
   Compiling once_cell v1.21.4
   Compiling yoke v0.8.3
   Compiling errno v0.3.14
   Compiling zeroize v1.9.0
   Compiling zmij v1.0.21
   Compiling scopeguard v1.2.0
   Compiling siphasher v1.0.3
   Compiling log v0.4.33
   Compiling lock_api v0.4.14
   Compiling rustls-pki-types v1.14.1
   Compiling signal-hook-registry v1.4.8
   Compiling tokio-macros v2.7.0
   Compiling socket2 v0.6.4
   Compiling mio v1.2.1
   Compiling futures-io v0.3.32
   Compiling futures-task v0.3.32
   Compiling untrusted v0.9.0
   Compiling slab v0.4.12
   Compiling tokio v1.52.3
   Compiling zerovec v0.11.6
   Compiling futures-sink v0.3.32
   Compiling rustls v0.23.41
   Compiling autocfg v1.5.1
   Compiling num-traits v0.2.19
   Compiling tinystr v0.8.3
   Compiling icu_locale_core v2.2.0
   Compiling potential_utf v0.1.5
   Compiling zerotrie v0.2.4
   Compiling tracing-core v0.1.36
   Compiling tracing-attributes v0.1.31
   Compiling serde_json v1.0.150
   Compiling crossbeam-utils v0.8.21
   Compiling tinyvec_macros v0.1.1
   Compiling tracing v0.1.44
   Compiling tinyvec v1.11.0
   Compiling icu_provider v2.2.0
   Compiling icu_collections v2.2.0
   Compiling futures-util v0.3.32
   Compiling webpki-roots v1.0.8
   Compiling base64 v0.22.1
   Compiling parking_lot v0.12.5
   Compiling unicode-normalization v0.1.25
   Compiling block-buffer v0.10.4
   Compiling crypto-common v0.1.7
   Compiling hybrid-array v0.4.13
   Compiling bitflags v2.13.0
   Compiling unicode-properties v0.1.4
   Compiling cpufeatures v0.2.17
   Compiling unicode-bidi v0.3.18
   Compiling equivalent v1.0.2
   Compiling iana-time-zone v0.1.65
   Compiling stringprep v0.1.5
   Compiling digest v0.10.7
   Compiling icu_properties v2.2.0
   Compiling icu_normalizer v2.2.0
   Compiling futures-channel v0.3.32
   Compiling thiserror v2.0.18
   Compiling allocator-api2 v0.2.21
   Compiling foldhash v0.1.5
   Compiling byteorder v1.5.0
   Compiling cmov v0.5.4
   Compiling hashbrown v0.15.5
   Compiling ctutils v0.4.2
   Compiling idna_adapter v1.2.2
   Compiling rustls-webpki v0.103.13
   Compiling crypto-common v0.2.2
   Compiling block-buffer v0.12.1
   Compiling concurrent-queue v2.5.0
   Compiling form_urlencoded v1.2.2
   Compiling thiserror-impl v2.0.18
   Compiling parking v2.2.1
   Compiling const-oid v0.10.2
   Compiling hashbrown v0.17.1
   Compiling rand_core v0.10.1
   Compiling crc-catalog v2.5.0
   Compiling getrandom v0.4.3
   Compiling crc v3.4.0
   Compiling indexmap v2.14.0
   Compiling digest v0.11.3
   Compiling event-listener v5.4.1
   Compiling idna v1.1.0
   Compiling hashlink v0.10.0
   Compiling crossbeam-queue v0.3.12
   Compiling webpki-roots v0.26.11
   Compiling phf_shared v0.11.3
   Compiling http v1.4.2
   Compiling cpufeatures v0.3.0
   Compiling crc32fast v1.5.0
   Compiling http-body v1.0.1
   Compiling url v2.5.8
   Compiling adler2 v2.0.1
   Compiling simd-adler32 v0.3.9
   Compiling httparse v1.10.1
   Compiling miniz_oxide v0.8.9
   Compiling futures-intrusive v0.5.0
   Compiling tokio-stream v0.1.18
   Compiling chacha20 v0.10.1
   Compiling phf_generator v0.11.3
   Compiling sha2 v0.10.9
   Compiling hmac v0.12.1
   Compiling chrono v0.4.45
   Compiling atoi v2.0.0
   Compiling either v1.16.0
   Compiling tokio-util v0.7.18
   Compiling whoami v1.6.1
   Compiling tower-service v0.3.3
   Compiling home v0.5.12
   Compiling hex v0.4.3
   Compiling heck v0.5.0
   Compiling dotenvy v0.15.7
   Compiling try-lock v0.2.5
   Compiling sqlx-core v0.8.6
   Compiling want v0.3.1
   Compiling hkdf v0.12.4
   Compiling rand v0.10.1
   Compiling flate2 v1.1.9
   Compiling sha2 v0.11.0
   Compiling hmac v0.13.0
   Compiling md-5 v0.11.0
   Compiling md-5 v0.10.6
   Compiling compression-core v0.4.32
   Compiling thiserror v1.0.69
   Compiling fallible-iterator v0.2.0
   Compiling atomic-waker v1.1.2
   Compiling hyper v1.10.1
   Compiling postgres-protocol v0.6.12
   Compiling sqlx-postgres v0.8.6
   Compiling compression-codecs v0.4.38
   Compiling phf_shared v0.13.1
   Compiling sync_wrapper v1.0.2
   Compiling aho-corasick v1.1.4
   Compiling thiserror-impl v1.0.69
   Compiling ipnet v2.12.0
   Compiling siphasher v0.3.11
   Compiling regex-syntax v0.8.11
   Compiling tower-layer v0.3.3
   Compiling tower v0.5.3
   Compiling regex-automata v0.4.14
   Compiling hyper-util v0.1.20
   Compiling sqlx-macros-core v0.8.6
   Compiling phf v0.13.1
   Compiling async-compression v0.4.42
   Compiling postgres-types v0.2.14
   Compiling http-body-util v0.1.3
   Compiling tokio-rustls v0.26.4
   Compiling async-trait v0.1.89
   Compiling whoami v2.1.2
   Compiling anyhow v1.0.102
   Compiling ryu v1.0.23
   Compiling serde_urlencoded v0.7.1
   Compiling tokio-postgres v0.7.18
   Compiling hyper-rustls v0.27.9
   Compiling tower-http v0.6.11
   Compiling sqlx-macros v0.8.6
   Compiling regex v1.12.4
   Compiling new_debug_unreachable v1.0.6
   Compiling cfg_aliases v0.2.1
   Compiling nix v0.29.0
   Compiling sqlx v0.8.6
   Compiling brain-contracts v0.1.0 (/tmp/brain-g-v-baseline-bf899cce-20261008/rust/crates/brain-contracts)
   Compiling reqwest v0.12.28
   Compiling postgres v0.19.14
   Compiling phf_shared v0.10.0
   Compiling phf_macros v0.11.3
   Compiling utf8parse v0.2.2
   Compiling anstyle-parse v1.0.0
   Compiling phf v0.11.3
   Compiling phf_generator v0.10.0
   Compiling phf_codegen v0.11.3
   Compiling string_cache_codegen v0.5.4
   Compiling brain-storage v0.1.0 (/tmp/brain-g-v-baseline-bf899cce-20261008/rust/crates/brain-storage)
   Compiling is_terminal_polyfill v1.70.2
   Compiling precomputed-hash v0.1.1
   Compiling mac v0.1.1
   Compiling colorchoice v1.0.5
   Compiling anstyle v1.0.14
   Compiling anstyle-query v1.1.5
   Compiling anstream v1.0.0
   Compiling futf v0.1.5
   Compiling markup5ever v0.12.1
   Compiling phf_codegen v0.10.0
   Compiling uplink-infisical-transport v0.1.0 (/tmp/Deadlock-Bots/rust/vendor/uplink-infisical-transport)
   Compiling filedescriptor v0.8.3
   Compiling fireworks-model-selection v0.1.0 (/tmp/brain-g-v-baseline-bf899cce-20261008/rust/vendor/fireworks-model-selection)
   Compiling utf-8 v0.7.6
   Compiling dtoa v1.0.11
   Compiling clap_lex v1.1.0
   Compiling getrandom v0.3.4
   Compiling strsim v0.11.1
   Compiling clap_builder v4.6.0
   Compiling dtoa-short v0.3.5
   Compiling tendril v0.4.3
   Compiling selectors v0.25.0
   Compiling string_cache v0.8.9
   Compiling clap_derive v4.6.1
   Compiling ahash v0.8.12
   Compiling html5ever v0.27.0
   Compiling cssparser-macros v0.6.1
   Compiling cssparser v0.31.2
   Compiling dbrain-builds v0.1.0 (/tmp/brain-g-v-baseline-bf899cce-20261008/rust/crates/dbrain-builds)
   Compiling clap v4.6.1
   Compiling phf v0.10.1
   Compiling fxhash v0.2.1
   Compiling servo_arc v0.3.0
   Compiling derive_more v0.99.20
   Compiling unicode-width v0.2.2
   Compiling rustix v1.1.4
   Compiling deadlock-brain-core v0.1.0 (/tmp/brain-g-v-baseline-bf899cce-20261008/rust/crates/deadlock-brain-core)
   Compiling dbrain-reasoner v0.1.0 (/tmp/brain-g-v-baseline-bf899cce-20261008/rust/crates/dbrain-reasoner)
   Compiling getopts v0.2.24
   Compiling dbrain-normalize v0.1.0 (/tmp/brain-g-v-baseline-bf899cce-20261008/rust/crates/dbrain-normalize)
   Compiling dbrain-population v0.1.0 (/tmp/brain-g-v-baseline-bf899cce-20261008/rust/crates/dbrain-population)
   Compiling linux-raw-sys v0.12.1
   Compiling ego-tree v0.6.3
   Compiling scraper v0.20.0
   Compiling fastrand v2.4.1
   Compiling tempfile v3.27.0
   Compiling dbrain-retrieval v0.1.0 (/tmp/brain-g-v-baseline-bf899cce-20261008/rust/crates/dbrain-retrieval)
    Finished `test` profile [unoptimized + debuginfo] target(s) in 3m 14s
     Running unittests src/lib.rs (/home/nathanael/.cache/rust-build/5a/ccbc04db184e67/debug/deps/dbrain_retrieval-9939e772cce797d8)

running 74 tests
test chunk_index::tests::chunk_ranges_are_deterministic_utf8_and_cover_every_byte ... ok
test chunk_index::tests::long_atomic_tokens_are_not_truncated_or_split_into_fake_numbers ... ok
test chunk_index::tests::projected_budget_accepts_exact_total_and_counts_utf8_bytes ... ok
test chunk_index::tests::projected_budget_stops_before_requesting_later_documents ... ok
test chunk_index::tests::release_preflight_uses_exact_pins_and_the_same_index_counts ... ok
test contract_port::tests::internal_record_without_scope_is_fail_closed ... ok
test contract_port::tests::patch_filter_and_stable_sort_are_deterministic ... ok
test contract_port::tests::rare_terms_work_without_dense_index ... ok
test contract_port::tests::restrictive_scope_is_filtered_before_ranking ... ok
test entity_profile_port::tests::historical_question_preserves_unknown_year ... ok
test entity_profile_port::tests::normal_hero_item_and_patch_texts_use_reader_and_revalidate_changes ... ok
test entity_profile_port::tests::ungueltige_und_mehrdeutige_muster_ergeben_keinen_patchtermin ... ok
test game_wiki::hero_dossier::tests::ambiguous_cards_and_unavailable_wiki_are_explicit ... ok
test game_wiki::hero_dossier::tests::dossier_binds_stable_skills_and_separates_old_facts ... ok
test game_wiki::hero_dossier::tests::every_hero_in_the_versioned_corpus_gets_an_explicit_coverage_card ... ok
test game_wiki::hero_dossier::tests::exported_card_is_loaded_by_exact_identity_only ... ok
test game_wiki::hero_dossier::tests::historical_pages_and_cross_hero_ability_names_are_not_build_evidence ... ok
test game_wiki::hero_dossier::tests::note_budget_is_unicode_safe_and_reports_omissions ... ok
test game_wiki::hero_dossier::tests::wiki_text_cannot_inject_corpus_boundaries ... ok
test game_wiki::localization::tests::descriptions_require_matching_revision_and_existing_key ... ok
test game_wiki::localization::tests::mechanics_use_only_exact_normalized_stat_key ... ok
test game_wiki::tests::answer_hero_bundle_uses_bound_keys_and_preserves_all_four_cards ... ok
test game_wiki::tests::answer_search_does_not_treat_partial_item_name_as_hero_archetype_evidence ... ok
test game_wiki::tests::bound_key_supports_shared_cards_but_ambiguous_keys_fail_closed ... ok
test game_wiki::tests::hero_archetype_answer_uses_roster_evidence_instead_of_item_names ... ok
test game_wiki::tests::hero_names_require_complete_tokens_and_comparisons_are_not_collapsed ... ok
test game_wiki::tests::incidental_hero_does_not_replace_item_or_patch_search ... ok
test game_wiki::tests::live_wiki_hero_archetype_roster_is_compact_and_item_free ... ok
test game_wiki::tests::live_wiki_hero_bundle_and_nonhero_search ... ok
test game_wiki::tests::missing_bound_card_is_explicit_without_foreign_filler ... ok
test game_wiki::tests::nested_name_only_suppresses_the_enclosed_occurrence ... ok
test game_wiki::tests::replace_pages_atomically_restores_old_pages_when_new_pages_missing ... ok
test game_wiki::tests::search_game_wiki_extracts_complete_matching_shard_entry ... ok
test game_wiki::tests::search_game_wiki_returns_full_matching_page ... ok
test game_wiki::wiki_manifest_tests::successful_manifest_excludes_partial_deleted_and_renamed_pages ... FAILED
test html_projection::tests::block_and_diagram_boundaries_preserve_separate_words_and_inline_fragments ... ok
test html_projection::tests::html_preserves_semantics_without_active_content_or_requests ... ok
test release_port::cache_scope_tests::consecutive_discord_request_scopes_reuse_the_corpus_index ... ok
test tests::analysis_list_returns_array ... ok
test tests::analyze_query_resolves_known_hero ... ok
test tests::ask_claim_partitioning_keeps_rejected_out_of_verified ... ok
test tests::ask_claim_partitioning_respects_include_unverified ... ok
test tests::ask_context_changelog_meta_question_includes_patch_overview_in_rendered_prompt ... ok
test tests::ask_context_keeps_unrelated_question_out_of_domain ... ok
test tests::ask_context_returns_structured_bundle ... ok
test tests::ask_prompt_includes_game_knowledge_ground_truth ... ok
test tests::ask_prompt_preserves_timeline_details_and_hides_debug_claim_fields ... ok
test tests::build_intent_prefers_owned_build_claim_over_general_mention ... ok
test tests::build_review_context_returns_summary ... ok
test tests::context_loads_patch_events_for_known_hero ... ok
test tests::current_patch_overrides_ignore_older_changes ... ok
test tests::final_verified_json_is_sorted_by_relevance_before_cutoff ... ok
test tests::hero_archetype_concept_routes_only_temporal_questions_to_power_curve ... ok
test tests::hero_group_questions_get_semantic_archetype_intent ... ok
test tests::hero_meta_build_request_prefers_build_intent_over_meta_question ... ok
test tests::hero_power_curve_labels_require_sample_and_material_delta ... ok
test tests::intent_claim_type_bonus_requires_distinctive_keyword_hit ... ok
test tests::keyword_phrase_keeps_echo_shard_from_echo_noise ... ok
test tests::keyword_starts_word_filters_mid_word_matches ... ok
test tests::load_known_item_names_matches_catalog ... ok
test tests::on_intent_flagged_claims_keep_slots_over_tangential_verified_claims ... ok
test tests::patch_overview_aggregates_meta_signals ... ok
test tests::patch_overview_routing_accepts_patch_related_meta_question_from_classifier ... ok
test tests::patch_overview_routing_requires_broad_patch_question ... ok
test tests::quality_reports_required_tables_present ... ok
test tests::reasoner_explanation_keeps_item_order_and_evidence_without_inventing_style ... ok
test tests::relevance_floor_drops_non_positive_and_low_tail_claims ... ok
test tests::relevance_floor_uses_score_without_intent_claim_type_bonus ... ok
test tests::relevance_score_ranks_more_keyword_hits_before_confidence ... ok
test tests::save_review_roundtrip_inserts_and_cleans_up ... ok
test tests::status_reports_core_counts ... ok
test tests::tempo_needs_independent_mechanics_support_instead_of_short_game_winrate_alone ... ok
test tests::thin_verified_bucket_gets_on_topic_unverified_fallback ... ok
test tests::timeline_patch_events_keep_best_match_entity_type ... ok

failures:

---- game_wiki::wiki_manifest_tests::successful_manifest_excludes_partial_deleted_and_renamed_pages stdout ----

thread 'game_wiki::wiki_manifest_tests::successful_manifest_excludes_partial_deleted_and_renamed_pages' (1411124) panicked at crates/dbrain-retrieval/src/wiki_manifest_tests.rs:7:49:
WIKI_SCRATCH_DSN fehlt: NotPresent
note: run with `RUST_BACKTRACE=1` environment variable to display a backtrace


failures:
    game_wiki::wiki_manifest_tests::successful_manifest_excludes_partial_deleted_and_renamed_pages

test result: FAILED. 73 passed; 1 failed; 0 ignored; 0 measured; 0 filtered out; finished in 8.57s

error: test failed, to rerun pass `-p dbrain-retrieval --lib`
     Running tests/chunked_retrieval.rs (/home/nathanael/.cache/rust-build/5a/ccbc04db184e67/debug/deps/chunked_retrieval-99662b3c8c58eba7)

running 18 tests
test aliases_german_english_umlauts_and_metadata_filters ... FAILED
test exact_numeric_literals_bypass_dense_and_cannot_be_replaced_by_similar_numbers ... FAILED
test fact_alias_ambiguity_is_checked_across_the_entire_release ... FAILED
test forged_chunk_range_source_provenance_content_and_acl_are_rejected ... FAILED
test four_thousand_documents_concurrent_queries_build_once_and_read_only_candidate_heads ... FAILED
test html_evidence_binds_semantic_ranges_to_unchanged_reviewed_artifact ... ok
test hundreds_of_alias_owners_fail_closed_without_exceeding_head_batch_limit ... FAILED
test ineligible_alias_owners_do_not_hide_authorized_fact ... FAILED
test large_hero_default_budget_multiple_chunks_and_exact_provenance ... FAILED
test live_revoke_delete_and_historical_acl_never_widen ... FAILED
test normal_server_lanes_question_packs_matching_public_documentation ... ok
test oversized_indivisible_evidence_is_an_explicit_budget_error_not_truncation ... FAILED
test public_maintenance_citations_hide_private_origin_metadata ... ok
test repeated_owner_across_ambiguous_names_is_deduplicated_before_head_read ... FAILED
test stat_identifiers_and_typed_facts_are_not_semantically_reranked ... FAILED
test two_unambiguous_entities_in_one_question_are_not_alias_ambiguous ... FAILED
test versions_mehrdeutige_daten_und_allgemeine_patchfragen_bleiben_suchbar ... FAILED
test weighted_fusion_is_bit_stable_under_list_permutation_and_never_merges_acls ... FAILED

failures:

---- aliases_german_english_umlauts_and_metadata_filters stdout ----

thread 'aliases_german_english_umlauts_and_metadata_filters' (1411196) panicked at crates/dbrain-retrieval/tests/chunked_retrieval.rs:269:57:
called `Result::unwrap()` on an `Err` value: InvalidResponse("Ungültiges Release-Lesemanifest")
note: run with `RUST_BACKTRACE=1` environment variable to display a backtrace

---- exact_numeric_literals_bypass_dense_and_cannot_be_replaced_by_similar_numbers stdout ----

thread 'exact_numeric_literals_bypass_dense_and_cannot_be_replaced_by_similar_numbers' (1411199) panicked at crates/dbrain-retrieval/tests/chunked_retrieval.rs:665:68:
called `Result::unwrap()` on an `Err` value: InvalidResponse("Ungültiges Release-Lesemanifest")

---- fact_alias_ambiguity_is_checked_across_the_entire_release stdout ----

thread 'fact_alias_ambiguity_is_checked_across_the_entire_release' (1411200) panicked at crates/dbrain-retrieval/tests/chunked_retrieval.rs:307:54:
called `Result::unwrap()` on an `Err` value: InvalidResponse("Ungültiges Release-Lesemanifest")

---- forged_chunk_range_source_provenance_content_and_acl_are_rejected stdout ----

thread 'forged_chunk_range_source_provenance_content_and_acl_are_rejected' (1411201) panicked at crates/dbrain-retrieval/tests/chunked_retrieval.rs:485:43:
called `Result::unwrap()` on an `Err` value: InvalidResponse("Ungültiges Release-Lesemanifest")

---- four_thousand_documents_concurrent_queries_build_once_and_read_only_candidate_heads stdout ----

thread '<unnamed>' (1411271) panicked at crates/dbrain-retrieval/tests/chunked_retrieval.rs:551:59:
called `Result::unwrap()` on an `Err` value: InvalidResponse("Ungültiges Release-Lesemanifest")

thread '<unnamed>' (1411270) panicked at crates/dbrain-retrieval/tests/chunked_retrieval.rs:551:59:
called `Result::unwrap()` on an `Err` value: InvalidResponse("Ungültiges Release-Lesemanifest")

thread '<unnamed>' (1411273) panicked at crates/dbrain-retrieval/tests/chunked_retrieval.rs:551:59:
called `Result::unwrap()` on an `Err` value: InvalidResponse("Ungültiges Release-Lesemanifest")

thread '<unnamed>' (1411272) panicked at crates/dbrain-retrieval/tests/chunked_retrieval.rs:551:59:
called `Result::unwrap()` on an `Err` value: InvalidResponse("Ungültiges Release-Lesemanifest")

thread '<unnamed>' (1411269) panicked at crates/dbrain-retrieval/tests/chunked_retrieval.rs:551:59:
called `Result::unwrap()` on an `Err` value: InvalidResponse("Ungültiges Release-Lesemanifest")

thread '<unnamed>' (1411274) panicked at crates/dbrain-retrieval/tests/chunked_retrieval.rs:551:59:
called `Result::unwrap()` on an `Err` value: InvalidResponse("Ungültiges Release-Lesemanifest")

thread '<unnamed>' (1411268) panicked at crates/dbrain-retrieval/tests/chunked_retrieval.rs:551:59:
called `Result::unwrap()` on an `Err` value: InvalidResponse("Ungültiges Release-Lesemanifest")

thread '<unnamed>' (1411267) panicked at crates/dbrain-retrieval/tests/chunked_retrieval.rs:551:59:
called `Result::unwrap()` on an `Err` value: InvalidResponse("Ungültiges Release-Lesemanifest")

thread 'four_thousand_documents_concurrent_queries_build_once_and_read_only_candidate_heads' (1411203) panicked at crates/dbrain-retrieval/tests/chunked_retrieval.rs:561:23:
called `Result::unwrap()` on an `Err` value: Any { .. }

---- hundreds_of_alias_owners_fail_closed_without_exceeding_head_batch_limit stdout ----

thread 'hundreds_of_alias_owners_fail_closed_without_exceeding_head_batch_limit' (1411870) panicked at crates/dbrain-retrieval/tests/chunked_retrieval.rs:413:54:
called `Result::unwrap()` on an `Err` value: InvalidResponse("Ungültiges Release-Lesemanifest")

---- ineligible_alias_owners_do_not_hide_authorized_fact stdout ----

thread 'ineligible_alias_owners_do_not_hide_authorized_fact' (1411879) panicked at crates/dbrain-retrieval/tests/chunked_retrieval.rs:342:61:
called `Result::unwrap()` on an `Err` value: InvalidResponse("Ungültiges Release-Lesemanifest")

---- large_hero_default_budget_multiple_chunks_and_exact_provenance stdout ----

thread 'large_hero_default_budget_multiple_chunks_and_exact_provenance' (1411880) panicked at crates/dbrain-retrieval/tests/chunked_retrieval.rs:197:43:
called `Result::unwrap()` on an `Err` value: InvalidResponse("Ungültiges Release-Lesemanifest")

---- live_revoke_delete_and_historical_acl_never_widen stdout ----

thread 'live_revoke_delete_and_historical_acl_never_widen' (1411881) panicked at crates/dbrain-retrieval/tests/chunked_retrieval.rs:425:40:
called `Result::unwrap()` on an `Err` value: InvalidResponse("Ungültiges Release-Lesemanifest")

---- oversized_indivisible_evidence_is_an_explicit_budget_error_not_truncation stdout ----

thread 'oversized_indivisible_evidence_is_an_explicit_budget_error_not_truncation' (1411903) panicked at crates/dbrain-retrieval/tests/chunked_retrieval.rs:685:5:
assertion failed: matches!(retriever.retrieve(&query("Abrams"), &context()),
    Err(PortError::BudgetExceeded))

---- repeated_owner_across_ambiguous_names_is_deduplicated_before_head_read stdout ----

thread 'repeated_owner_across_ambiguous_names_is_deduplicated_before_head_read' (1411907) panicked at crates/dbrain-retrieval/tests/chunked_retrieval.rs:394:54:
called `Result::unwrap()` on an `Err` value: InvalidResponse("Ungültiges Release-Lesemanifest")

---- stat_identifiers_and_typed_facts_are_not_semantically_reranked stdout ----

thread 'stat_identifiers_and_typed_facts_are_not_semantically_reranked' (1411908) panicked at crates/dbrain-retrieval/tests/chunked_retrieval.rs:578:10:
called `Result::unwrap()` on an `Err` value: InvalidResponse("Ungültiges Release-Lesemanifest")

---- two_unambiguous_entities_in_one_question_are_not_alias_ambiguous stdout ----

thread 'two_unambiguous_entities_in_one_question_are_not_alias_ambiguous' (1411909) panicked at crates/dbrain-retrieval/tests/chunked_retrieval.rs:367:57:
called `Result::unwrap()` on an `Err` value: InvalidResponse("Ungültiges Release-Lesemanifest")

---- versions_mehrdeutige_daten_und_allgemeine_patchfragen_bleiben_suchbar stdout ----

thread 'versions_mehrdeutige_daten_und_allgemeine_patchfragen_bleiben_suchbar' (1411910) panicked at crates/dbrain-retrieval/tests/chunked_retrieval.rs:91:66:
called `Result::unwrap()` on an `Err` value: InvalidResponse("Ungültiges Release-Lesemanifest")

---- weighted_fusion_is_bit_stable_under_list_permutation_and_never_merges_acls stdout ----

thread 'weighted_fusion_is_bit_stable_under_list_permutation_and_never_merges_acls' (1411917) panicked at crates/dbrain-retrieval/tests/chunked_retrieval.rs:601:65:
called `Result::unwrap()` on an `Err` value: InvalidResponse("Ungültiges Release-Lesemanifest")


failures:
    aliases_german_english_umlauts_and_metadata_filters
    exact_numeric_literals_bypass_dense_and_cannot_be_replaced_by_similar_numbers
    fact_alias_ambiguity_is_checked_across_the_entire_release
    forged_chunk_range_source_provenance_content_and_acl_are_rejected
    four_thousand_documents_concurrent_queries_build_once_and_read_only_candidate_heads
    hundreds_of_alias_owners_fail_closed_without_exceeding_head_batch_limit
    ineligible_alias_owners_do_not_hide_authorized_fact
    large_hero_default_budget_multiple_chunks_and_exact_provenance
    live_revoke_delete_and_historical_acl_never_widen
    oversized_indivisible_evidence_is_an_explicit_budget_error_not_truncation
    repeated_owner_across_ambiguous_names_is_deduplicated_before_head_read
    stat_identifiers_and_typed_facts_are_not_semantically_reranked
    two_unambiguous_entities_in_one_question_are_not_alias_ambiguous
    versions_mehrdeutige_daten_und_allgemeine_patchfragen_bleiben_suchbar
    weighted_fusion_is_bit_stable_under_list_permutation_and_never_merges_acls

test result: FAILED. 3 passed; 15 failed; 0 ignored; 0 measured; 0 filtered out; finished in 7.39s

error: test failed, to rerun pass `-p dbrain-retrieval --test chunked_retrieval`
     Running tests/core_retrieval.rs (/home/nathanael/.cache/rust-build/5a/ccbc04db184e67/debug/deps/core_retrieval-48780c9c232cf3c3)

running 5 tests
test dense_accounts_usage_and_rejects_model_mismatch ... ok
test fusion_is_stable_deduplicated_and_rejects_conflicts ... ok
test release_pinning_acl_tombstone_and_forged_evidence ... ok
test typed_domain_objects_cannot_bypass_source_acl_via_generic_retrieval ... ok
test wrong_release_patch_mode_and_egress_are_closed ... ok

test result: ok. 5 passed; 0 failed; 0 ignored; 0 measured; 0 filtered out; finished in 0.06s

     Running tests/knowledge_projection.rs (/home/nathanael/.cache/rust-build/5a/ccbc04db184e67/debug/deps/knowledge_projection-0915097d50c831f8)

running 9 tests
test fact_changes_bind_new_chunk_ids_without_changing_raw_hash ... ok
test facts_only_terms_values_and_hypotheses_use_the_canonical_release_path ... ok
test inconsistent_document_or_missing_origin_fails_closed ... ok
test large_utf8_source_keeps_tail_and_facts_retrievable ... ok
test legacy_without_document_metadata_is_unchanged ... ok
test license_and_current_acl_still_gate_facts ... ok
test normal_texts_read_live_entity_facts_counts_and_patch_history ... ok
test normal_texts_read_stored_compact_documents_with_fresh_original_proofs ... ok
test projection_is_deterministic_and_keeps_exact_source_and_fact_fields ... ok

test result: ok. 9 passed; 0 failed; 0 ignored; 0 measured; 0 filtered out; finished in 26.89s

     Running tests/patch_validity.rs (/home/nathanael/.cache/rust-build/5a/ccbc04db184e67/debug/deps/patch_validity-0accc3e30d92e255)

running 13 tests
test canonical_old_patch_cannot_be_relabelled_by_new_release ... ok
test current_head_legacy_conflict_is_not_hidden_by_canonical_origin ... ok
test dense_selection_rejects_old_patch_before_embedding ... ok
test fresh_head_validity_revokes_retrieval_and_existing_evidence ... ok
test known_legacy_and_canonical_contradictions_fail_closed ... ok
test legacy_only_patch_is_respected_without_inventing_unknown ... ok
test matching_known_patch_remains_usable ... ok
test new_head_cannot_rewrite_historical_pin_validity ... ok
test static_lexical_adapter_uses_the_same_patch_contract ... ok
test typed_and_generic_paths_agree_on_source_validity ... ok
test typed_and_generic_paths_both_recheck_changed_head_validity ... ok
test unknown_patch_is_retrievable_but_never_invented_from_release ... ok
test unpinned_query_preserves_source_patch_not_release_patch ... ok

test result: ok. 13 passed; 0 failed; 0 ignored; 0 measured; 0 filtered out; finished in 0.19s

   Doc-tests dbrain_retrieval

running 0 tests

test result: ok. 0 passed; 0 failed; 0 ignored; 0 measured; 0 filtered out; finished in 0.00s

error: 2 targets failed:
    `-p dbrain-retrieval --lib`
    `-p dbrain-retrieval --test chunked_retrieval`
cargo-slot: EXIT=101
