    Checking brain-contracts v0.1.0 (/home/nathanael/.worktrees/brain-e-deadlock-api/rust/crates/brain-contracts)
    Checking fireworks-model-selection v0.1.0 (/home/nathanael/.worktrees/brain-e-deadlock-api/rust/vendor/fireworks-model-selection)
   Compiling dbrain-reasoner v0.1.0 (/home/nathanael/.worktrees/brain-e-deadlock-api/rust/crates/dbrain-reasoner)
    Checking uplink-infisical-transport v0.1.1 (/home/nathanael/.worktrees/brain-e-deadlock-api/rust/vendor/uplink-infisical-transport)
    Checking dl-token-secrets v0.1.0 (/home/nathanael/.worktrees/Deadlock-Bots/rust/crates/dl-token-secrets)
    Checking brain-storage v0.1.0 (/home/nathanael/.worktrees/brain-e-deadlock-api/rust/crates/brain-storage)
    Checking brain-client v0.1.0 (/home/nathanael/.worktrees/brain-e-deadlock-api/rust/crates/brain-client)
    Checking dbrain-builds v0.1.0 (/home/nathanael/.worktrees/brain-e-deadlock-api/rust/crates/dbrain-builds)
    Checking brain-ingestion v0.1.0 (/home/nathanael/.worktrees/brain-e-deadlock-api/rust/crates/brain-ingestion)
    Checking deadlock-brain-core v0.1.0 (/home/nathanael/.worktrees/brain-e-deadlock-api/rust/crates/deadlock-brain-core)
    Checking dbrain-normalize v0.1.0 (/home/nathanael/.worktrees/brain-e-deadlock-api/rust/crates/dbrain-normalize)
    Checking dbrain-population v0.1.0 (/home/nathanael/.worktrees/brain-e-deadlock-api/rust/crates/dbrain-population)
    Checking dbrain-learn v0.1.0 (/home/nathanael/.worktrees/brain-e-deadlock-api/rust/crates/dbrain-learn)
    Checking dbrain-s12-wiki-probe v0.1.0 (/home/nathanael/.worktrees/brain-e-deadlock-api/rust/crates/dbrain-wiki)
    Checking dbrain-enrich v0.1.0 (/home/nathanael/.worktrees/brain-e-deadlock-api/rust/crates/dbrain-enrich)
    Checking dbrain-retrieval v0.1.0 (/home/nathanael/.worktrees/brain-e-deadlock-api/rust/crates/dbrain-retrieval)
    Checking dbrain-sources v0.1.0 (/home/nathanael/.worktrees/brain-e-deadlock-api/rust/crates/dbrain-sources)
    Checking brain-feeds v0.1.0 (/home/nathanael/.worktrees/brain-e-deadlock-api/rust/crates/brain-feeds)
    Checking deadlock-brain v0.1.0 (/home/nathanael/.worktrees/brain-e-deadlock-api/rust/crates/deadlock-brain)
    Finished `dev` profile [unoptimized + debuginfo] target(s) in 1m 00s
