    Checking libc v0.2.186
    Checking zerofrom v0.1.8
    Checking stable_deref_trait v1.2.1
    Checking yoke v0.8.3
    Checking mio v1.2.1
    Checking zerovec v0.11.6
    Checking socket2 v0.6.4
    Checking tinystr v0.8.3
    Checking tokio v1.52.3
    Checking smallvec v1.15.2
    Checking icu_locale_core v2.2.0
    Checking potential_utf v0.1.5
    Checking zerotrie v0.2.4
    Checking icu_collections v2.2.0
    Checking icu_provider v2.2.0
    Checking serde_core v1.0.228
    Checking getrandom v0.2.17
    Checking typenum v1.20.1
    Checking futures-io v0.3.32
    Checking futures-util v0.3.32
    Checking serde v1.0.228
    Checking ring v0.17.14
    Checking generic-array v0.14.7
    Checking icu_normalizer v2.2.0
    Checking icu_properties v2.2.0
    Checking rustls-webpki v0.103.13
    Checking rustls v0.23.41
    Checking idna_adapter v1.2.2
    Checking idna v1.1.0
    Checking hyper v1.10.1
    Checking tracing v0.1.44
    Checking serde_json v1.0.150
    Checking crypto-common v0.1.7
    Checking block-buffer v0.10.4
    Checking hyper-util v0.1.20
    Checking digest v0.10.7
    Checking tower v0.5.3
    Checking tokio-rustls v0.26.4
    Checking num-traits v0.2.19
    Checking url v2.5.8
    Checking async-compression v0.4.42
    Checking tokio-util v0.7.18
    Checking bitflags v2.13.0
    Checking chrono v0.4.45
    Checking tower-http v0.6.11
    Checking serde_urlencoded v0.7.1
    Checking sha2 v0.10.9
    Checking thiserror v1.0.69
    Checking hyper-rustls v0.27.9
    Checking brain-contracts v0.1.0 (/home/nathanael/.worktrees/brain-fertig-q/rust/crates/brain-contracts)
    Checking reqwest v0.12.28
    Checking fireworks-model-selection v0.1.0 (/home/nathanael/.worktrees/brain-fertig-q/rust/vendor/fireworks-model-selection)
    Checking httpdate v1.0.3
    Checking brain-providers v0.1.0 (/home/nathanael/.worktrees/brain-fertig-q/rust/crates/brain-providers)
    Finished `dev` profile [unoptimized + debuginfo] target(s) in 45.98s
