   Compiling libc v0.2.186
    Checking yoke v0.8.3
    Checking zerovec v0.11.6
    Checking smallvec v1.15.2
   Compiling getrandom v0.2.17
    Checking tinystr v0.8.3
    Checking potential_utf v0.1.5
    Checking icu_locale_core v2.2.0
    Checking zerotrie v0.2.4
    Checking icu_collections v2.2.0
    Checking icu_provider v2.2.0
   Compiling ring v0.17.14
    Checking tokio v1.52.3
    Checking parking_lot_core v0.9.12
   Compiling mio v1.2.1
   Compiling socket2 v0.6.4
    Checking icu_properties v2.2.0
    Checking icu_normalizer v2.2.0
   Compiling parking_lot v0.12.5
   Compiling rustls-webpki v0.103.13
   Compiling rand_core v0.6.4
   Compiling rand_chacha v0.3.1
   Compiling tokio-stream v0.1.18
   Compiling rustls v0.23.41
   Compiling futures-intrusive v0.5.0
    Checking idna_adapter v1.2.2
    Checking getrandom v0.4.3
    Checking rand v0.10.1
    Checking idna v1.1.0
   Compiling rand v0.8.6
    Checking form_urlencoded v1.2.2
   Compiling sqlx-core v0.8.6
    Checking postgres-protocol v0.6.12
    Checking url v2.5.8
   Compiling sqlx-postgres v0.8.6
   Compiling sqlx-macros-core v0.8.6
    Checking postgres-types v0.2.14
    Checking tokio-util v0.7.18
    Checking whoami v2.1.2
    Checking tokio-postgres v0.7.18
   Compiling sqlx-macros v0.8.6
    Checking brain-contracts v0.1.0 (/home/nathanael/.worktrees/brain-fertig-q/rust/crates/brain-contracts)
    Checking sqlx v0.8.6
    Checking postgres v0.19.14
    Checking brain-storage v0.1.0 (/home/nathanael/.worktrees/brain-fertig-q/rust/crates/brain-storage)
    Finished `dev` profile [unoptimized + debuginfo] target(s) in 49.47s
