 Downloading crates ...
  Downloaded tempfile v3.12.0
  Downloaded rustix v0.38.34
   Compiling version_check v0.9.5
   Compiling proc-macro2 v1.0.107
   Compiling generic-array v0.14.7
    Checking typenum v1.20.1
   Compiling unicode-ident v1.0.26
   Compiling quote v1.0.47
   Compiling serde_core v1.0.228
    Checking block-buffer v0.10.4
    Checking crypto-common v0.1.7
    Checking cfg-if v1.0.5
   Compiling zmij v1.0.23
    Checking digest v0.10.7
   Compiling syn v2.0.119
   Compiling rustix v0.38.34
   Compiling serde v1.0.228
   Compiling libc v0.2.189
   Compiling anyhow v1.0.80
    Checking cpufeatures v0.2.17
   Compiling serde_json v1.0.151
   Compiling serde_derive v1.0.228
    Checking linux-raw-sys v0.4.15
    Checking bitflags v2.13.2
    Checking memchr v2.8.3
    Checking itoa v1.0.18
    Checking sha1 v0.10.7
    Checking sha2 v0.10.9
    Checking fastrand v2.5.0
    Checking once_cell v1.21.4
    Checking brain-release v0.1.0 (/home/nathanael/.worktrees/brain-fertig-z/ops/brain-release)
    Checking tempfile v3.12.0
    Finished `dev` profile [unoptimized + debuginfo] target(s) in 7.96s
