   Compiling dbrain-reasoner v0.1.0 (/home/nathanael/.worktrees/brain-g-v2-20261007/rust/crates/dbrain-reasoner)
   Compiling brain-kernel v0.1.0 (/home/nathanael/.worktrees/brain-g-v2-20261007/rust/crates/brain-kernel)
   Compiling dbrain-retrieval v0.1.0 (/home/nathanael/.worktrees/brain-g-v2-20261007/rust/crates/dbrain-retrieval)
   Compiling dbrain-sources v0.1.0 (/home/nathanael/.worktrees/brain-g-v2-20261007/rust/crates/dbrain-sources)
   Compiling brain-feeds v0.1.0 (/home/nathanael/.worktrees/brain-g-v2-20261007/rust/crates/brain-feeds)
    Finished `test` profile [unoptimized + debuginfo] target(s) in 20.36s
     Running unittests src/lib.rs (/tmp/brain-g-k-r3-20261007-target/debug/deps/brain_kernel-9a921c78eb39511d)

running 8 tests
test tests::buildschutz_akzeptiert_nur_geprueftes_tatsaechliches_ergebnis_mit_zweck_und_deadline ... ok
test tests::buildschutz_alter_port_ohne_pruefanschluss_schliesst_sicher ... ok
test tests::buildschutz_cache_prueft_tatsaechlichen_plan_neu_ohne_doppelte_abrechnung ... ok
test tests::buildschutz_fehlerergebnis_und_unzitierter_build_sind_keine_buildantwort ... ok
test tests::buildschutz_flight_folger_prueft_den_plan_neu_statt_leaderfreigabe_zu_uebernehmen ... ok
test tests::buildschutz_frist_rechte_und_portfehler_behalten_kumulierte_reservierte_usage ... ok
test tests::buildschutz_verweigert_gewoehnliche_belege_trotz_builddefinition ... ok
test tests::buildschutz_wiederverwendung_prueft_ergebnis_anfrage_pin_und_quellen_erneut ... ok

test result: ok. 8 passed; 0 failed; 0 ignored; 0 measured; 48 filtered out; finished in 0.03s

     Running tests/core_kernel.rs (/tmp/brain-g-k-r3-20261007-target/debug/deps/core_kernel-f20b7619fa965abe)

running 0 tests

test result: ok. 0 passed; 0 failed; 0 ignored; 0 measured; 8 filtered out; finished in 0.00s

     Running tests/evidence_errors.rs (/tmp/brain-g-k-r3-20261007-target/debug/deps/evidence_errors-57b4a11db99a1c72)

running 0 tests

test result: ok. 0 passed; 0 failed; 0 ignored; 0 measured; 6 filtered out; finished in 0.00s

     Running tests/patch_validity.rs (/tmp/brain-g-k-r3-20261007-target/debug/deps/patch_validity-257615001661bea8)

running 0 tests

test result: ok. 0 passed; 0 failed; 0 ignored; 0 measured; 6 filtered out; finished in 0.00s

     Running tests/pr61_dependencies.rs (/tmp/brain-g-k-r3-20261007-target/debug/deps/pr61_dependencies-bdb42558c4c4ed56)

running 0 tests

test result: ok. 0 passed; 0 failed; 0 ignored; 0 measured; 5 filtered out; finished in 0.00s

     Running tests/review_dependencies.rs (/tmp/brain-g-k-r3-20261007-target/debug/deps/review_dependencies-230b7dab56ae2959)

running 0 tests

test result: ok. 0 passed; 0 failed; 0 ignored; 0 measured; 6 filtered out; finished in 0.00s

   Doc-tests brain_kernel

running 0 tests

test result: ok. 0 passed; 0 failed; 0 ignored; 0 measured; 0 filtered out; finished in 0.00s

