   Compiling dbrain-reasoner v0.1.0 (/home/nathanael/.worktrees/brain-g-v2-20261007/rust/crates/dbrain-reasoner)
   Compiling brain-contracts v0.1.0 (/home/nathanael/.worktrees/brain-g-v2-20261007/rust/crates/brain-contracts)
   Compiling brain-kernel v0.1.0 (/home/nathanael/.worktrees/brain-g-v2-20261007/rust/crates/brain-kernel)
   Compiling dbrain-retrieval v0.1.0 (/home/nathanael/.worktrees/brain-g-v2-20261007/rust/crates/dbrain-retrieval)
   Compiling dbrain-sources v0.1.0 (/home/nathanael/.worktrees/brain-g-v2-20261007/rust/crates/dbrain-sources)
   Compiling brain-feeds v0.1.0 (/home/nathanael/.worktrees/brain-g-v2-20261007/rust/crates/brain-feeds)
    Finished `test` profile [unoptimized + debuginfo] target(s) in 25.57s
     Running unittests src/lib.rs (/tmp/brain-g-k-r3-20261007-target/debug/deps/brain_contracts-f8d504b444fcd25d)

running 39 tests
test deadline::tests::clones_keep_expiry_and_observe_cancellation ... ok
test deadline::tests::zero_or_overflowing_lifetimes_fail_closed ... ok
test embedding::tests::equal_dimension_different_model_is_incompatible ... ok
test embedding::tests::rejects_missing_nonfinite_zero_and_unnormalized_vectors ... ok
test feeds::tests::build_status_binds_request_identity_and_hash ... ok
test feeds::tests::feed_rejects_hash_mismatch_duplicates_unknown_fields_and_versions ... ok
test lexical::tests::cross_source_join_requires_matching_id_and_canonical_name ... ok
test maintenance::tests::terminal_states_do_not_restart_and_review_is_ordered ... ok
test provider_input::tests::checked_arithmetic_and_legacy_grounding_share_the_same_counter ... ok
test provider_input::tests::counts_both_wire_formats_and_every_repeated_turn ... ok
test provider_input::tests::counts_decoded_text_not_http_escaping_or_model_name ... ok
test provider_input::tests::embedding_array_counts_each_input_and_rejects_non_text ... ok
test provider_input::tests::rohe_werkzeughistorie_prueft_schema_ids_und_vollstaendige_ergebnisse ... ok
test provider_input::tests::strukturierte_ausgabe_und_werkzeugwahl_bleiben_nicht_ungezaehlt ... ok
test provider_input::tests::unique_json_keeps_serde_recursion_number_and_complete_input_limits ... ok
test provider_input::tests::unique_json_preserves_numbers_arrays_null_and_independent_objects ... ok
test provider_input::tests::unique_json_rejects_duplicate_decoded_keys_at_every_depth ... ok
test provider_input::tests::unknown_blocks_fields_and_bad_result_bindings_fail_closed ... ok
test provider_input::tests::wire_input_rejects_duplicate_keys_in_encoded_argument_history ... ok
test provider_input::tests::zaehlt_aufruf_ids_argumente_beleg_ids_und_assistententext ... ok
test read_manifest::tests::manifest_checks_all_pins_even_when_access_is_denied ... ok
test read_manifest::tests::manifest_rejects_missing_duplicate_old_and_unpinned_heads ... ok
test read_manifest::tests::versioned_provider_origin_requires_a_current_grant ... ok
test tests::anfragebezogene_quellen_duerfen_nicht_persistiert_werden ... ok
test tests::contract_roundtrip_keeps_release_and_scopes ... ok
test tests::evidence_rejects_non_finite_score ... ok
test tests::fehlerabrechnung_trennt_beobachtung_reservierung_und_fehlende_abrechnung ... ok
test tests::fehlerabrechnung_ueberlauf_erhaelt_zaehler_und_schliesst_sicher ... ok
test tests::query_rejects_empty_identity_fields ... ok
test tests::textport_default_bleibt_kompatibel_und_verweigert_werkzeuganfragen ... ok
test tools::tests::ergebniszuordnung_und_wiederholte_ids ... ok
test tools::tests::geschlossene_namen_und_bloecke ... ok
test tools::tests::regeln_verwerfen_nichtendliche_spielzeit_und_szenariowerte ... ok
test tools::tests::schemapruefung_und_serverbindungen ... ok
test tools::tests::sieben_typisierte_unteranfragen_aus_validierten_aufrufen ... ok
test tools::tests::typisierte_argumente_verwerfen_unbekannte_felder_und_ungueltige_szenarien ... ok
test tools::tests::unimplementierte_abhaengigkeitspruefung_schliesst_sicher ... ok
test tools::tests::werkzeugausfuehrung_bindet_ergebnis_und_alle_belege_an_die_unteranfrage ... ok
test tools::tests::werkzeugturn_ist_keine_finale_antwort ... ok

test result: ok. 39 passed; 0 failed; 0 ignored; 0 measured; 0 filtered out; finished in 0.06s

     Running tests/ir_contracts.rs (/tmp/brain-g-k-r3-20261007-target/debug/deps/ir_contracts-4c4819d55068b998)

running 23 tests
test envelope_versions_missing_null_future_and_extra_fields_fail_closed ... ok
test explicit_legacy_tick_migration_never_invents_a_time ... ok
test external_null_missing_zero_unknown_fields_and_pointers_are_distinct ... ok
test external_origins_share_the_common_artifact_contract_without_revision_conflation ... ok
test external_quarantine_survives_serialization_and_blocks_field_access ... ok
test invalid_original_wiki_revision_and_http_hash_are_rejected ... ok
test known_raw_null_is_not_lost_to_option_deserialization ... ok
test legacy_invalid_ticks_or_injected_v2_fields_are_rejected ... ok
test missing_condition_is_not_an_unconditional_fact ... ok
test origin_version_and_policy_roundtrip ... ok
test parser_and_source_revision_are_separate_from_schema_and_game_patch ... ok
test replay_detached_provenance_preserves_private_scope_raw_locator_and_unknown_timestamp ... ok
test replay_entity_mapping_is_explicit_not_network_index_as_hero_id ... ok
test replay_time_requires_explicit_unknown_not_missing_or_null_default ... ok
test replay_unknown_entity_time_and_fields_roundtrip ... ok
test replay_versions_reject_legacy_and_future_without_explicit_migration ... ok
test stable_public_contract_is_not_replaced_by_ir_version ... ok
test storage_bridge_rejects_acl_expansion_revision_hash_and_identity_drift ... ok
test store_roundtrip_preserves_exact_origin_acl_and_unknowns ... ok
test unknown_is_not_zero_and_null_is_not_an_observation ... ok
test unsupported_origin_versions_fail_closed_at_batch_and_egress_boundaries ... ok
test wiki_conditions_variants_aliases_units_dependencies_and_locators_roundtrip ... ok
test wiki_null_never_deserializes_as_quantity_zero ... ok

test result: ok. 23 passed; 0 failed; 0 ignored; 0 measured; 0 filtered out; finished in 0.05s

     Running tests/tool_extensions.rs (/tmp/brain-g-k-r3-20261007-target/debug/deps/tool_extensions-9d91b1ea39b70750)

running 11 tests
test abhaengigkeiten_binden_jedes_neue_argument_ergebnis_und_serverpin ... ok
test achter_werkzeugname_und_sechs_geschlossene_regelthemen ... ok
test alte_profil_und_vergleichsargumente_behalten_optionale_defaults ... ok
test analytics_grenzen_stimmen_mit_dem_originalen_api_pin_ueberein ... ok
test beide_wireformen_erhalten_neue_argumente_und_zaehlen_jede_runde_vollstaendig ... ok
test boonbereich_hat_nur_strukturgrenzen_keine_erfundene_spieldomaene ... ok
test neue_argumente_bleiben_typisiert_einschliesslich_null_und_negativwerten ... ok
test rang_und_zeitfehler_werden_in_profil_und_vergleich_abgewiesen ... ok
test regeln_verwerfen_freie_felder_themen_und_ungueltige_szenarien ... ok
test rohe_wireformen_verwerfen_gefaelschte_ids_namen_und_argumente ... ok
test serverbindungen_und_ausfuehrbare_argumente_bleiben_gesperrt ... ok

test result: ok. 11 passed; 0 failed; 0 ignored; 0 measured; 0 filtered out; finished in 0.17s

     Running unittests src/lib.rs (/tmp/brain-g-k-r3-20261007-target/debug/deps/brain_kernel-9a921c78eb39511d)

running 58 tests
test fact_relevance::tests::ambiguous_alias_does_not_select_highest_bm25_score ... ok
test fact_relevance::tests::entity_field_alias_and_numeric_anchors ... ok
test fact_relevance::tests::metadata_aliases_use_release_tokenizer_and_real_delimiters ... ok
test fact_relevance::tests::patch_mode_and_provenance_are_required_when_requested ... ok
test fact_relevance::tests::same_entity_field_with_two_sources_is_not_selected_by_score ... ok
test fact_relevance::tests::specific_field_outranks_generic_field_for_one_entity ... ok
test flight::c3_shared_validation::shared_answer_follower_revalidates_and_distinguishes_reader_failure_from_denial ... ok
test flight::retained_pack_tests::oversized_uncited_pack_is_not_retained_for_single_flight_followers ... ok
test flight::review_dependencies::shared_answer_revalidates_uncited_acl_and_tombstone_after_leader_success ... FAILED
test flight::review_publication::publication_and_internal_requests_do_not_share_flights_or_cache_entries ... ok
test flight::review_publication::publication_follower_rechecks_uncited_head_after_successful_leader ... ok
test flight::tests::concurrent_failures_are_shared_but_not_retained ... ok
test outcome::tests::uncited_dependency_pack_is_shared_accounted_and_absent_from_wire_response ... ok
test tests::actor_scopes_provider_mechanik_und_szenario_trennen_wiederverwendung ... ok
test tests::boonkurven_analytics_und_regeln_erhalten_die_tatsaechliche_erweiterte_unteranfrage ... ok
test tests::build_never_falls_back_to_generative_prose ... ok
test tests::buildschutz_akzeptiert_nur_geprueftes_tatsaechliches_ergebnis_mit_zweck_und_deadline ... ok
test tests::buildschutz_alter_port_ohne_pruefanschluss_schliesst_sicher ... ok
test tests::buildschutz_cache_prueft_tatsaechlichen_plan_neu_ohne_doppelte_abrechnung ... ok
test tests::buildschutz_deterministischer_domainweg_umgeht_nicht_den_vertrag_und_bleibt_nutzbar ... ok
test tests::buildschutz_fehlerergebnis_und_unzitierter_build_sind_keine_buildantwort ... ok
test tests::buildschutz_flight_folger_prueft_den_plan_neu_statt_leaderfreigabe_zu_uebernehmen ... ok
test tests::buildschutz_frist_rechte_und_portfehler_behalten_kumulierte_reservierte_usage ... ok
test tests::buildschutz_prueft_unzitierte_quellen_pin_und_zweck_nach_finalturn ... ok
test tests::buildschutz_verweigert_gewoehnliche_belege_trotz_builddefinition ... ok
test tests::buildschutz_wiederverwendung_prueft_ergebnis_anfrage_pin_und_quellen_erneut ... ok
test tests::cache_hit_prueft_unzitierte_quellen_und_grants_und_loest_pin_requestgebunden ... ok
test tests::explain_path_calls_provider_for_public_evidence ... ok
test tests::fact_path_does_not_call_provider ... ok
test tests::fehlende_belege_und_unvollstaendige_abschlussgruende_sind_keine_antwort ... ok
test tests::fehlerabrechnung_budgetfehler_nach_zweiter_antwort_verliert_keine_usage ... ok
test tests::fehlerabrechnung_fehlende_toolabrechnung_reserviert_rest_ohne_nullmessung ... ok
test tests::fehlerabrechnung_fehler_werden_nicht_gecached_und_hits_nicht_doppelt_abgerechnet ... ok
test tests::fehlerabrechnung_flight_leader_behaelt_usage_bei_abgebrochener_deadline ... ok
test tests::fehlerabrechnung_lokale_verweigerung_hat_keinen_erfundenen_verbrauch ... ok
test tests::fehlerabrechnung_provider_kumuliert_vorherigen_turn_tool_und_retries ... ok
test tests::fehlerabrechnung_spaeterer_toolcall_behaelt_alle_bisherigen_erfolge ... ok
test tests::fehlerabrechnung_textport_behaelt_providerverbrauch_bei_fehler ... ok
test tests::internal_evidence_requires_internal_egress ... ok
test tests::internal_read_cache_trennt_publikation_und_prueft_weitergabe_erneut ... ok
test tests::internal_read_flight_folger_bewahrt_zweck_und_prueft_unzitierte_weitergabe ... ok
test tests::internal_read_prueft_scope_und_weitergabe_auch_vor_finaler_ausgabe ... ok
test tests::internal_read_traegt_den_zweck_frisch_ohne_publikationsrecht ... ok
test tests::prose_shaped_like_a_domain_certificate_is_not_a_deterministic_capability ... ok
test tests::provider_egress_und_publikationsfreigabe_gelten_auch_fuer_unzitierte_toolinputs ... ok
test tests::single_flight_follower_prueft_vollstaendige_typisierte_toolabhaengigkeiten ... ok
test tests::successful_fact_domain_and_provider_paths_reject_late_validation ... ok
test tests::tool_abbruch_behält_die_urspruengliche_deadline_und_verhindert_folgerunden ... ok
test tests::typed_domain_intent_separates_cache_and_single_flight_keys ... ok
test tests::unauthorized_evidence_never_reaches_provider ... ok
test tests::unbekannte_felder_actor_und_version_werden_vor_ausfuehrung_verweigert ... ok
test tests::unzitierter_privater_input_und_falsche_ergebniszuordnung_stoppen_die_folgerunde ... ok
test tests::versionswechsel_bildet_vor_cache_und_flight_einen_neuen_schluessel ... ok
test tests::vollstaendige_belege_und_pin_werden_nach_finalturn_erneut_geprueft ... ok
test tests::werkzeugloop_beschafft_belege_ohne_initiales_textprofil_und_traegt_alle_unteranfragen ... ok
test tests::wiederholte_call_ids_werden_vor_zweiter_ausfuehrung_abgewiesen ... ok
test tests::wiederholte_modellhistorie_ist_vor_dem_zweiten_versand_vollstaendig_reserviert ... ok
test tests::zweite_runde_retries_und_externe_toolnutzung_teilen_dasselbe_budget ... ok

failures:

---- flight::review_dependencies::shared_answer_revalidates_uncited_acl_and_tombstone_after_leader_success stdout ----

thread 'flight::review_dependencies::shared_answer_revalidates_uncited_acl_and_tombstone_after_leader_success' (3693243) panicked at crates/brain-kernel/src/flight/review_dependencies.rs:154:55:
called `Result::unwrap()` on an `Err` value: Timeout
note: run with `RUST_BACKTRACE=1` environment variable to display a backtrace


failures:
    flight::review_dependencies::shared_answer_revalidates_uncited_acl_and_tombstone_after_leader_success

test result: FAILED. 57 passed; 1 failed; 0 ignored; 0 measured; 0 filtered out; finished in 3.35s

error: test failed, to rerun pass `-p brain-kernel --lib`
     Running tests/core_kernel.rs (/tmp/brain-g-k-r3-20261007-target/debug/deps/core_kernel-f20b7619fa965abe)

running 8 tests
test asset_hero_entity_and_field_records_share_identity ... FAILED
test assets_feed_field_answers_through_release_kernel ... FAILED
test cache_separates_principal_release_and_rechecks_current_acl ... FAILED
test forged_provider_citation_is_rejected_and_failure_not_cached ... FAILED
test irrelevant_excerpts_produce_insufficient_evidence_with_charged_usage ... FAILED
test patch_agnostic_fact_does_not_establish_release_patch_or_mode ... FAILED
test retrieval_and_provider_share_a_budget ... FAILED
test revocation_during_provider_call_prevents_publication ... FAILED

failures:

---- asset_hero_entity_and_field_records_share_identity stdout ----

thread 'asset_hero_entity_and_field_records_share_identity' (3693666) panicked at crates/brain-kernel/tests/core_kernel.rs:185:5:
assertion `left == right` failed
  left: InsufficientEvidence
 right: Answered
note: run with `RUST_BACKTRACE=1` environment variable to display a backtrace

---- assets_feed_field_answers_through_release_kernel stdout ----

thread 'assets_feed_field_answers_through_release_kernel' (3693667) panicked at crates/brain-kernel/tests/core_kernel.rs:304:5:
assertion `left == right` failed
  left: InsufficientEvidence
 right: Answered

---- cache_separates_principal_release_and_rechecks_current_acl stdout ----

thread 'cache_separates_principal_release_and_rechecks_current_acl' (3693804) panicked at crates/brain-kernel/tests/core_kernel.rs:368:5:
assertion `left == right` failed
  left: InsufficientEvidence
 right: Answered

---- forged_provider_citation_is_rejected_and_failure_not_cached stdout ----

thread 'forged_provider_citation_is_rejected_and_failure_not_cached' (3693805) panicked at crates/brain-kernel/tests/core_kernel.rs:427:9:
assertion `left == right` failed
  left: InsufficientEvidence
 right: ProviderError

---- irrelevant_excerpts_produce_insufficient_evidence_with_charged_usage stdout ----

thread 'irrelevant_excerpts_produce_insufficient_evidence_with_charged_usage' (3693806) panicked at crates/brain-kernel/tests/core_kernel.rs:460:5:
assertion `left == right` failed
  left: "Evidenz konnte nicht geladen werden."
 right: "Dazu hab ich gerade nichts Genaues, frag am besten direkt im Discord nach."

---- patch_agnostic_fact_does_not_establish_release_patch_or_mode stdout ----

thread 'patch_agnostic_fact_does_not_establish_release_patch_or_mode' (3693807) panicked at crates/brain-kernel/tests/core_kernel.rs:92:5:
assertion `left == right` failed
  left: InsufficientEvidence
 right: Answered

---- retrieval_and_provider_share_a_budget stdout ----

thread 'retrieval_and_provider_share_a_budget' (3693808) panicked at crates/brain-kernel/tests/core_kernel.rs:509:5:
assertion `left == right` failed
  left: InsufficientEvidence
 right: Answered

---- revocation_during_provider_call_prevents_publication stdout ----

thread 'revocation_during_provider_call_prevents_publication' (3693809) panicked at crates/brain-kernel/tests/core_kernel.rs:406:5:
assertion `left == right` failed
  left: InsufficientEvidence
 right: UnauthorizedEvidence


failures:
    asset_hero_entity_and_field_records_share_identity
    assets_feed_field_answers_through_release_kernel
    cache_separates_principal_release_and_rechecks_current_acl
    forged_provider_citation_is_rejected_and_failure_not_cached
    irrelevant_excerpts_produce_insufficient_evidence_with_charged_usage
    patch_agnostic_fact_does_not_establish_release_patch_or_mode
    retrieval_and_provider_share_a_budget
    revocation_during_provider_call_prevents_publication

test result: FAILED. 0 passed; 8 failed; 0 ignored; 0 measured; 0 filtered out; finished in 0.51s

error: test failed, to rerun pass `-p brain-kernel --test core_kernel`
     Running tests/evidence_errors.rs (/tmp/brain-g-k-r3-20261007-target/debug/deps/evidence_errors-57b4a11db99a1c72)

running 6 tests
test cache_hit_timeout_fails_closed_without_provider_retry_and_does_not_cache_failure ... FAILED
test permission_budget_and_invalid_reader_responses_are_distinct ... FAILED
test real_postgres_connection_failure_is_unavailable_not_permission_denied ... ok
test six_hundred_parallel_requests_with_reader_faults_never_report_false_permission_denials ... FAILED
test technical_reader_failures_are_unavailable_at_every_handoff_not_unauthorized ... FAILED
test unavailable_roundtrips_through_the_public_response_contract ... ok

failures:

---- cache_hit_timeout_fails_closed_without_provider_retry_and_does_not_cache_failure stdout ----

thread 'cache_hit_timeout_fails_closed_without_provider_retry_and_does_not_cache_failure' (3693811) panicked at crates/brain-kernel/tests/evidence_errors.rs:183:5:
assertion `left == right` failed
  left: InsufficientEvidence
 right: Answered
note: run with `RUST_BACKTRACE=1` environment variable to display a backtrace

---- permission_budget_and_invalid_reader_responses_are_distinct stdout ----

thread 'permission_budget_and_invalid_reader_responses_are_distinct' (3693814) panicked at crates/brain-kernel/tests/evidence_errors.rs:162:13:
assertion `left == right` failed
  left: InsufficientEvidence
 right: UnauthorizedEvidence

---- six_hundred_parallel_requests_with_reader_faults_never_report_false_permission_denials stdout ----

thread '<unnamed>' (3693824) panicked at crates/brain-kernel/tests/evidence_errors.rs:228:29:
unexpected status for technical reader fault: InsufficientEvidence

thread '<unnamed>' (3693823) panicked at crates/brain-kernel/tests/evidence_errors.rs:228:29:
unexpected status for technical reader fault: InsufficientEvidence

thread '<unnamed>' (3693822) panicked at crates/brain-kernel/tests/evidence_errors.rs:228:29:
unexpected status for technical reader fault: InsufficientEvidence

thread '<unnamed>' (3693821) panicked at crates/brain-kernel/tests/evidence_errors.rs:228:29:
unexpected status for technical reader fault: InsufficientEvidence

thread '<unnamed>' (3693820) panicked at crates/brain-kernel/tests/evidence_errors.rs:228:29:
unexpected status for technical reader fault: InsufficientEvidence

thread '<unnamed>' (3693819) panicked at crates/brain-kernel/tests/evidence_errors.rs:228:29:
unexpected status for technical reader fault: InsufficientEvidence

thread '<unnamed>' (3693818) panicked at crates/brain-kernel/tests/evidence_errors.rs:228:29:
unexpected status for technical reader fault: InsufficientEvidence

thread '<unnamed>' (3693817) panicked at crates/brain-kernel/tests/evidence_errors.rs:228:29:
unexpected status for technical reader fault: InsufficientEvidence

thread 'six_hundred_parallel_requests_with_reader_faults_never_report_false_permission_denials' (3693816) panicked at crates/brain-kernel/tests/evidence_errors.rs:238:27:
called `Result::unwrap()` on an `Err` value: Any { .. }

---- technical_reader_failures_are_unavailable_at_every_handoff_not_unauthorized stdout ----

thread 'technical_reader_failures_are_unavailable_at_every_handoff_not_unauthorized' (3693825) panicked at crates/brain-kernel/tests/evidence_errors.rs:126:13:
assertion `left == right` failed: reader timeout, read 1
  left: InsufficientEvidence
 right: Unavailable


failures:
    cache_hit_timeout_fails_closed_without_provider_retry_and_does_not_cache_failure
    permission_budget_and_invalid_reader_responses_are_distinct
    six_hundred_parallel_requests_with_reader_faults_never_report_false_permission_denials
    technical_reader_failures_are_unavailable_at_every_handoff_not_unauthorized

test result: FAILED. 2 passed; 4 failed; 0 ignored; 0 measured; 0 filtered out; finished in 0.03s

error: test failed, to rerun pass `-p brain-kernel --test evidence_errors`
     Running tests/patch_validity.rs (/tmp/brain-g-k-r3-20261007-target/debug/deps/patch_validity-257615001661bea8)

running 6 tests
test cached_provider_answer_is_not_reused_after_head_patch_change ... ok
test canonical_known_patch_with_legacy_null_still_answers_directly ... ok
test direct_fact_never_answers_old_or_unknown_as_requested_patch ... ok
test head_patch_change_during_provider_call_blocks_handoff ... ok
test unknown_fact_remains_answerable_without_game_patch_claim ... ok
test unknown_patch_fact_cannot_hide_a_conflict_with_known_fact ... ok

test result: ok. 6 passed; 0 failed; 0 ignored; 0 measured; 0 filtered out; finished in 0.21s

     Running tests/pr61_dependencies.rs (/tmp/brain-g-k-r3-20261007-target/debug/deps/pr61_dependencies-bdb42558c4c4ed56)

running 5 tests
test cached_answer_must_track_uncited_inputs ... ok
test concurrent_fact_reuse_reselects_instead_of_sharing_a_stale_selection ... ok
test facts_reselect_newly_visible_conflicts_and_aliases_without_model_calls ... ok
test revoked_uncited_inputs_do_not_create_successful_cache_entries ... ok
test uncited_input_revoked_during_provider_call_must_block_publication ... ok

test result: ok. 5 passed; 0 failed; 0 ignored; 0 measured; 0 filtered out; finished in 0.09s

     Running tests/review_dependencies.rs (/tmp/brain-g-k-r3-20261007-target/debug/deps/review_dependencies-230b7dab56ae2959)

running 6 tests
test cache_hit_revalidates_uncited_input_acl_and_tombstone ... FAILED
test concurrent_fact_requests_reselect_instead_of_sharing_an_old_winner ... FAILED
test fact_reuse_rechecks_newly_visible_conflict_and_alias_collision ... FAILED
test fresh_fact_selection_reuses_the_release_index_and_bounds_head_reads ... FAILED
test hybrid_fact_limit_cannot_hide_a_pinned_conflicting_value ... ok
test uncited_provider_input_revoked_during_call_must_not_publish_or_cache ... FAILED

failures:

---- cache_hit_revalidates_uncited_input_acl_and_tombstone stdout ----

thread 'cache_hit_revalidates_uncited_input_acl_and_tombstone' (3693954) panicked at crates/brain-kernel/tests/review_dependencies.rs:170:9:
assertion `left == right` failed
  left: InsufficientEvidence
 right: Answered
note: run with `RUST_BACKTRACE=1` environment variable to display a backtrace

---- concurrent_fact_requests_reselect_instead_of_sharing_an_old_winner stdout ----

thread 'concurrent_fact_requests_reselect_instead_of_sharing_an_old_winner' (3693955) panicked at crates/brain-kernel/tests/review_dependencies.rs:443:55:
called `Result::unwrap()` on an `Err` value: Timeout

---- fact_reuse_rechecks_newly_visible_conflict_and_alias_collision stdout ----

thread 'fact_reuse_rechecks_newly_visible_conflict_and_alias_collision' (3694287) panicked at crates/brain-kernel/tests/review_dependencies.rs:237:9:
assertion `left == right` failed
  left: InsufficientEvidence
 right: Answered

---- fresh_fact_selection_reuses_the_release_index_and_bounds_head_reads stdout ----

thread 'fresh_fact_selection_reuses_the_release_index_and_bounds_head_reads' (3694288) panicked at crates/brain-kernel/tests/review_dependencies.rs:349:9:
assertion `left == right` failed
  left: InsufficientEvidence
 right: Answered

---- uncited_provider_input_revoked_during_call_must_not_publish_or_cache stdout ----

thread 'uncited_provider_input_revoked_during_call_must_not_publish_or_cache' (3694290) panicked at crates/brain-kernel/tests/review_dependencies.rs:136:9:
assertion `left == right` failed: tombstone=false
  left: InsufficientEvidence
 right: UnauthorizedEvidence


failures:
    cache_hit_revalidates_uncited_input_acl_and_tombstone
    concurrent_fact_requests_reselect_instead_of_sharing_an_old_winner
    fact_reuse_rechecks_newly_visible_conflict_and_alias_collision
    fresh_fact_selection_reuses_the_release_index_and_bounds_head_reads
    uncited_provider_input_revoked_during_call_must_not_publish_or_cache

test result: FAILED. 1 passed; 5 failed; 0 ignored; 0 measured; 0 filtered out; finished in 2.04s

error: test failed, to rerun pass `-p brain-kernel --test review_dependencies`
   Doc-tests brain_contracts

running 0 tests

test result: ok. 0 passed; 0 failed; 0 ignored; 0 measured; 0 filtered out; finished in 0.00s

   Doc-tests brain_kernel

running 0 tests

test result: ok. 0 passed; 0 failed; 0 ignored; 0 measured; 0 filtered out; finished in 0.00s

error: 4 targets failed:
    `-p brain-kernel --lib`
    `-p brain-kernel --test core_kernel`
    `-p brain-kernel --test evidence_errors`
    `-p brain-kernel --test review_dependencies`
