The files belonging to this database system will be owned by user "nathanael".
This user must also own the server process.

The database cluster will be initialized with locale "C".
The default text search configuration will be set to "english".

Data page checksums are disabled.

creating directory /tmp/brain-final-match.eMZ3fZXR/.match-test-pg ... ok
creating subdirectories ... ok
selecting dynamic shared memory implementation ... posix
selecting default max_connections ... 100
selecting default shared_buffers ... 128MB
selecting default time zone ... Europe/Berlin
creating configuration files ... ok
running bootstrap script ... ok
performing post-bootstrap initialization ... ok
syncing data to disk ... ok

Success. You can now start the database server using:

    /usr/lib/postgresql/16/bin/pg_ctl -D /tmp/brain-final-match.eMZ3fZXR/.match-test-pg -l logfile start

waiting for server to start.... done
server started
   Compiling dbrain-reasoner v0.1.0 (/home/nathanael/.worktrees/brain-pre-g5-harness-20260929/rust/crates/dbrain-reasoner)
   Compiling brain-ingestion v0.1.0 (/home/nathanael/.worktrees/brain-pre-g5-harness-20260929/rust/crates/brain-ingestion)
   Compiling dbrain-retrieval v0.1.0 (/home/nathanael/.worktrees/brain-pre-g5-harness-20260929/rust/crates/dbrain-retrieval)
   Compiling brain-feeds v0.1.0 (/home/nathanael/.worktrees/brain-pre-g5-harness-20260929/rust/crates/brain-feeds)
    Finished `test` profile [unoptimized + debuginfo] target(s) in 9.51s
     Running tests/match_store.rs (target/debug/deps/match_store-870195952ebdcb34)

running 1 test
test postgres_match_commit_release_readback_replay_and_revoke ... ok

test result: ok. 1 passed; 0 failed; 0 ignored; 0 measured; 1 filtered out; finished in 0.75s

waiting for server to shut down.... done
server stopped
