   Compiling serde_core v1.0.228
   Compiling tokio v1.52.3
   Compiling serde v1.0.228
   Compiling either v1.16.0
   Compiling smallvec v1.15.2
   Compiling serde_json v1.0.150
   Compiling digest v0.10.7
   Compiling itertools v0.14.0
   Compiling icu_normalizer v2.2.0
   Compiling sha2 v0.10.9
   Compiling idna_adapter v1.2.2
   Compiling prost-derive v0.14.4
   Compiling idna v1.1.0
   Compiling prost v0.14.4
   Compiling parking_lot_core v0.9.12
   Compiling prost-types v0.14.4
   Compiling parking_lot v0.12.5
   Compiling url v2.5.8
   Compiling prost-build v0.14.4
   Compiling hmac v0.12.1
   Compiling hkdf v0.12.4
   Compiling prost-wkt-build v0.7.2
   Compiling futures-intrusive v0.5.0
   Compiling md-5 v0.10.6
   Compiling byteorder v1.5.0
   Compiling hyper v1.10.1
   Compiling sqlx-core v0.8.6
   Compiling tower v0.5.3
   Compiling hyper-util v0.1.20
   Compiling sqlx-postgres v0.8.6
   Compiling chrono v0.4.45
   Compiling erased-serde v0.4.10
   Compiling async-compression v0.4.42
   Compiling tokio-rustls v0.26.4
   Compiling tokio-stream v0.1.18
   Compiling tokio-util v0.7.18
   Compiling getrandom v0.4.3
   Compiling tower-http v0.6.11
   Compiling typetag v0.2.23
   Compiling serde_urlencoded v0.7.1
   Compiling sqlx-macros-core v0.8.6
   Compiling hyper-rustls v0.27.9
   Compiling prost-wkt-types v0.7.2
   Compiling nix v0.29.0
   Compiling reqwest v0.12.28
   Compiling sqlx-macros v0.8.6
   Compiling prost-wkt v0.7.2
   Compiling valveprotos v0.0.0 (https://github.com/deadlock-api/valveprotos-rs.git?rev=4f4a3cb1b0c6f19af59a722acb79ecccd01f61f6#4f4a3cb1)
   Compiling tempfile v3.27.0
   Compiling sqlx v0.8.6
   Compiling dbrain-builds v0.1.0 (/home/nathanael/.worktrees/brain-pre-g5-harness-20260929/rust/crates/dbrain-builds)
   Compiling uplink-infisical-transport v0.1.0 (/home/nathanael/.worktrees/brain-pre-g5-harness-20260929/rust/vendor/uplink-infisical-transport)
   Compiling brain-contracts v0.1.0 (/home/nathanael/.worktrees/brain-pre-g5-harness-20260929/rust/crates/brain-contracts)
   Compiling deadlock-brain-core v0.1.0 (/home/nathanael/.worktrees/brain-pre-g5-harness-20260929/rust/crates/deadlock-brain-core)
   Compiling rusty-fork v0.3.1
   Compiling proptest v1.10.0
   Compiling haste_core v0.0.0 (https://github.com/deadlock-api/haste?rev=bfb292d4798031350861ad297aa26753267a1ea6#bfb292d4)
   Compiling dbrain-replay v0.1.0 (/home/nathanael/.worktrees/brain-pre-g5-harness-20260929/rust/crates/dbrain-replay)
    Finished `test` profile [unoptimized + debuginfo] target(s) in 1m 30s
     Running unittests src/lib.rs (target/debug/deps/dbrain_replay-f83fdb768f8a1076)

running 5 tests
test supervisor::tests::sandbox_probe ... ignored, subprocess fixture: exercised by the four sandbox/watchdog tests, not a skipped validation
test supervisor::tests::sandbox_denies_filesystem_network_and_new_processes ... ok
test supervisor::tests::address_space_budget_rejects_oversized_allocation ... ok
test supervisor::tests::wall_watchdog_kills_and_reaps_a_stuck_worker ... ok
test supervisor::tests::cpu_budget_terminates_a_noncooperative_worker ... ok

test result: ok. 4 passed; 0 failed; 1 ignored; 0 measured; 0 filtered out; finished in 1.01s

     Running unittests src/main.rs (target/debug/deps/dbrain_replay_worker-2fac91084deab8af)

running 0 tests

test result: ok. 0 passed; 0 failed; 0 ignored; 0 measured; 0 filtered out; finished in 0.00s

     Running tests/decoder.rs (target/debug/deps/decoder-4cdb8c540b6100e5)

running 33 tests
test hash_mismatch_is_rejected ... ok
test file_size_budget_is_enforced ... ok
test observation_budget_discards_partial_results ... ok
test nonboundary_fileinfo_pointer_is_damaged ... ok
test outer_snappy_bomb_is_rejected_before_allocating_declared_output ... ok
test command_count_budget_is_enforced ... ok
test overlong_varint_is_rejected ... ok
test oversized_declared_command_is_rejected_before_allocation ... ok
test rights_are_checked_before_opening_any_raw_path ... ok
test schema_contract_rejects_unknown_request_fields_and_missing_authorization ... ok
test output_budget_is_an_os_enforced_file_limit ... ok
test negative_tick_other_than_initialization_is_not_reinterpreted ... ok
test symlink_inputs_are_not_followed ... ok
test nested_string_table_snappy_bomb_is_bounded_before_upstream_decode ... ok
test packet_count_budget_is_enforced ... ok
test unknown_command_sentinel_is_quarantined ... ok
test minimal_authored_source2_container_decodes_through_real_worker ... ok
test total_decoded_budget_is_enforced ... ok
test observed_server_interval_never_becomes_an_assumed_game_clock ... ok
test unsupported_magic_is_not_decompressed_by_guessing ... ok
test absent_interval_is_unknown_not_zero_or_sixty_hz ... ok
test upstream_packet_buffer_panic_is_contained_without_partial_success ... ok
test identical_raw_from_two_feeds_retains_provenance_but_not_duplicate_observation_ids ... ok
test raw_bytes_remain_unchanged_and_private_headers_are_not_exported ... ok
test invalid_intervals_are_quarantined ... ok
test extraction_selection_creates_a_new_generation ... ok
test unknown_network_types_are_opaque_not_invented_game_events ... ok
test partial_final_varint_is_not_a_clean_eof ... ok
test reparse_is_byte_deterministic ... ok
test snappy_outer_command_preserves_observed_values_not_raw_identity ... ok
test arbitrary_untrusted_bytes_do_not_crash_the_supervisor ... ok
test every_strict_prefix_of_minimal_container_is_rejected ... ok
test synthetic_interval_roundtrips_without_assuming_sixty_hz ... ok

test result: ok. 33 passed; 0 failed; 0 ignored; 0 measured; 0 filtered out; finished in 1.19s

     Running tests/entities.rs (target/debug/deps/entities-ec24082a3204942d)

running 4 tests
test entity_index_budget_is_enforced ... ok
test entity_sampling_keeps_lifecycle_and_does_not_reset_missing_fields_to_zero ... ok
test actual_entity_create_update_leave_recreate_delete_mapping ... ok
test full_entity_reparse_is_identical_across_worker_processes ... ok

test result: ok. 4 passed; 0 failed; 0 ignored; 0 measured; 0 filtered out; finished in 0.09s

     Running tests/nested_snappy.rs (target/debug/deps/nested_snappy-50c19e7854b6c68e)

running 6 tests
test unsupported_table_flags_are_quarantined ... ok
test per_entry_declared_output_cannot_overrun_upstream_fixed_scratch ... ok
test per_entry_snappy_cannot_evade_the_total_budget ... ok
test update_stringtable_reuses_the_checked_compression_specification ... ok
test all_three_snappy_layers_and_varint_entry_lengths_decode ... ok
test per_entry_snappy_is_counted_in_total_decoded_work ... ok

test result: ok. 6 passed; 0 failed; 0 ignored; 0 measured; 0 filtered out; finished in 0.03s

     Running tests/ports.rs (target/debug/deps/ports-7d94b8a2ee855568)

running 5 tests
test damaged_replay_is_quarantined_not_committed_as_partial_observations ... ok
test shared_port_rejects_fabricated_coaching_or_real_validation_claims ... ok
test same_match_different_raw_does_not_double_the_population_or_cross_scopes ... ok
test no_match_identity_never_deduplicates_two_unrelated_unknown_matches ... ok
test actual_decoder_reaches_shared_observation_port_idempotently ... ok

test result: ok. 5 passed; 0 failed; 0 ignored; 0 measured; 0 filtered out; finished in 0.12s

     Running tests/regressions.rs (target/debug/deps/regressions-54db8744f036884e)

running 5 tests
test budgets_cannot_be_disabled_or_silently_made_unlimited ... ok
test missing_baseline_table_is_unknown_not_silently_dropped ... ok
test unordered_class_ids_are_rejected_before_upstream_vector_indexing ... ok
test invalid_protobuf_header_does_not_return_partial_metadata ... ok
test fileinfo_trailer_offset_resolves_to_an_actual_command ... ok

test result: ok. 5 passed; 0 failed; 0 ignored; 0 measured; 0 filtered out; finished in 0.04s
