   Compiling proc-macro2 v1.0.106
   Compiling quote v1.0.46
   Compiling unicode-ident v1.0.24
   Compiling cfg-if v1.0.4
   Compiling libc v0.2.186
   Compiling serde v1.0.228
   Compiling serde_core v1.0.228
   Compiling syn v2.0.118
   Compiling version_check v0.9.5
   Compiling serde_derive v1.0.228
   Compiling synstructure v0.13.2
   Compiling zerofrom-derive v0.1.7
   Compiling zerofrom v0.1.8
   Compiling yoke-derive v0.8.2
   Compiling zerocopy v0.8.52
   Compiling zerovec-derive v0.11.3
   Compiling itoa v1.0.18
   Compiling memchr v2.8.2
   Compiling generic-array v0.14.7
   Compiling displaydoc v0.2.6
   Compiling bytes v1.12.0
   Compiling ppv-lite86 v0.2.21
   Compiling subtle v2.6.1
   Compiling pin-project-lite v0.2.17
   Compiling futures-core v0.3.32
   Compiling typenum v1.20.1
   Compiling getrandom v0.2.17
   Compiling smallvec v1.15.2
   Compiling litemap v0.8.2
   Compiling writeable v0.6.3
   Compiling rand_core v0.6.4
   Compiling utf8_iter v1.0.4
   Compiling stable_deref_trait v1.2.1
   Compiling rand_chacha v0.3.1
   Compiling shlex v2.0.1
   Compiling find-msvc-tools v0.1.9
   Compiling rand v0.8.6
   Compiling cc v1.2.65
   Compiling zmij v1.0.21
   Compiling icu_normalizer_data v2.2.0
   Compiling log v0.4.33
   Compiling icu_properties_data v2.2.0
   Compiling parking_lot_core v0.9.12
   Compiling ring v0.17.14
   Compiling percent-encoding v2.3.2
   Compiling once_cell v1.21.4
   Compiling yoke v0.8.3
   Compiling tokio-macros v2.7.0
   Compiling mio v1.2.1
   Compiling socket2 v0.6.4
   Compiling futures-io v0.3.32
   Compiling zeroize v1.9.0
   Compiling futures-task v0.3.32
   Compiling scopeguard v1.2.0
   Compiling slab v0.4.12
   Compiling lock_api v0.4.14
   Compiling tokio v1.52.3
   Compiling rustls-pki-types v1.14.1
   Compiling untrusted v0.9.0
   Compiling zerovec v0.11.6
   Compiling futures-sink v0.3.32
   Compiling cpufeatures v0.2.17
   Compiling block-buffer v0.10.4
   Compiling crypto-common v0.1.7
   Compiling rustls v0.23.41
   Compiling autocfg v1.5.1
   Compiling serde_json v1.0.150
   Compiling num-traits v0.2.19
   Compiling digest v0.10.7
   Compiling tinystr v0.8.3
   Compiling futures-macro v0.3.32
   Compiling futures-util v0.3.32
   Compiling icu_locale_core v2.2.0
   Compiling potential_utf v0.1.5
   Compiling zerotrie v0.2.4
   Compiling tracing-core v0.1.36
   Compiling tracing-attributes v0.1.31
   Compiling siphasher v1.0.3
   Compiling crossbeam-utils v0.8.21
   Compiling tinyvec_macros v0.1.1
   Compiling tinyvec v1.11.0
   Compiling icu_provider v2.2.0
   Compiling tracing v0.1.44
   Compiling icu_collections v2.2.0
   Compiling webpki-roots v1.0.8
   Compiling thiserror v2.0.18
   Compiling base64 v0.22.1
   Compiling unicode-normalization v0.1.25
   Compiling parking_lot v0.12.5
   Compiling thiserror-impl v2.0.18
   Compiling bitflags v2.13.0
   Compiling unicode-properties v0.1.4
   Compiling unicode-bidi v0.3.18
   Compiling equivalent v1.0.2
   Compiling iana-time-zone v0.1.65
   Compiling stringprep v0.1.5
   Compiling icu_properties v2.2.0
   Compiling icu_normalizer v2.2.0
   Compiling futures-channel v0.3.32
   Compiling allocator-api2 v0.2.21
   Compiling foldhash v0.1.5
   Compiling byteorder v1.5.0
   Compiling hashbrown v0.15.5
   Compiling rustls-webpki v0.103.13
   Compiling idna_adapter v1.2.2
   Compiling concurrent-queue v2.5.0
   Compiling form_urlencoded v1.2.2
   Compiling http v1.4.2
   Compiling parking v2.2.1
   Compiling hashbrown v0.17.1
   Compiling crc-catalog v2.5.0
   Compiling crc v3.4.0
   Compiling event-listener v5.4.1
   Compiling indexmap v2.14.0
   Compiling idna v1.1.0
   Compiling hashlink v0.10.0
   Compiling crossbeam-queue v0.3.12
   Compiling webpki-roots v0.26.11
   Compiling httparse v1.10.1
   Compiling hex v0.4.3
   Compiling url v2.5.8
   Compiling sha2 v0.10.9
   Compiling thiserror v1.0.69
   Compiling crc32fast v1.5.0
   Compiling tokio-stream v0.1.18
   Compiling futures-intrusive v0.5.0
   Compiling http-body v1.0.1
   Compiling hmac v0.12.1
   Compiling chrono v0.4.45
   Compiling atoi v2.0.0
   Compiling phf_shared v0.11.3
   Compiling either v1.16.0
   Compiling tokio-util v0.7.18
   Compiling thiserror-impl v1.0.69
   Compiling adler2 v2.0.1
   Compiling whoami v1.6.1
   Compiling home v0.5.12
   Compiling heck v0.5.0
   Compiling dotenvy v0.15.7
   Compiling simd-adler32 v0.3.9
   Compiling miniz_oxide v0.8.9
   Compiling sqlx-core v0.8.6
   Compiling hkdf v0.12.4
   Compiling md-5 v0.10.6
   Compiling hybrid-array v0.4.13
   Compiling aho-corasick v1.1.4
   Compiling try-lock v0.2.5
   Compiling tower-service v0.3.3
   Compiling regex-syntax v0.8.11
   Compiling regex-automata v0.4.14
   Compiling want v0.3.1
   Compiling flate2 v1.1.9
   Compiling phf_generator v0.11.3
   Compiling sqlx-postgres v0.8.6
   Compiling cmov v0.5.4
   Compiling atomic-waker v1.1.2
   Compiling compression-core v0.4.32
   Compiling hyper v1.10.1
   Compiling compression-codecs v0.4.38
   Compiling ctutils v0.4.2
   Compiling regex v1.12.4
   Compiling crypto-common v0.2.2
   Compiling block-buffer v0.12.1
   Compiling sync_wrapper v1.0.2
   Compiling tower-layer v0.3.3
   Compiling ipnet v2.12.0
   Compiling const-oid v0.10.2
   Compiling rand_core v0.10.1
   Compiling getrandom v0.4.3
   Compiling digest v0.11.3
   Compiling hyper-util v0.1.20
   Compiling tower v0.5.3
   Compiling sqlx-macros-core v0.8.6
   Compiling brain-contracts v0.1.0 (/home/nathanael/.worktrees/brain-g-v2-20261007/rust/crates/brain-contracts)
   Compiling sqlx-macros v0.8.6
   Compiling async-compression v0.4.42
   Compiling http-body-util v0.1.3
   Compiling tokio-rustls v0.26.4
   Compiling ryu v1.0.23
   Compiling cpufeatures v0.3.0
   Compiling getrandom v0.3.4
   Compiling siphasher v0.3.11
   Compiling sqlx v0.8.6
   Compiling serde_urlencoded v0.7.1
   Compiling hyper-rustls v0.27.9
   Compiling tower-http v0.6.11
   Compiling cfg_aliases v0.2.1
   Compiling anyhow v1.0.102
   Compiling reqwest v0.12.28
   Compiling nix v0.29.0
   Compiling chacha20 v0.10.1
   Compiling new_debug_unreachable v1.0.6
   Compiling rand v0.10.1
   Compiling phf_shared v0.10.0
   Compiling sha2 v0.11.0
   Compiling hmac v0.13.0
   Compiling md-5 v0.11.0
   Compiling phf_macros v0.11.3
   Compiling fallible-iterator v0.2.0
   Compiling utf-8 v0.7.6
   Compiling utf8parse v0.2.2
   Compiling anstyle-parse v1.0.0
   Compiling postgres-protocol v0.6.12
   Compiling phf v0.11.3
   Compiling phf_generator v0.10.0
   Compiling fireworks-model-selection v0.1.0 (/home/nathanael/.worktrees/brain-g-v2-20261007/rust/vendor/fireworks-model-selection)
   Compiling string_cache_codegen v0.5.4
   Compiling phf_codegen v0.11.3
   Compiling filedescriptor v0.8.3
   Compiling phf_shared v0.13.1
   Compiling anstyle-query v1.1.5
   Compiling mac v0.1.1
   Compiling is_terminal_polyfill v1.70.2
   Compiling colorchoice v1.0.5
   Compiling precomputed-hash v0.1.1
   Compiling anstyle v1.0.14
   Compiling futf v0.1.5
   Compiling anstream v1.0.0
   Compiling phf v0.13.1
   Compiling markup5ever v0.12.1
   Compiling phf_codegen v0.10.0
   Compiling postgres-types v0.2.14
   Compiling dbrain-builds v0.1.0 (/home/nathanael/.worktrees/brain-g-v2-20261007/rust/crates/dbrain-builds)
   Compiling uplink-infisical-transport v0.1.0 (/home/nathanael/.worktrees/Deadlock-Bots/rust/vendor/uplink-infisical-transport)
   Compiling async-trait v0.1.89
   Compiling whoami v2.1.2
   Compiling strsim v0.11.1
   Compiling dtoa v1.0.11
   Compiling clap_lex v1.1.0
   Compiling clap_builder v4.6.0
   Compiling dtoa-short v0.3.5
   Compiling tokio-postgres v0.7.18
   Compiling selectors v0.25.0
   Compiling tendril v0.4.3
   Compiling string_cache v0.8.9
   Compiling deadlock-brain-core v0.1.0 (/home/nathanael/.worktrees/brain-g-v2-20261007/rust/crates/deadlock-brain-core)
   Compiling rand_core v0.9.5
   Compiling clap_derive v4.6.1
   Compiling ahash v0.8.12
   Compiling html5ever v0.27.0
   Compiling cssparser-macros v0.6.1
   Compiling cssparser v0.31.2
   Compiling dbrain-normalize v0.1.0 (/home/nathanael/.worktrees/brain-g-v2-20261007/rust/crates/dbrain-normalize)
   Compiling postgres v0.19.14
   Compiling clap v4.6.1
   Compiling phf v0.10.1
   Compiling rand_chacha v0.9.0
   Compiling fxhash v0.2.1
   Compiling servo_arc v0.3.0
   Compiling derive_more v0.99.20
   Compiling unicode-width v0.2.2
   Compiling dbrain-reasoner v0.1.0 (/home/nathanael/.worktrees/brain-g-v2-20261007/rust/crates/dbrain-reasoner)
   Compiling rustix v1.1.4
   Compiling getopts v0.2.24
   Compiling brain-storage v0.1.0 (/home/nathanael/.worktrees/brain-g-v2-20261007/rust/crates/brain-storage)
   Compiling rand v0.9.4
   Compiling dbrain-population v0.1.0 (/home/nathanael/.worktrees/brain-g-v2-20261007/rust/crates/dbrain-population)
   Compiling sha1 v0.10.6
   Compiling linux-raw-sys v0.12.1
   Compiling data-encoding v2.11.1
   Compiling ego-tree v0.6.3
   Compiling scraper v0.20.0
   Compiling tungstenite v0.28.0
   Compiling fastrand v2.4.1
   Compiling tempfile v3.27.0
   Compiling tokio-tungstenite v0.28.0
   Compiling dbrain-s12-wiki-probe v0.1.0 (/home/nathanael/.worktrees/brain-g-v2-20261007/rust/crates/dbrain-wiki)
   Compiling roxmltree v0.20.0
   Compiling brain-ingestion v0.1.0 (/home/nathanael/.worktrees/brain-g-v2-20261007/rust/crates/brain-ingestion)
   Compiling brain-policy v0.1.0 (/home/nathanael/.worktrees/brain-g-v2-20261007/rust/crates/brain-policy)
   Compiling brain-kernel v0.1.0 (/home/nathanael/.worktrees/brain-g-v2-20261007/rust/crates/brain-kernel)
   Compiling dbrain-retrieval v0.1.0 (/home/nathanael/.worktrees/brain-g-v2-20261007/rust/crates/dbrain-retrieval)
   Compiling dbrain-sources v0.1.0 (/home/nathanael/.worktrees/brain-g-v2-20261007/rust/crates/dbrain-sources)
   Compiling brain-feeds v0.1.0 (/home/nathanael/.worktrees/brain-g-v2-20261007/rust/crates/brain-feeds)
    Finished `test` profile [unoptimized + debuginfo] target(s) in 1m 39s
     Running unittests src/lib.rs (/tmp/brain-g-k-20261007-target/debug/deps/brain_kernel-9a921c78eb39511d)

running 21 tests
test fact_relevance::tests::ambiguous_alias_does_not_select_highest_bm25_score ... ok
test fact_relevance::tests::entity_field_alias_and_numeric_anchors ... ok
test fact_relevance::tests::metadata_aliases_use_release_tokenizer_and_real_delimiters ... ok
test fact_relevance::tests::patch_mode_and_provenance_are_required_when_requested ... ok
test fact_relevance::tests::same_entity_field_with_two_sources_is_not_selected_by_score ... ok
test fact_relevance::tests::specific_field_outranks_generic_field_for_one_entity ... ok
test flight::c3_shared_validation::shared_answer_follower_revalidates_and_distinguishes_reader_failure_from_denial ... ok
test flight::retained_pack_tests::oversized_uncited_pack_is_not_retained_for_single_flight_followers ... ok
test flight::review_dependencies::shared_answer_revalidates_uncited_acl_and_tombstone_after_leader_success ... FAILED
test flight::review_publication::publication_and_internal_requests_do_not_share_flights_or_cache_entries ... ok
test flight::review_publication::publication_follower_rechecks_uncited_head_after_successful_leader ... ok
test flight::tests::concurrent_failures_are_shared_but_not_retained ... ok
test outcome::tests::uncited_dependency_pack_is_shared_accounted_and_absent_from_wire_response ... ok
test tests::build_never_falls_back_to_generative_prose ... ok
test tests::explain_path_calls_provider_for_public_evidence ... ok
test tests::fact_path_does_not_call_provider ... ok
test tests::internal_evidence_requires_internal_egress ... ok
test tests::prose_shaped_like_a_domain_certificate_is_not_a_deterministic_capability ... ok
test tests::successful_fact_domain_and_provider_paths_reject_late_validation ... ok
test tests::typed_domain_intent_separates_cache_and_single_flight_keys ... ok
test tests::unauthorized_evidence_never_reaches_provider ... ok

failures:

---- flight::review_dependencies::shared_answer_revalidates_uncited_acl_and_tombstone_after_leader_success stdout ----

thread 'flight::review_dependencies::shared_answer_revalidates_uncited_acl_and_tombstone_after_leader_success' (1850836) panicked at crates/brain-kernel/src/flight/review_dependencies.rs:154:55:
called `Result::unwrap()` on an `Err` value: Timeout
note: run with `RUST_BACKTRACE=1` environment variable to display a backtrace


failures:
    flight::review_dependencies::shared_answer_revalidates_uncited_acl_and_tombstone_after_leader_success

test result: FAILED. 20 passed; 1 failed; 0 ignored; 0 measured; 0 filtered out; finished in 3.10s

error: test failed, to rerun pass `-p brain-kernel --lib`
