    Checking cfg-if v1.0.4
    Checking libc v0.2.186
    Checking serde_core v1.0.228
    Checking typenum v1.20.1
   Compiling getrandom v0.2.17
    Checking itoa v1.0.18
    Checking memchr v2.8.2
    Checking bytes v1.12.0
   Compiling zerocopy v0.8.52
   Compiling rand_core v0.6.4
    Checking stable_deref_trait v1.2.1
    Checking pin-project-lite v0.2.17
    Checking futures-core v0.3.32
    Checking zerofrom v0.1.8
    Checking subtle v2.6.1
   Compiling ppv-lite86 v0.2.21
    Checking yoke v0.8.3
   Compiling rand_chacha v0.3.1
    Checking mio v1.2.1
   Compiling rand v0.8.6
    Checking socket2 v0.6.4
    Checking zerovec v0.11.6
    Checking tokio v1.52.3
    Checking generic-array v0.14.7
    Checking futures-sink v0.3.32
    Checking log v0.4.33
    Checking crypto-common v0.1.7
    Checking block-buffer v0.10.4
   Compiling serde v1.0.228
    Checking once_cell v1.21.4
    Checking digest v0.10.7
    Checking tinystr v0.8.3
    Checking zmij v1.0.21
    Checking writeable v0.6.3
    Checking slab v0.4.12
    Checking litemap v0.8.2
    Checking futures-task v0.3.32
    Checking percent-encoding v2.3.2
    Checking smallvec v1.15.2
    Checking futures-io v0.3.32
    Checking futures-util v0.3.32
    Checking icu_locale_core v2.2.0
    Checking serde_json v1.0.150
    Checking potential_utf v0.1.5
    Checking zerotrie v0.2.4
    Checking scopeguard v1.2.0
    Checking zeroize v1.9.0
    Checking utf8_iter v1.0.4
    Checking icu_collections v2.2.0
    Checking rustls-pki-types v1.14.1
    Checking lock_api v0.4.14
    Checking icu_provider v2.2.0
    Checking parking_lot_core v0.9.12
    Checking base64 v0.22.1
    Checking parking_lot v0.12.5
    Checking icu_properties_data v2.2.0
    Checking icu_normalizer_data v2.2.0
    Checking untrusted v0.9.0
    Checking cpufeatures v0.2.17
    Checking bitflags v2.13.0
    Checking icu_normalizer v2.2.0
    Checking ring v0.17.14
    Checking icu_properties v2.2.0
    Checking futures-channel v0.3.32
    Checking byteorder v1.5.0
    Checking tinyvec_macros v0.1.1
    Checking idna_adapter v1.2.2
    Checking tinyvec v1.11.0
    Checking rustls-webpki v0.103.13
    Checking form_urlencoded v1.2.2
    Checking tracing-core v0.1.36
   Compiling crossbeam-utils v0.8.21
    Checking http v1.4.2
   Compiling equivalent v1.0.2
    Checking tracing v0.1.44
    Checking rustls v0.23.41
    Checking idna v1.1.0
    Checking unicode-normalization v0.1.25
    Checking webpki-roots v1.0.8
   Compiling num-traits v0.2.19
   Compiling foldhash v0.1.5
   Compiling allocator-api2 v0.2.21
    Checking unicode-bidi v0.3.18
    Checking unicode-properties v0.1.4
   Compiling hashbrown v0.15.5
    Checking stringprep v0.1.5
    Checking url v2.5.8
   Compiling concurrent-queue v2.5.0
    Checking sha2 v0.10.9
   Compiling crc-catalog v2.5.0
   Compiling hashbrown v0.17.1
   Compiling iana-time-zone v0.1.65
    Checking siphasher v1.0.3
   Compiling parking v2.2.1
   Compiling event-listener v5.4.1
   Compiling indexmap v2.14.0
   Compiling chrono v0.4.45
   Compiling crc v3.4.0
   Compiling webpki-roots v0.26.11
   Compiling tokio-stream v0.1.18
   Compiling futures-intrusive v0.5.0
    Checking httparse v1.10.1
   Compiling hashlink v0.10.0
    Checking http-body v1.0.1
   Compiling crossbeam-queue v0.3.12
   Compiling hmac v0.12.1
    Checking thiserror v2.0.18
   Compiling either v1.16.0
    Checking tokio-util v0.7.18
    Checking simd-adler32 v0.3.9
    Checking adler2 v2.0.1
   Compiling sqlx-core v0.8.6
    Checking miniz_oxide v0.8.9
   Compiling phf_shared v0.11.3
    Checking thiserror v1.0.69
   Compiling hkdf v0.12.4
    Checking crc32fast v1.5.0
   Compiling atoi v2.0.0
   Compiling md-5 v0.10.6
    Checking aho-corasick v1.1.4
    Checking hybrid-array v0.4.13
    Checking regex-syntax v0.8.11
    Checking hex v0.4.3
    Checking tower-service v0.3.3
   Compiling whoami v1.6.1
   Compiling home v0.5.12
   Compiling dotenvy v0.15.7
    Checking try-lock v0.2.5
    Checking want v0.3.1
    Checking regex-automata v0.4.14
   Compiling sqlx-postgres v0.8.6
    Checking flate2 v1.1.9
   Compiling phf_generator v0.11.3
    Checking cmov v0.5.4
    Checking atomic-waker v1.1.2
    Checking compression-core v0.4.32
    Checking hyper v1.10.1
    Checking compression-codecs v0.4.38
    Checking ctutils v0.4.2
    Checking regex v1.12.4
    Checking crypto-common v0.2.2
    Checking block-buffer v0.12.1
    Checking sync_wrapper v1.0.2
    Checking const-oid v0.10.2
    Checking ipnet v2.12.0
    Checking rand_core v0.10.1
    Checking tower-layer v0.3.3
    Checking tower v0.5.3
    Checking hyper-util v0.1.20
   Compiling sqlx-macros-core v0.8.6
    Checking digest v0.11.3
    Checking brain-contracts v0.1.0 (/home/nathanael/.worktrees/brain-g-v2-20261007/rust/crates/brain-contracts)
   Compiling sqlx-macros v0.8.6
    Checking async-compression v0.4.42
    Checking http-body-util v0.1.3
    Checking tokio-rustls v0.26.4
    Checking ryu v1.0.23
    Checking cpufeatures v0.3.0
    Checking serde_urlencoded v0.7.1
    Checking sqlx v0.8.6
    Checking hyper-rustls v0.27.9
    Checking tower-http v0.6.11
    Checking getrandom v0.4.3
    Checking getrandom v0.3.4
    Checking chacha20 v0.10.1
   Compiling siphasher v0.3.11
    Checking new_debug_unreachable v1.0.6
   Compiling phf_shared v0.10.0
    Checking rand v0.10.1
    Checking anyhow v1.0.102
    Checking sha2 v0.11.0
    Checking reqwest v0.12.28
    Checking md-5 v0.11.0
    Checking hmac v0.13.0
   Compiling phf_macros v0.11.3
    Checking utf-8 v0.7.6
    Checking utf8parse v0.2.2
    Checking fallible-iterator v0.2.0
    Checking postgres-protocol v0.6.12
    Checking anstyle-parse v1.0.0
    Checking phf v0.11.3
    Checking nix v0.29.0
   Compiling phf_generator v0.10.0
   Compiling phf_codegen v0.11.3
   Compiling string_cache_codegen v0.5.4
    Checking fireworks-model-selection v0.1.0 (/home/nathanael/.worktrees/brain-g-v2-20261007/rust/vendor/fireworks-model-selection)
    Checking uplink-infisical-transport v0.1.0 (/home/nathanael/.worktrees/Deadlock-Bots/rust/vendor/uplink-infisical-transport)
    Checking dbrain-builds v0.1.0 (/home/nathanael/.worktrees/brain-g-v2-20261007/rust/crates/dbrain-builds)
    Checking filedescriptor v0.8.3
    Checking phf_shared v0.13.1
    Checking mac v0.1.1
    Checking colorchoice v1.0.5
    Checking anstyle v1.0.14
    Checking precomputed-hash v0.1.1
    Checking anstyle-query v1.1.5
    Checking is_terminal_polyfill v1.70.2
    Checking anstream v1.0.0
    Checking futf v0.1.5
    Checking phf v0.13.1
   Compiling markup5ever v0.12.1
    Checking deadlock-brain-core v0.1.0 (/home/nathanael/.worktrees/brain-g-v2-20261007/rust/crates/deadlock-brain-core)
   Compiling phf_codegen v0.10.0
    Checking postgres-types v0.2.14
    Checking whoami v2.1.2
    Checking dtoa v1.0.11
    Checking clap_lex v1.1.0
    Checking strsim v0.11.1
    Checking clap_builder v4.6.0
    Checking tokio-postgres v0.7.18
    Checking dtoa-short v0.3.5
   Compiling selectors v0.25.0
    Checking tendril v0.4.3
    Checking string_cache v0.8.9
    Checking rand_core v0.9.5
    Checking cssparser v0.31.2
    Checking postgres v0.19.14
    Checking clap v4.6.1
    Checking rand_chacha v0.9.0
    Checking dbrain-normalize v0.1.0 (/home/nathanael/.worktrees/brain-g-v2-20261007/rust/crates/dbrain-normalize)
    Checking phf v0.10.1
    Checking fxhash v0.2.1
    Checking servo_arc v0.3.0
    Checking unicode-width v0.2.2
    Checking getopts v0.2.24
   Compiling dbrain-reasoner v0.1.0 (/home/nathanael/.worktrees/brain-g-v2-20261007/rust/crates/dbrain-reasoner)
    Checking rand v0.9.4
    Checking dbrain-population v0.1.0 (/home/nathanael/.worktrees/brain-g-v2-20261007/rust/crates/dbrain-population)
    Checking brain-storage v0.1.0 (/home/nathanael/.worktrees/brain-g-v2-20261007/rust/crates/brain-storage)
    Checking ahash v0.8.12
    Checking html5ever v0.27.0
    Checking sha1 v0.10.6
    Checking ego-tree v0.6.3
    Checking data-encoding v2.11.1
    Checking linux-raw-sys v0.12.1
    Checking tungstenite v0.28.0
    Checking rustix v1.1.4
    Checking scraper v0.20.0
    Checking fastrand v2.4.1
    Checking tempfile v3.27.0
    Checking tokio-tungstenite v0.28.0
    Checking dbrain-s12-wiki-probe v0.1.0 (/home/nathanael/.worktrees/brain-g-v2-20261007/rust/crates/dbrain-wiki)
    Checking roxmltree v0.20.0
    Checking brain-ingestion v0.1.0 (/home/nathanael/.worktrees/brain-g-v2-20261007/rust/crates/brain-ingestion)
    Checking brain-policy v0.1.0 (/home/nathanael/.worktrees/brain-g-v2-20261007/rust/crates/brain-policy)
    Checking brain-kernel v0.1.0 (/home/nathanael/.worktrees/brain-g-v2-20261007/rust/crates/brain-kernel)
    Checking dbrain-retrieval v0.1.0 (/home/nathanael/.worktrees/brain-g-v2-20261007/rust/crates/dbrain-retrieval)
    Checking dbrain-sources v0.1.0 (/home/nathanael/.worktrees/brain-g-v2-20261007/rust/crates/dbrain-sources)
    Checking brain-feeds v0.1.0 (/home/nathanael/.worktrees/brain-g-v2-20261007/rust/crates/brain-feeds)
    Finished `dev` profile [unoptimized + debuginfo] target(s) in 2m 41s
