   Compiling proc-macro2 v1.0.106
   Compiling quote v1.0.46
   Compiling unicode-ident v1.0.24
   Compiling serde_core v1.0.228
   Compiling serde v1.0.228
   Compiling libc v0.2.186
    Checking cfg-if v1.0.4
   Compiling version_check v0.9.5
   Compiling generic-array v0.14.7
   Compiling syn v2.0.118
   Compiling icu_normalizer_data v2.2.0
   Compiling icu_properties_data v2.2.0
   Compiling synstructure v0.13.2
   Compiling serde_derive v1.0.228
   Compiling zerofrom-derive v0.1.7
   Compiling yoke-derive v0.8.2
   Compiling zerovec-derive v0.11.3
   Compiling displaydoc v0.2.6
   Compiling find-msvc-tools v0.1.9
   Compiling shlex v2.0.1
    Checking zerofrom v0.1.8
   Compiling cc v1.2.65
    Checking pin-project-lite v0.2.17
    Checking stable_deref_trait v1.2.1
   Compiling ring v0.17.14
    Checking yoke v0.8.3
    Checking memchr v2.8.2
    Checking bytes v1.12.0
    Checking futures-core v0.3.32
    Checking zerovec v0.11.6
    Checking smallvec v1.15.2
   Compiling zmij v1.0.21
    Checking itoa v1.0.18
   Compiling crossbeam-utils v0.8.21
   Compiling tokio-macros v2.7.0
    Checking socket2 v0.6.4
    Checking mio v1.2.1
    Checking subtle v2.6.1
   Compiling zerocopy v0.8.52
    Checking tokio v1.52.3
   Compiling parking_lot_core v0.9.12
   Compiling rustls v0.23.41
    Checking tinystr v0.8.3
   Compiling tracing-attributes v0.1.31
    Checking getrandom v0.2.17
    Checking futures-sink v0.3.32
    Checking writeable v0.6.3
   Compiling autocfg v1.5.1
    Checking litemap v0.8.2
   Compiling typenum v1.20.1
    Checking icu_locale_core v2.2.0
   Compiling num-traits v0.2.19
    Checking potential_utf v0.1.5
    Checking zerotrie v0.2.4
    Checking utf8_iter v1.0.4
    Checking zeroize v1.9.0
    Checking rustls-pki-types v1.14.1
    Checking icu_collections v2.2.0
    Checking icu_provider v2.2.0
    Checking once_cell v1.21.4
    Checking percent-encoding v2.3.2
   Compiling block-buffer v0.10.4
   Compiling crypto-common v0.1.7
    Checking untrusted v0.9.0
   Compiling thiserror v2.0.18
    Checking futures-task v0.3.32
    Checking futures-io v0.3.32
    Checking slab v0.4.12
    Checking futures-util v0.3.32
    Checking icu_properties v2.2.0
    Checking icu_normalizer v2.2.0
   Compiling digest v0.10.7
   Compiling thiserror-impl v2.0.18
   Compiling serde_json v1.0.150
    Checking idna_adapter v1.2.2
    Checking rustls-webpki v0.103.13
    Checking form_urlencoded v1.2.2
    Checking tracing-core v0.1.36
    Checking http v1.4.2
    Checking log v0.4.33
   Compiling scopeguard v1.2.0
   Compiling equivalent v1.0.2
   Compiling crc32fast v1.5.0
   Compiling lock_api v0.4.14
    Checking http-body v1.0.1
    Checking tracing v0.1.44
    Checking idna v1.1.0
    Checking webpki-roots v1.0.8
    Checking futures-channel v0.3.32
    Checking simd-adler32 v0.3.9
   Compiling allocator-api2 v0.2.21
   Compiling tinyvec_macros v0.1.1
   Compiling httparse v1.10.1
    Checking adler2 v2.0.1
    Checking base64 v0.22.1
   Compiling foldhash v0.1.5
    Checking miniz_oxide v0.8.9
   Compiling hashbrown v0.15.5
   Compiling ppv-lite86 v0.2.21
   Compiling tinyvec v1.11.0
    Checking url v2.5.8
   Compiling parking_lot v0.12.5
   Compiling concurrent-queue v2.5.0
   Compiling rand_core v0.6.4
    Checking try-lock v0.2.5
   Compiling crc-catalog v2.5.0
    Checking tower-service v0.3.3
   Compiling parking v2.2.1
   Compiling cpufeatures v0.2.17
    Checking bitflags v2.13.0
   Compiling hashbrown v0.17.1
   Compiling sha2 v0.10.9
   Compiling indexmap v2.14.0
   Compiling event-listener v5.4.1
   Compiling crc v3.4.0
    Checking want v0.3.1
   Compiling rand_chacha v0.3.1
   Compiling webpki-roots v0.26.11
    Checking flate2 v1.1.9
   Compiling futures-intrusive v0.5.0
   Compiling tokio-stream v0.1.18
   Compiling unicode-normalization v0.1.25
   Compiling hashlink v0.10.0
   Compiling crossbeam-queue v0.3.12
   Compiling hmac v0.12.1
   Compiling either v1.16.0
   Compiling unicode-properties v0.1.4
   Compiling unicode-bidi v0.3.18
    Checking compression-core v0.4.32
   Compiling heck v0.5.0
    Checking atomic-waker v1.1.2
    Checking hyper v1.10.1
   Compiling sqlx-core v0.8.6
   Compiling stringprep v0.1.5
    Checking compression-codecs v0.4.38
   Compiling atoi v2.0.0
   Compiling hkdf v0.12.4
   Compiling rand v0.8.6
   Compiling md-5 v0.10.6
    Checking sync_wrapper v1.0.2
   Compiling hex v0.4.3
   Compiling home v0.5.12
   Compiling thiserror v1.0.69
    Checking ipnet v2.12.0
    Checking tower-layer v0.3.3
   Compiling byteorder v1.5.0
   Compiling dotenvy v0.15.7
   Compiling whoami v1.6.1
    Checking hyper-util v0.1.20
    Checking tower v0.5.3
   Compiling sqlx-postgres v0.8.6
    Checking async-compression v0.4.42
    Checking tokio-rustls v0.26.4
    Checking http-body-util v0.1.3
    Checking tokio-util v0.7.18
   Compiling thiserror-impl v1.0.69
    Checking ryu v1.0.23
    Checking serde_urlencoded v0.7.1
    Checking tower-http v0.6.11
    Checking hyper-rustls v0.27.9
    Checking aho-corasick v1.1.4
   Compiling anyhow v1.0.102
   Compiling sqlx-macros-core v0.8.6
   Compiling cfg_aliases v0.2.1
    Checking regex-syntax v0.8.11
    Checking regex-automata v0.4.14
   Compiling nix v0.29.0
   Compiling sqlx-macros v0.8.6
    Checking reqwest v0.12.28
    Checking iana-time-zone v0.1.65
    Checking utf8parse v0.2.2
    Checking anstyle-parse v1.0.0
    Checking chrono v0.4.45
    Checking regex v1.12.4
    Checking sqlx v0.8.6
    Checking anstyle v1.0.14
    Checking anstyle-query v1.1.5
    Checking is_terminal_polyfill v1.70.2
    Checking colorchoice v1.0.5
    Checking dbrain-builds v0.1.0 (/home/nathanael/.worktrees/brain-g-v2-20261007/rust/crates/dbrain-builds)
    Checking anstream v1.0.0
    Checking brain-contracts v0.1.0 (/home/nathanael/.worktrees/brain-g-v2-20261007/rust/crates/brain-contracts)
    Checking fireworks-model-selection v0.1.0 (/home/nathanael/.worktrees/brain-g-v2-20261007/rust/vendor/fireworks-model-selection)
    Checking uplink-infisical-transport v0.1.0 (/home/nathanael/.worktrees/Deadlock-Bots/rust/vendor/uplink-infisical-transport)
    Checking filedescriptor v0.8.3
    Checking strsim v0.11.1
    Checking clap_lex v1.1.0
    Checking clap_builder v4.6.0
   Compiling clap_derive v4.6.1
   Compiling dbrain-reasoner v0.1.0 (/home/nathanael/.worktrees/brain-g-v2-20261007/rust/crates/dbrain-reasoner)
    Checking clap v4.6.1
    Checking deadlock-brain-core v0.1.0 (/home/nathanael/.worktrees/brain-g-v2-20261007/rust/crates/deadlock-brain-core)
    Checking dbrain-normalize v0.1.0 (/home/nathanael/.worktrees/brain-g-v2-20261007/rust/crates/dbrain-normalize)
    Checking dbrain-population v0.1.0 (/home/nathanael/.worktrees/brain-g-v2-20261007/rust/crates/dbrain-population)
    Finished `dev` profile [unoptimized + debuginfo] target(s) in 56.74s
