   Compiling tokio v1.52.3
   Compiling nix v0.29.0
   Compiling dbrain-reasoner v0.1.0 (/home/nathanael/.worktrees/brain-g-v2-20261007/rust/crates/dbrain-reasoner)
   Compiling tokio-util v0.7.18
   Compiling tokio-stream v0.1.18
   Compiling hyper v1.10.1
   Compiling tokio-rustls v0.26.4
   Compiling tower v0.5.3
   Compiling sqlx-core v0.8.6
   Compiling async-compression v0.4.42
   Compiling tower-http v0.6.11
   Compiling hyper-util v0.1.20
   Compiling tokio-postgres v0.7.18
   Compiling sqlx-postgres v0.8.6
   Compiling hyper-rustls v0.27.9
   Compiling reqwest v0.12.28
   Compiling postgres v0.19.14
   Compiling tokio-tungstenite v0.28.0
   Compiling uplink-infisical-transport v0.1.0 (/home/nathanael/.worktrees/Deadlock-Bots/rust/vendor/uplink-infisical-transport)
   Compiling sqlx v0.8.6
   Compiling dbrain-builds v0.1.0 (/home/nathanael/.worktrees/brain-g-v2-20261007/rust/crates/dbrain-builds)
   Compiling brain-storage v0.1.0 (/home/nathanael/.worktrees/brain-g-v2-20261007/rust/crates/brain-storage)
   Compiling deadlock-brain-core v0.1.0 (/home/nathanael/.worktrees/brain-g-v2-20261007/rust/crates/deadlock-brain-core)
   Compiling dbrain-normalize v0.1.0 (/home/nathanael/.worktrees/brain-g-v2-20261007/rust/crates/dbrain-normalize)
   Compiling dbrain-population v0.1.0 (/home/nathanael/.worktrees/brain-g-v2-20261007/rust/crates/dbrain-population)
   Compiling brain-ingestion v0.1.0 (/home/nathanael/.worktrees/brain-g-v2-20261007/rust/crates/brain-ingestion)
   Compiling dbrain-s12-wiki-probe v0.1.0 (/home/nathanael/.worktrees/brain-g-v2-20261007/rust/crates/dbrain-wiki)
   Compiling dbrain-retrieval v0.1.0 (/home/nathanael/.worktrees/brain-g-v2-20261007/rust/crates/dbrain-retrieval)
   Compiling dbrain-sources v0.1.0 (/home/nathanael/.worktrees/brain-g-v2-20261007/rust/crates/dbrain-sources)
   Compiling brain-feeds v0.1.0 (/home/nathanael/.worktrees/brain-g-v2-20261007/rust/crates/brain-feeds)
   Compiling brain-kernel v0.1.0 (/home/nathanael/.worktrees/brain-g-v2-20261007/rust/crates/brain-kernel)
    Finished `test` profile [unoptimized + debuginfo] target(s) in 1m 04s
     Running unittests src/lib.rs (/tmp/brain-g-k-r4-20261007-target/debug/deps/brain_kernel-9a921c78eb39511d)

running 58 tests
test fact_relevance::tests::ambiguous_alias_does_not_select_highest_bm25_score ... ok
test fact_relevance::tests::entity_field_alias_and_numeric_anchors ... ok
test fact_relevance::tests::metadata_aliases_use_release_tokenizer_and_real_delimiters ... ok
test fact_relevance::tests::patch_mode_and_provenance_are_required_when_requested ... ok
test fact_relevance::tests::same_entity_field_with_two_sources_is_not_selected_by_score ... ok
test fact_relevance::tests::specific_field_outranks_generic_field_for_one_entity ... ok
test flight::c3_shared_validation::shared_answer_follower_revalidates_and_distinguishes_reader_failure_from_denial ... ok
test flight::retained_pack_tests::oversized_uncited_pack_is_not_retained_for_single_flight_followers ... ok
test flight::review_dependencies::shared_answer_revalidates_uncited_acl_and_tombstone_after_leader_success ... FAILED
test flight::review_publication::publication_and_internal_requests_do_not_share_flights_or_cache_entries ... ok
test flight::review_publication::publication_follower_rechecks_uncited_head_after_successful_leader ... ok
test flight::tests::concurrent_failures_are_shared_but_not_retained ... ok
test outcome::tests::uncited_dependency_pack_is_shared_accounted_and_absent_from_wire_response ... ok
test tests::actor_scopes_provider_mechanik_und_szenario_trennen_wiederverwendung ... ok
test tests::boonkurven_analytics_und_regeln_erhalten_die_tatsaechliche_erweiterte_unteranfrage ... ok
test tests::build_never_falls_back_to_generative_prose ... ok
test tests::buildschutz_akzeptiert_nur_geprueftes_tatsaechliches_ergebnis_mit_zweck_und_deadline ... ok
test tests::buildschutz_alter_port_ohne_pruefanschluss_schliesst_sicher ... ok
test tests::buildschutz_cache_prueft_tatsaechlichen_plan_neu_ohne_doppelte_abrechnung ... ok
test tests::buildschutz_deterministischer_domainweg_umgeht_nicht_den_vertrag_und_bleibt_nutzbar ... ok
test tests::buildschutz_fehlerergebnis_und_unzitierter_build_sind_keine_buildantwort ... ok
test tests::buildschutz_flight_folger_prueft_den_plan_neu_statt_leaderfreigabe_zu_uebernehmen ... ok
test tests::buildschutz_frist_rechte_und_portfehler_behalten_kumulierte_reservierte_usage ... ok
test tests::buildschutz_prueft_unzitierte_quellen_pin_und_zweck_nach_finalturn ... ok
test tests::buildschutz_verweigert_gewoehnliche_belege_trotz_builddefinition ... ok
test tests::buildschutz_wiederverwendung_prueft_ergebnis_anfrage_pin_und_quellen_erneut ... ok
test tests::cache_hit_prueft_unzitierte_quellen_und_grants_und_loest_pin_requestgebunden ... ok
test tests::explain_path_calls_provider_for_public_evidence ... ok
test tests::fact_path_does_not_call_provider ... ok
test tests::fehlende_belege_und_unvollstaendige_abschlussgruende_sind_keine_antwort ... ok
test tests::fehlerabrechnung_budgetfehler_nach_zweiter_antwort_verliert_keine_usage ... ok
test tests::fehlerabrechnung_fehlende_toolabrechnung_reserviert_rest_ohne_nullmessung ... ok
test tests::fehlerabrechnung_fehler_werden_nicht_gecached_und_hits_nicht_doppelt_abgerechnet ... ok
test tests::fehlerabrechnung_flight_leader_behaelt_usage_bei_abgebrochener_deadline ... ok
test tests::fehlerabrechnung_lokale_verweigerung_hat_keinen_erfundenen_verbrauch ... ok
test tests::fehlerabrechnung_provider_kumuliert_vorherigen_turn_tool_und_retries ... ok
test tests::fehlerabrechnung_spaeterer_toolcall_behaelt_alle_bisherigen_erfolge ... ok
test tests::fehlerabrechnung_textport_behaelt_providerverbrauch_bei_fehler ... ok
test tests::internal_evidence_requires_internal_egress ... ok
test tests::internal_read_cache_trennt_publikation_und_prueft_weitergabe_erneut ... ok
test tests::internal_read_flight_folger_bewahrt_zweck_und_prueft_unzitierte_weitergabe ... ok
test tests::internal_read_prueft_scope_und_weitergabe_auch_vor_finaler_ausgabe ... ok
test tests::internal_read_traegt_den_zweck_frisch_ohne_publikationsrecht ... ok
test tests::prose_shaped_like_a_domain_certificate_is_not_a_deterministic_capability ... ok
test tests::provider_egress_und_publikationsfreigabe_gelten_auch_fuer_unzitierte_toolinputs ... ok
test tests::single_flight_follower_prueft_vollstaendige_typisierte_toolabhaengigkeiten ... ok
test tests::successful_fact_domain_and_provider_paths_reject_late_validation ... ok
test tests::tool_abbruch_behält_die_urspruengliche_deadline_und_verhindert_folgerunden ... ok
test tests::typed_domain_intent_separates_cache_and_single_flight_keys ... ok
test tests::unauthorized_evidence_never_reaches_provider ... ok
test tests::unbekannte_felder_actor_und_version_werden_vor_ausfuehrung_verweigert ... ok
test tests::unzitierter_privater_input_und_falsche_ergebniszuordnung_stoppen_die_folgerunde ... ok
test tests::versionswechsel_bildet_vor_cache_und_flight_einen_neuen_schluessel ... ok
test tests::vollstaendige_belege_und_pin_werden_nach_finalturn_erneut_geprueft ... ok
test tests::werkzeugloop_beschafft_belege_ohne_initiales_textprofil_und_traegt_alle_unteranfragen ... ok
test tests::wiederholte_call_ids_werden_vor_zweiter_ausfuehrung_abgewiesen ... ok
test tests::wiederholte_modellhistorie_ist_vor_dem_zweiten_versand_vollstaendig_reserviert ... ok
test tests::zweite_runde_retries_und_externe_toolnutzung_teilen_dasselbe_budget ... ok

failures:

---- flight::review_dependencies::shared_answer_revalidates_uncited_acl_and_tombstone_after_leader_success stdout ----

thread 'flight::review_dependencies::shared_answer_revalidates_uncited_acl_and_tombstone_after_leader_success' (4049300) panicked at crates/brain-kernel/src/flight/review_dependencies.rs:154:55:
called `Result::unwrap()` on an `Err` value: Timeout
note: run with `RUST_BACKTRACE=1` environment variable to display a backtrace


failures:
    flight::review_dependencies::shared_answer_revalidates_uncited_acl_and_tombstone_after_leader_success

test result: FAILED. 57 passed; 1 failed; 0 ignored; 0 measured; 0 filtered out; finished in 3.20s

error: test failed, to rerun pass `-p brain-kernel --lib`
