    Blocking waiting for file lock on package cache
    Blocking waiting for file lock on package cache
   Compiling libc v0.2.186
   Compiling syn v2.0.118
   Compiling stable_deref_trait v1.2.1
   Compiling memchr v2.8.2
   Compiling bytes v1.12.0
   Compiling pin-project-lite v0.2.17
   Compiling futures-core v0.3.32
   Compiling socket2 v0.6.4
   Compiling synstructure v0.13.2
   Compiling zerovec-derive v0.11.3
   Compiling zerofrom-derive v0.1.7
   Compiling yoke-derive v0.8.2
   Compiling zerofrom v0.1.8
   Compiling displaydoc v0.2.6
   Compiling yoke v0.8.3
   Compiling zerovec v0.11.6
   Compiling mio v1.2.1
   Compiling tokio v1.52.3
   Compiling tinystr v0.8.3
   Compiling litemap v0.8.2
   Compiling futures-sink v0.3.32
   Compiling smallvec v1.15.2
   Compiling writeable v0.6.3
   Compiling icu_locale_core v2.2.0
   Compiling potential_utf v0.1.5
   Compiling zerotrie v0.2.4
   Compiling utf8_iter v1.0.4
   Compiling icu_collections v2.2.0
   Compiling icu_provider v2.2.0
   Compiling http v1.4.2
   Compiling percent-encoding v2.3.2
   Compiling zeroize v1.9.0
   Compiling once_cell v1.21.4
   Compiling rustls-pki-types v1.14.1
   Compiling http-body v1.0.1
   Compiling icu_properties_data v2.2.0
   Compiling icu_normalizer_data v2.2.0
   Compiling getrandom v0.2.17
   Compiling futures-task v0.3.32
   Compiling slab v0.4.12
   Compiling untrusted v0.9.0
   Compiling simd-adler32 v0.3.9
   Compiling adler2 v2.0.1
   Compiling futures-io v0.3.32
   Compiling miniz_oxide v0.8.9
   Compiling futures-util v0.3.32
   Compiling ring v0.17.14
   Compiling icu_normalizer v2.2.0
   Compiling icu_properties v2.2.0
   Compiling crc32fast v1.5.0
   Compiling tower-service v0.3.3
   Compiling try-lock v0.2.5
   Compiling want v0.3.1
   Compiling flate2 v1.1.9
   Compiling httparse v1.10.1
   Compiling rustls-webpki v0.103.13
   Compiling idna_adapter v1.2.2
   Compiling tracing-core v0.1.36
   Compiling form_urlencoded v1.2.2
   Compiling futures-channel v0.3.32
   Compiling serde_derive v1.0.228
   Compiling compression-core v0.4.32
   Compiling atomic-waker v1.1.2
   Compiling subtle v2.6.1
   Compiling rustls v0.23.41
   Compiling serde v1.0.228
   Compiling hyper v1.10.1
   Compiling compression-codecs v0.4.38
   Compiling tracing v0.1.44
   Compiling idna v1.1.0
   Compiling sync_wrapper v1.0.2
   Compiling aho-corasick v1.1.4
   Compiling base64 v0.22.1
   Compiling tower-layer v0.3.3
   Compiling ipnet v2.12.0
   Compiling hyper-util v0.1.20
   Compiling tokio-rustls v0.26.4
   Compiling regex-automata v0.4.14
   Compiling tower v0.5.3
   Compiling serde_json v1.0.150
   Compiling url v2.5.8
   Compiling async-compression v0.4.42
   Compiling http-body-util v0.1.3
   Compiling webpki-roots v1.0.8
   Compiling tokio-util v0.7.18
   Compiling thiserror-impl v1.0.69
   Compiling ryu v1.0.23
   Compiling bitflags v2.13.0
   Compiling tower-http v0.6.11
   Compiling thiserror v1.0.69
   Compiling serde_urlencoded v0.7.1
   Compiling hyper-rustls v0.27.9
   Compiling regex v1.12.4
   Compiling log v0.4.33
   Compiling brain-contracts v0.1.0 (/home/nathanael/.worktrees/brain-g-v2-20261007/rust/crates/brain-contracts)
   Compiling reqwest v0.12.28
   Compiling httpdate v1.0.3
   Compiling brain-providers v0.1.0 (/home/nathanael/.worktrees/brain-g-v2-20261007/rust/crates/brain-providers)
    Finished `test` profile [unoptimized + debuginfo] target(s) in 1m 09s
     Running unittests src/lib.rs (/tmp/brain-g0-r1-target/debug/deps/brain_providers-52636595de550223)

running 11 tests
test circuit::tests::circuit_opens_allows_one_probe_and_recovers ... ok
test circuit::tests::failed_probe_restarts_cooldown ... ok
test hardening::tests::cost_overflow_fails_closed ... ok
test hardening::tests::endpoint_and_price_are_explicit ... ok
test tests::debug_redacts_token ... ok
test tests::invalid_json_is_rejected_without_fallback ... ok
test tests::request_budget_limits_retries_and_output_tokens ... ok
test tests::retries_rate_limit_and_parses_typed_response ... ok
test tests::subscription_uses_native_messages_without_credentials_or_tools ... ok
test tests::zero_round_budget_blocks_before_network ... ok
test transport::precondition_tests::specific_rejections_take_precedence_over_model_mentions ... ok

test result: ok. 11 passed; 0 failed; 0 ignored; 0 measured; 0 filtered out; finished in 0.02s

     Running tests/faults.rs (/tmp/brain-g0-r1-target/debug/deps/faults-b83ce668b0b5bed5)

running 8 tests
test authentication_redirect_and_missing_usage_do_not_retry ... ok
test bounded_chunked_response_and_timeout_are_errors ... ok
test cancellation_during_first_provider_attempt_prevents_a_retry ... ok
test cancelled_provider_and_embedding_calls_never_open_a_connection ... ok
test cost_input_and_egress_fail_before_any_socket ... ok
test embeddings_restore_indices_and_reject_duplicates_or_dimension_errors ... ok
test grounded_no_answer_signal_is_exact_and_preserves_usage ... ok
test server_error_retries_but_retry_after_beyond_deadline_does_not ... ok

test result: ok. 8 passed; 0 failed; 0 ignored; 0 measured; 0 filtered out; finished in 0.26s

   Doc-tests brain_providers

running 0 tests

test result: ok. 0 passed; 0 failed; 0 ignored; 0 measured; 0 filtered out; finished in 0.00s

