    Checking tokio v1.52.3
   Compiling nix v0.29.0
    Checking tokio-util v0.7.18
    Checking hyper v1.10.1
    Checking tower v0.5.3
    Checking tokio-rustls v0.26.4
    Checking async-compression v0.4.42
    Checking tower-http v0.6.11
    Checking hyper-util v0.1.20
    Checking tokio-stream v0.1.18
    Checking sqlx-core v0.8.6
    Checking hyper-rustls v0.27.9
    Checking reqwest v0.12.28
    Checking sqlx-postgres v0.8.6
    Checking serde_spanned v0.6.9
    Checking toml_datetime v0.6.11
    Checking winnow v0.7.15
    Checking toml_write v0.1.2
    Checking toml_edit v0.22.27
    Checking sqlx v0.8.6
    Checking brain-providers v0.1.0 (/home/nathanael/.worktrees/brain-luna-abo-20261003/rust/crates/brain-providers)
    Checking uplink-infisical-transport v0.1.0 (/home/nathanael/.worktrees/Deadlock-Bots/rust/vendor/uplink-infisical-transport)
    Checking toml v0.8.23
    Checking dbrain-builds v0.1.0 (/home/nathanael/.worktrees/brain-luna-abo-20261003/rust/crates/dbrain-builds)
    Checking utf8parse v0.2.2
    Checking anstyle-parse v1.0.0
    Checking is_terminal_polyfill v1.70.2
    Checking anstyle-query v1.1.5
    Checking colorchoice v1.0.5
    Checking anstyle v1.0.14
    Checking anstream v1.0.0
    Checking strsim v0.11.1
    Checking clap_lex v1.1.0
    Checking clap_builder v4.6.0
    Checking deadlock-brain-core v0.1.0 (/home/nathanael/.worktrees/brain-luna-abo-20261003/rust/crates/deadlock-brain-core)
   Compiling clap_derive v4.6.1
warning: associated functions `invalid_integer_env` and `invalid_float_env` are never used
  --> crates/deadlock-brain-core/src/error.rs:52:19
   |
51 | impl CoreError {
   | -------------- associated functions in this implementation
52 |     pub(crate) fn invalid_integer_env(
   |                   ^^^^^^^^^^^^^^^^^^^
...
64 |     pub(crate) fn invalid_float_env(
   |                   ^^^^^^^^^^^^^^^^^
   |
   = note: `#[warn(dead_code)]` (part of `#[warn(unused)]`) on by default

warning: `deadlock-brain-core` (lib) generated 1 warning
    Checking dbrain-normalize v0.1.0 (/home/nathanael/.worktrees/brain-luna-abo-20261003/rust/crates/dbrain-normalize)
    Checking clap v4.6.1
   Compiling dbrain-reasoner v0.1.0 (/home/nathanael/.worktrees/brain-luna-abo-20261003/rust/crates/dbrain-reasoner)
    Checking dbrain-population v0.1.0 (/home/nathanael/.worktrees/brain-luna-abo-20261003/rust/crates/dbrain-population)
    Checking sha2 v0.11.0
    Checking hmac v0.13.0
    Checking md-5 v0.11.0
    Checking fallible-iterator v0.2.0
    Checking postgres-protocol v0.6.12
   Compiling phf_generator v0.10.0
   Compiling phf_codegen v0.11.3
   Compiling string_cache_codegen v0.5.4
    Checking phf_shared v0.13.1
    Checking precomputed-hash v0.1.1
    Checking mac v0.1.1
    Checking futf v0.1.5
    Checking phf v0.13.1
   Compiling markup5ever v0.12.1
   Compiling phf_codegen v0.10.0
    Checking postgres-types v0.2.14
    Checking whoami v2.1.2
   Compiling async-trait v0.1.89
   Compiling getrandom v0.3.4
    Checking dtoa v1.0.11
    Checking utf-8 v0.7.6
    Checking siphasher v0.3.11
    Checking tendril v0.4.3
    Checking phf_shared v0.10.0
    Checking dtoa-short v0.3.5
    Checking tokio-postgres v0.7.18
   Compiling selectors v0.25.0
    Checking string_cache v0.8.9
   Compiling ahash v0.8.12
   Compiling cssparser-macros v0.6.1
   Compiling html5ever v0.27.0
    Checking postgres v0.19.14
    Checking cssparser v0.31.2
    Checking phf v0.10.1
    Checking fxhash v0.2.1
    Checking servo_arc v0.3.0
   Compiling derive_more v0.99.20
    Checking unicode-width v0.2.2
    Checking getopts v0.2.24
    Checking brain-storage v0.1.0 (/home/nathanael/.worktrees/brain-luna-abo-20261003/rust/crates/brain-storage)
    Checking ego-tree v0.6.3
    Checking scraper v0.20.0
    Checking dbrain-s12-wiki-probe v0.1.0 (/home/nathanael/.worktrees/brain-luna-abo-20261003/rust/crates/dbrain-wiki)
    Checking dbrain-retrieval v0.1.0 (/home/nathanael/.worktrees/brain-luna-abo-20261003/rust/crates/dbrain-retrieval)
    Checking roxmltree v0.20.0
    Checking dbrain-sources v0.1.0 (/home/nathanael/.worktrees/brain-luna-abo-20261003/rust/crates/dbrain-sources)
    Checking dl-token-secrets v0.1.0 (/home/nathanael/.worktrees/Deadlock-Bots/rust/crates/dl-token-secrets)
    Checking brain-policy v0.1.0 (/home/nathanael/.worktrees/brain-luna-abo-20261003/rust/crates/brain-policy)
    Checking axum-core v0.5.6
    Checking serde_path_to_error v0.1.20
    Checking matchit v0.8.4
    Checking axum v0.8.9
    Checking brain-kernel v0.1.0 (/home/nathanael/.worktrees/brain-luna-abo-20261003/rust/crates/brain-kernel)
    Checking brain-client v0.1.0 (/home/nathanael/.worktrees/brain-luna-abo-20261003/rust/crates/brain-client)
    Checking brain-ingestion v0.1.0 (/home/nathanael/.worktrees/brain-luna-abo-20261003/rust/crates/brain-ingestion)
    Checking dbrain-enrich v0.1.0 (/home/nathanael/.worktrees/brain-luna-abo-20261003/rust/crates/dbrain-enrich)
    Checking brain-api v0.1.0 (/home/nathanael/.worktrees/brain-luna-abo-20261003/rust/crates/brain-api)
    Checking brain-serve v0.1.0 (/home/nathanael/.worktrees/brain-luna-abo-20261003/rust/crates/brain-serve)
    Checking dbrain-learn v0.1.0 (/home/nathanael/.worktrees/brain-luna-abo-20261003/rust/crates/dbrain-learn)
    Checking brain-jev v0.1.0 (/home/nathanael/.worktrees/brain-luna-abo-20261003/rust/crates/brain-jev)
    Checking wait-timeout v0.2.1
    Checking brain-maintenance v0.1.0 (/home/nathanael/.worktrees/brain-luna-abo-20261003/rust/crates/brain-maintenance)
    Checking deadlock-brain v0.1.0 (/home/nathanael/.worktrees/brain-luna-abo-20261003/rust/crates/deadlock-brain)
warning: `deadlock-brain-core` (lib test) generated 1 warning (1 duplicate)
    Finished `dev` profile [unoptimized + debuginfo] target(s) in 58.38s
