config sheet-sync missing Exit 1
config sheet-sync fifo Exit 1
config sheet-sync symlink Exit 1
config sheet-sync unreadable Exit 1
config sheet-sync invalid Exit 1
config sheet-sync oversized Exit 1
config build-data missing Exit 1
config build-data fifo Exit 1
config build-data symlink Exit 1
config build-data unreadable Exit 1
config build-data invalid Exit 1
config build-data oversized Exit 1
credential sheet-sync missing Exit 1
credential sheet-sync fifo Exit 1
credential sheet-sync symlink Exit 1
credential sheet-sync unreadable Exit 1
credential sheet-sync invalid Exit 1
credential sheet-sync oversized Exit 1
credential sheet-sync empty Exit 1
credential build-data missing Exit 1
credential build-data fifo Exit 1
credential build-data symlink Exit 1
credential build-data unreadable Exit 1
credential build-data invalid Exit 1
credential build-data oversized Exit 1
credential build-data empty Exit 1
