    Checking nix v0.29.0
    Checking dbrain-builds v0.1.0 (/home/nathanael/.worktrees/brain-luna-abo-20261003/rust/crates/dbrain-builds)
   Compiling dbrain-reasoner v0.1.0 (/home/nathanael/.worktrees/brain-luna-abo-20261003/rust/crates/dbrain-reasoner)
    Checking brain-storage v0.1.0 (/home/nathanael/.worktrees/brain-luna-abo-20261003/rust/crates/brain-storage)
    Checking brain-providers v0.1.0 (/home/nathanael/.worktrees/brain-luna-abo-20261003/rust/crates/brain-providers)
    Checking deadlock-brain-core v0.1.0 (/home/nathanael/.worktrees/brain-luna-abo-20261003/rust/crates/deadlock-brain-core)
    Checking dl-token-secrets v0.1.0 (/home/nathanael/.worktrees/Deadlock-Bots/rust/crates/dl-token-secrets)
    Checking brain-client v0.1.0 (/home/nathanael/.worktrees/brain-luna-abo-20261003/rust/crates/brain-client)
    Checking dbrain-normalize v0.1.0 (/home/nathanael/.worktrees/brain-luna-abo-20261003/rust/crates/dbrain-normalize)
    Checking dbrain-population v0.1.0 (/home/nathanael/.worktrees/brain-luna-abo-20261003/rust/crates/dbrain-population)
    Checking dbrain-enrich v0.1.0 (/home/nathanael/.worktrees/brain-luna-abo-20261003/rust/crates/dbrain-enrich)
    Checking dbrain-learn v0.1.0 (/home/nathanael/.worktrees/brain-luna-abo-20261003/rust/crates/dbrain-learn)
    Checking dbrain-s12-wiki-probe v0.1.0 (/home/nathanael/.worktrees/brain-luna-abo-20261003/rust/crates/dbrain-wiki)
    Checking dbrain-sources v0.1.0 (/home/nathanael/.worktrees/brain-luna-abo-20261003/rust/crates/dbrain-sources)
    Checking dbrain-retrieval v0.1.0 (/home/nathanael/.worktrees/brain-luna-abo-20261003/rust/crates/dbrain-retrieval)
    Checking brain-api v0.1.0 (/home/nathanael/.worktrees/brain-luna-abo-20261003/rust/crates/brain-api)
    Checking brain-ingestion v0.1.0 (/home/nathanael/.worktrees/brain-luna-abo-20261003/rust/crates/brain-ingestion)
    Checking brain-serve v0.1.0 (/home/nathanael/.worktrees/brain-luna-abo-20261003/rust/crates/brain-serve)
    Checking deadlock-brain v0.1.0 (/home/nathanael/.worktrees/brain-luna-abo-20261003/rust/crates/deadlock-brain)
    Finished `dev` profile [unoptimized + debuginfo] target(s) in 46.32s
