cargo-slot: Slot 3, optimiert=0
    Blocking waiting for file lock on package cache
    Checking brain-storage v0.1.0 (/home/nathanael/.worktrees/brain-g-v2-20261007/rust/crates/brain-storage)
   Compiling dbrain-reasoner v0.1.0 (/home/nathanael/.worktrees/brain-g-v2-20261007/rust/crates/dbrain-reasoner)
    Checking brain-providers v0.1.0 (/home/nathanael/.worktrees/brain-g-v2-20261007/rust/crates/brain-providers)
    Checking brain-api v0.1.0 (/home/nathanael/.worktrees/brain-g-v2-20261007/rust/crates/brain-api)
    Checking brain-client v0.1.0 (/home/nathanael/.worktrees/brain-g-v2-20261007/rust/crates/brain-client)
    Checking dbrain-builds v0.1.0 (/home/nathanael/.worktrees/brain-g-v2-20261007/rust/crates/dbrain-builds)
    Checking brain-ingestion v0.1.0 (/home/nathanael/.worktrees/brain-g-v2-20261007/rust/crates/brain-ingestion)
    Checking deadlock-brain-core v0.1.0 (/home/nathanael/.worktrees/brain-g-v2-20261007/rust/crates/deadlock-brain-core)
    Checking dbrain-normalize v0.1.0 (/home/nathanael/.worktrees/brain-g-v2-20261007/rust/crates/dbrain-normalize)
    Checking dbrain-population v0.1.0 (/home/nathanael/.worktrees/brain-g-v2-20261007/rust/crates/dbrain-population)
    Checking dbrain-s12-wiki-probe v0.1.0 (/home/nathanael/.worktrees/brain-g-v2-20261007/rust/crates/dbrain-wiki)
    Checking dbrain-retrieval v0.1.0 (/home/nathanael/.worktrees/brain-g-v2-20261007/rust/crates/dbrain-retrieval)
    Checking dbrain-sources v0.1.0 (/home/nathanael/.worktrees/brain-g-v2-20261007/rust/crates/dbrain-sources)
    Checking brain-serve v0.1.0 (/home/nathanael/.worktrees/brain-g-v2-20261007/rust/crates/brain-serve)
    Checking brain-feeds v0.1.0 (/home/nathanael/.worktrees/brain-g-v2-20261007/rust/crates/brain-feeds)
    Checking brain-kernel v0.1.0 (/home/nathanael/.worktrees/brain-g-v2-20261007/rust/crates/brain-kernel)
    Finished `dev` profile [unoptimized + debuginfo] target(s) in 2m 32s
cargo-slot: EXIT=0
