COMMAND /home/nathanael/.local/bin/cargo-slot clippy --manifest-path /home/nathanael/.worktrees/brain-g-v2-20261007/rust/Cargo.toml --package brain-contracts --package brain-providers --package brain-serve --package dbrain-sources --all-targets --locked --offline --jobs 3 --target-dir /tmp/brain-g-m-0645-target -- -D warnings
cargo-slot: Slot 1, optimiert=0
    Checking tokio v1.52.3
   Compiling dbrain-reasoner v0.1.0 (/home/nathanael/.worktrees/brain-g-v2-20261007/rust/crates/dbrain-reasoner)
    Checking tokio-util v0.7.18
    Checking hyper v1.10.1
    Checking tower v0.5.3
    Checking tokio-rustls v0.26.4
    Checking async-compression v0.4.42
    Checking tokio-stream v0.1.18
    Checking tower-http v0.6.11
    Checking sqlx-core v0.8.6
    Checking hyper-util v0.1.20
    Checking tokio-postgres v0.7.18
    Checking hyper-rustls v0.27.9
    Checking sqlx-postgres v0.8.6
    Checking reqwest v0.12.28
    Checking postgres v0.19.14
    Checking tokio-tungstenite v0.28.0
    Checking uplink-infisical-transport v0.1.0 (/home/nathanael/.worktrees/Deadlock-Bots/rust/vendor/uplink-infisical-transport)
    Checking brain-providers v0.1.0 (/home/nathanael/.worktrees/brain-g-v2-20261007/rust/crates/brain-providers)
    Checking uplink-infisical-transport v0.1.1 (/home/nathanael/.worktrees/brain-g-v2-20261007/rust/vendor/uplink-infisical-transport)
    Checking axum v0.8.9
    Checking dl-token-secrets v0.1.0 (/home/nathanael/.worktrees/Deadlock-Bots/rust/crates/dl-token-secrets)
    Checking brain-client v0.1.0 (/home/nathanael/.worktrees/brain-g-v2-20261007/rust/crates/brain-client)
    Checking sqlx v0.8.6
    Checking brain-storage v0.1.0 (/home/nathanael/.worktrees/brain-g-v2-20261007/rust/crates/brain-storage)
    Checking brain-api v0.1.0 (/home/nathanael/.worktrees/brain-g-v2-20261007/rust/crates/brain-api)
    Checking dbrain-builds v0.1.0 (/home/nathanael/.worktrees/brain-g-v2-20261007/rust/crates/dbrain-builds)
    Checking brain-ingestion v0.1.0 (/home/nathanael/.worktrees/brain-g-v2-20261007/rust/crates/brain-ingestion)
    Checking deadlock-brain-core v0.1.0 (/home/nathanael/.worktrees/brain-g-v2-20261007/rust/crates/deadlock-brain-core)
    Checking dbrain-normalize v0.1.0 (/home/nathanael/.worktrees/brain-g-v2-20261007/rust/crates/dbrain-normalize)
    Checking dbrain-population v0.1.0 (/home/nathanael/.worktrees/brain-g-v2-20261007/rust/crates/dbrain-population)
    Checking dbrain-s12-wiki-probe v0.1.0 (/home/nathanael/.worktrees/brain-g-v2-20261007/rust/crates/dbrain-wiki)
    Checking dbrain-retrieval v0.1.0 (/home/nathanael/.worktrees/brain-g-v2-20261007/rust/crates/dbrain-retrieval)
    Checking dbrain-sources v0.1.0 (/home/nathanael/.worktrees/brain-g-v2-20261007/rust/crates/dbrain-sources)
    Checking brain-serve v0.1.0 (/home/nathanael/.worktrees/brain-g-v2-20261007/rust/crates/brain-serve)
    Finished `dev` profile [unoptimized + debuginfo] target(s) in 46.85s
cargo-slot: EXIT=0

EXIT=0 SIGNAL=null
