2026-10-07 09:41:51.723 CEST [2868099] LOG:  starting PostgreSQL 16.14 (Ubuntu 16.14-1.pgdg24.04+1) on x86_64-pc-linux-gnu, compiled by gcc (Ubuntu 13.3.0-6ubuntu2~24.04.1) 13.3.0, 64-bit
2026-10-07 09:41:51.724 CEST [2868099] LOG:  listening on Unix socket "/tmp/brain-g-m-0645/.core-test-pg/.s.PGSQL.55439"
2026-10-07 09:41:51.734 CEST [2868106] LOG:  database system was shut down at 2026-10-07 09:40:42 CEST
2026-10-07 09:41:51.786 CEST [2868099] LOG:  database system is ready to accept connections
2026-10-07 09:46:51.856 CEST [2868104] LOG:  checkpoint starting: time
2026-10-07 09:48:32.632 CEST [2868104] LOG:  checkpoint complete: wrote 935 buffers (45.7%); 0 WAL file(s) added, 0 removed, 0 recycled; write=100.612 s, sync=0.026 s, total=100.776 s; sync files=308, longest=0.009 s, average=0.001 s; distance=4294 kB, estimate=4294 kB; lsn=0/1920E28, redo lsn=0/1920DF0
2026-10-07 09:51:43.303 CEST [2935602] ERROR:  relation "tierlist.hero_build_sources" does not exist at character 335
2026-10-07 09:51:43.303 CEST [2935602] STATEMENT:  SELECT (to_jsonb(hbs) || jsonb_build_object('author', hbs.author_account_id::text, 'weight', COALESCE(wba.priority,0)::double precision, 'published_at', EXTRACT(EPOCH FROM hbs.published_at)::bigint, 'last_updated_at', EXTRACT(EPOCH FROM hbs.last_updated_at)::bigint))::text AS row_json FROM (SELECT DISTINCT ON (hero_build_id) * FROM tierlist.hero_build_sources ORDER BY hero_build_id, version DESC NULLS LAST, fetched_at DESC NULLS LAST) hbs JOIN tierlist.watched_build_authors wba ON wba.author_account_id=hbs.author_account_id AND wba.is_active IS TRUE WHERE ($1::bigint IS NULL OR hbs.hero_id=$1) ORDER BY COALESCE(hbs.last_updated_at, hbs.published_at) DESC NULLS LAST, hbs.version DESC NULLS LAST, hbs.hero_build_id
2026-10-07 09:51:43.344 CEST [2935602] ERROR:  column hbs.last_updated_at does not exist at character 238
2026-10-07 09:51:43.344 CEST [2935602] STATEMENT:  SELECT (to_jsonb(hbs) || jsonb_build_object('author', hbs.author_account_id::text, 'weight', COALESCE(wba.priority,0)::double precision, 'published_at', EXTRACT(EPOCH FROM hbs.published_at)::bigint, 'last_updated_at', EXTRACT(EPOCH FROM hbs.last_updated_at)::bigint))::text AS row_json FROM (SELECT DISTINCT ON (hero_build_id) * FROM tierlist.hero_build_sources ORDER BY hero_build_id, version DESC NULLS LAST, fetched_at DESC NULLS LAST) hbs JOIN tierlist.watched_build_authors wba ON wba.author_account_id=hbs.author_account_id AND wba.is_active IS TRUE WHERE ($1::bigint IS NULL OR hbs.hero_id=$1) ORDER BY COALESCE(hbs.last_updated_at, hbs.published_at) DESC NULLS LAST, hbs.version DESC NULLS LAST, hbs.hero_build_id
2026-10-07 09:51:43.345 CEST [2935602] LOG:  could not send data to client: Broken pipe
2026-10-07 09:51:43.345 CEST [2935602] FATAL:  connection to client lost
2026-10-07 09:51:45.608 CEST [2935863] ERROR:  column "hero_build_id" does not exist at character 372
2026-10-07 09:51:45.608 CEST [2935863] STATEMENT:  SELECT (to_jsonb(hbs) || jsonb_build_object('author', hbs.author_account_id::text, 'weight', COALESCE(wba.priority,0)::double precision, 'published_at', EXTRACT(EPOCH FROM hbs.published_at)::bigint, 'last_updated_at', EXTRACT(EPOCH FROM hbs.last_updated_at)::bigint))::text AS row_json FROM (SELECT DISTINCT ON (hero_build_id) * FROM tierlist.hero_build_sources ORDER BY hero_build_id, version DESC NULLS LAST, fetched_at DESC NULLS LAST) hbs JOIN tierlist.watched_build_authors wba ON wba.author_account_id=hbs.author_account_id AND wba.is_active IS TRUE WHERE ($1::bigint IS NULL OR hbs.hero_id=$1) ORDER BY COALESCE(hbs.last_updated_at, hbs.published_at) DESC NULLS LAST, hbs.version DESC NULLS LAST, hbs.hero_build_id
2026-10-07 09:51:45.665 CEST [2935863] LOG:  could not receive data from client: Connection reset by peer
2026-10-07 09:51:45.756 CEST [2935954] ERROR:  column "hero_build_id" does not exist at character 372
2026-10-07 09:51:45.756 CEST [2935954] STATEMENT:  SELECT (to_jsonb(hbs) || jsonb_build_object('author', hbs.author_account_id::text, 'weight', COALESCE(wba.priority,0)::double precision, 'published_at', EXTRACT(EPOCH FROM hbs.published_at)::bigint, 'last_updated_at', EXTRACT(EPOCH FROM hbs.last_updated_at)::bigint))::text AS row_json FROM (SELECT DISTINCT ON (hero_build_id) * FROM tierlist.hero_build_sources ORDER BY hero_build_id, version DESC NULLS LAST, fetched_at DESC NULLS LAST) hbs JOIN tierlist.watched_build_authors wba ON wba.author_account_id=hbs.author_account_id AND wba.is_active IS TRUE WHERE ($1::bigint IS NULL OR hbs.hero_id=$1) ORDER BY COALESCE(hbs.last_updated_at, hbs.published_at) DESC NULLS LAST, hbs.version DESC NULLS LAST, hbs.hero_build_id
2026-10-07 09:51:45.756 CEST [2935954] LOG:  could not send data to client: Broken pipe
2026-10-07 09:51:45.757 CEST [2935954] FATAL:  connection to client lost
2026-10-07 09:51:45.917 CEST [2935975] ERROR:  cannot execute INSERT in a read-only transaction
2026-10-07 09:51:45.917 CEST [2935975] STATEMENT:  INSERT INTO brain.reasoner_patch_deltas (hero_id, patch_tag, target_kind, target_id, mechanic, sign, magnitude, note) VALUES ($1, $2, $3, $4, $5, $6, $7, $8) ON CONFLICT (hero_id, patch_tag, target_kind, target_id, mechanic) DO UPDATE SET sign=EXCLUDED.sign, magnitude=EXCLUDED.magnitude, note=EXCLUDED.note
2026-10-07 09:51:47.634 CEST [2936011] ERROR:  column "hero_build_id" does not exist at character 372
2026-10-07 09:51:47.634 CEST [2936011] STATEMENT:  SELECT (to_jsonb(hbs) || jsonb_build_object('author', hbs.author_account_id::text, 'weight', COALESCE(wba.priority,0)::double precision, 'published_at', EXTRACT(EPOCH FROM hbs.published_at)::bigint, 'last_updated_at', EXTRACT(EPOCH FROM hbs.last_updated_at)::bigint))::text AS row_json FROM (SELECT DISTINCT ON (hero_build_id) * FROM tierlist.hero_build_sources ORDER BY hero_build_id, version DESC NULLS LAST, fetched_at DESC NULLS LAST) hbs JOIN tierlist.watched_build_authors wba ON wba.author_account_id=hbs.author_account_id AND wba.is_active IS TRUE WHERE ($1::bigint IS NULL OR hbs.hero_id=$1) ORDER BY COALESCE(hbs.last_updated_at, hbs.published_at) DESC NULLS LAST, hbs.version DESC NULLS LAST, hbs.hero_build_id
2026-10-07 09:51:50.123 CEST [2936370] ERROR:  column "hero_build_id" does not exist at character 372
2026-10-07 09:51:50.123 CEST [2936370] STATEMENT:  SELECT (to_jsonb(hbs) || jsonb_build_object('author', hbs.author_account_id::text, 'weight', COALESCE(wba.priority,0)::double precision, 'published_at', EXTRACT(EPOCH FROM hbs.published_at)::bigint, 'last_updated_at', EXTRACT(EPOCH FROM hbs.last_updated_at)::bigint))::text AS row_json FROM (SELECT DISTINCT ON (hero_build_id) * FROM tierlist.hero_build_sources ORDER BY hero_build_id, version DESC NULLS LAST, fetched_at DESC NULLS LAST) hbs JOIN tierlist.watched_build_authors wba ON wba.author_account_id=hbs.author_account_id AND wba.is_active IS TRUE WHERE ($1::bigint IS NULL OR hbs.hero_id=$1) ORDER BY COALESCE(hbs.last_updated_at, hbs.published_at) DESC NULLS LAST, hbs.version DESC NULLS LAST, hbs.hero_build_id
2026-10-07 09:51:50.124 CEST [2936370] LOG:  could not send data to client: Broken pipe
2026-10-07 09:51:50.124 CEST [2936370] FATAL:  connection to client lost
2026-10-07 09:51:51.052 CEST [2936429] ERROR:  column "hero_build_id" does not exist at character 372
2026-10-07 09:51:51.052 CEST [2936429] STATEMENT:  SELECT (to_jsonb(hbs) || jsonb_build_object('author', hbs.author_account_id::text, 'weight', COALESCE(wba.priority,0)::double precision, 'published_at', EXTRACT(EPOCH FROM hbs.published_at)::bigint, 'last_updated_at', EXTRACT(EPOCH FROM hbs.last_updated_at)::bigint))::text AS row_json FROM (SELECT DISTINCT ON (hero_build_id) * FROM tierlist.hero_build_sources ORDER BY hero_build_id, version DESC NULLS LAST, fetched_at DESC NULLS LAST) hbs JOIN tierlist.watched_build_authors wba ON wba.author_account_id=hbs.author_account_id AND wba.is_active IS TRUE WHERE ($1::bigint IS NULL OR hbs.hero_id=$1) ORDER BY COALESCE(hbs.last_updated_at, hbs.published_at) DESC NULLS LAST, hbs.version DESC NULLS LAST, hbs.hero_build_id
2026-10-07 09:51:51.297 CEST [2936542] ERROR:  relation "brain.patch_events" does not exist at character 126
2026-10-07 09:51:51.297 CEST [2936542] STATEMENT:  SELECT COALESCE(NULLIF(to_jsonb(pe)->>'patch_external_id', ''), to_char(pe.posted_at AT TIME ZONE 'UTC', 'YYYY-MM-DD')) FROM brain.patch_events pe WHERE NULLIF(to_jsonb(pe)->>'patch_external_id', '') IS NOT NULL OR pe.posted_at IS NOT NULL ORDER BY pe.posted_at DESC NULLS LAST, pe.id DESC LIMIT 1
2026-10-07 09:51:51.311 CEST [2868104] LOG:  checkpoint starting: time
2026-10-07 09:52:14.638 CEST [2868104] LOG:  checkpoint complete: wrote 219 buffers (10.7%); 1 WAL file(s) added, 0 removed, 0 recycled; write=22.417 s, sync=0.022 s, total=23.327 s; sync files=525, longest=0.009 s, average=0.001 s; distance=2707 kB, estimate=4135 kB; lsn=0/1C79C68, redo lsn=0/1BC5BF8
2026-10-07 09:56:51.744 CEST [2868104] LOG:  checkpoint starting: time
2026-10-07 09:57:13.118 CEST [2868104] LOG:  checkpoint complete: wrote 209 buffers (10.2%); 0 WAL file(s) added, 0 removed, 0 recycled; write=21.342 s, sync=0.018 s, total=21.375 s; sync files=35, longest=0.013 s, average=0.001 s; distance=731 kB, estimate=3795 kB; lsn=0/1C7CC08, redo lsn=0/1C7CBD0
2026-10-07 10:13:22.203 CEST [3082632] ERROR:  relation "tierlist.hero_build_sources" does not exist at character 335
2026-10-07 10:13:22.203 CEST [3082632] STATEMENT:  SELECT (to_jsonb(hbs) || jsonb_build_object('author', hbs.author_account_id::text, 'weight', COALESCE(wba.priority,0)::double precision, 'published_at', EXTRACT(EPOCH FROM hbs.published_at)::bigint, 'last_updated_at', EXTRACT(EPOCH FROM hbs.last_updated_at)::bigint))::text AS row_json FROM (SELECT DISTINCT ON (hero_build_id) * FROM tierlist.hero_build_sources ORDER BY hero_build_id, version DESC NULLS LAST, fetched_at DESC NULLS LAST) hbs JOIN tierlist.watched_build_authors wba ON wba.author_account_id=hbs.author_account_id AND wba.is_active IS TRUE WHERE ($1::bigint IS NULL OR hbs.hero_id=$1) ORDER BY COALESCE(hbs.last_updated_at, hbs.published_at) DESC NULLS LAST, hbs.version DESC NULLS LAST, hbs.hero_build_id
2026-10-07 10:13:22.219 CEST [3082632] ERROR:  column hbs.last_updated_at does not exist at character 238
2026-10-07 10:13:22.219 CEST [3082632] STATEMENT:  SELECT (to_jsonb(hbs) || jsonb_build_object('author', hbs.author_account_id::text, 'weight', COALESCE(wba.priority,0)::double precision, 'published_at', EXTRACT(EPOCH FROM hbs.published_at)::bigint, 'last_updated_at', EXTRACT(EPOCH FROM hbs.last_updated_at)::bigint))::text AS row_json FROM (SELECT DISTINCT ON (hero_build_id) * FROM tierlist.hero_build_sources ORDER BY hero_build_id, version DESC NULLS LAST, fetched_at DESC NULLS LAST) hbs JOIN tierlist.watched_build_authors wba ON wba.author_account_id=hbs.author_account_id AND wba.is_active IS TRUE WHERE ($1::bigint IS NULL OR hbs.hero_id=$1) ORDER BY COALESCE(hbs.last_updated_at, hbs.published_at) DESC NULLS LAST, hbs.version DESC NULLS LAST, hbs.hero_build_id
2026-10-07 10:13:22.494 CEST [3082713] ERROR:  column "hero_build_id" does not exist at character 372
2026-10-07 10:13:22.494 CEST [3082713] STATEMENT:  SELECT (to_jsonb(hbs) || jsonb_build_object('author', hbs.author_account_id::text, 'weight', COALESCE(wba.priority,0)::double precision, 'published_at', EXTRACT(EPOCH FROM hbs.published_at)::bigint, 'last_updated_at', EXTRACT(EPOCH FROM hbs.last_updated_at)::bigint))::text AS row_json FROM (SELECT DISTINCT ON (hero_build_id) * FROM tierlist.hero_build_sources ORDER BY hero_build_id, version DESC NULLS LAST, fetched_at DESC NULLS LAST) hbs JOIN tierlist.watched_build_authors wba ON wba.author_account_id=hbs.author_account_id AND wba.is_active IS TRUE WHERE ($1::bigint IS NULL OR hbs.hero_id=$1) ORDER BY COALESCE(hbs.last_updated_at, hbs.published_at) DESC NULLS LAST, hbs.version DESC NULLS LAST, hbs.hero_build_id
2026-10-07 10:13:22.541 CEST [3082716] ERROR:  column "hero_build_id" does not exist at character 372
2026-10-07 10:13:22.541 CEST [3082716] STATEMENT:  SELECT (to_jsonb(hbs) || jsonb_build_object('author', hbs.author_account_id::text, 'weight', COALESCE(wba.priority,0)::double precision, 'published_at', EXTRACT(EPOCH FROM hbs.published_at)::bigint, 'last_updated_at', EXTRACT(EPOCH FROM hbs.last_updated_at)::bigint))::text AS row_json FROM (SELECT DISTINCT ON (hero_build_id) * FROM tierlist.hero_build_sources ORDER BY hero_build_id, version DESC NULLS LAST, fetched_at DESC NULLS LAST) hbs JOIN tierlist.watched_build_authors wba ON wba.author_account_id=hbs.author_account_id AND wba.is_active IS TRUE WHERE ($1::bigint IS NULL OR hbs.hero_id=$1) ORDER BY COALESCE(hbs.last_updated_at, hbs.published_at) DESC NULLS LAST, hbs.version DESC NULLS LAST, hbs.hero_build_id
2026-10-07 10:13:22.609 CEST [3082719] ERROR:  cannot execute INSERT in a read-only transaction
2026-10-07 10:13:22.609 CEST [3082719] STATEMENT:  INSERT INTO brain.reasoner_patch_deltas (hero_id, patch_tag, target_kind, target_id, mechanic, sign, magnitude, note) VALUES ($1, $2, $3, $4, $5, $6, $7, $8) ON CONFLICT (hero_id, patch_tag, target_kind, target_id, mechanic) DO UPDATE SET sign=EXCLUDED.sign, magnitude=EXCLUDED.magnitude, note=EXCLUDED.note
2026-10-07 10:13:22.679 CEST [3082729] ERROR:  column "hero_build_id" does not exist at character 372
2026-10-07 10:13:22.679 CEST [3082729] STATEMENT:  SELECT (to_jsonb(hbs) || jsonb_build_object('author', hbs.author_account_id::text, 'weight', COALESCE(wba.priority,0)::double precision, 'published_at', EXTRACT(EPOCH FROM hbs.published_at)::bigint, 'last_updated_at', EXTRACT(EPOCH FROM hbs.last_updated_at)::bigint))::text AS row_json FROM (SELECT DISTINCT ON (hero_build_id) * FROM tierlist.hero_build_sources ORDER BY hero_build_id, version DESC NULLS LAST, fetched_at DESC NULLS LAST) hbs JOIN tierlist.watched_build_authors wba ON wba.author_account_id=hbs.author_account_id AND wba.is_active IS TRUE WHERE ($1::bigint IS NULL OR hbs.hero_id=$1) ORDER BY COALESCE(hbs.last_updated_at, hbs.published_at) DESC NULLS LAST, hbs.version DESC NULLS LAST, hbs.hero_build_id
2026-10-07 10:13:22.781 CEST [3082752] ERROR:  column "hero_build_id" does not exist at character 372
2026-10-07 10:13:22.781 CEST [3082752] STATEMENT:  SELECT (to_jsonb(hbs) || jsonb_build_object('author', hbs.author_account_id::text, 'weight', COALESCE(wba.priority,0)::double precision, 'published_at', EXTRACT(EPOCH FROM hbs.published_at)::bigint, 'last_updated_at', EXTRACT(EPOCH FROM hbs.last_updated_at)::bigint))::text AS row_json FROM (SELECT DISTINCT ON (hero_build_id) * FROM tierlist.hero_build_sources ORDER BY hero_build_id, version DESC NULLS LAST, fetched_at DESC NULLS LAST) hbs JOIN tierlist.watched_build_authors wba ON wba.author_account_id=hbs.author_account_id AND wba.is_active IS TRUE WHERE ($1::bigint IS NULL OR hbs.hero_id=$1) ORDER BY COALESCE(hbs.last_updated_at, hbs.published_at) DESC NULLS LAST, hbs.version DESC NULLS LAST, hbs.hero_build_id
2026-10-07 10:13:22.833 CEST [3082754] ERROR:  column "hero_build_id" does not exist at character 372
2026-10-07 10:13:22.833 CEST [3082754] STATEMENT:  SELECT (to_jsonb(hbs) || jsonb_build_object('author', hbs.author_account_id::text, 'weight', COALESCE(wba.priority,0)::double precision, 'published_at', EXTRACT(EPOCH FROM hbs.published_at)::bigint, 'last_updated_at', EXTRACT(EPOCH FROM hbs.last_updated_at)::bigint))::text AS row_json FROM (SELECT DISTINCT ON (hero_build_id) * FROM tierlist.hero_build_sources ORDER BY hero_build_id, version DESC NULLS LAST, fetched_at DESC NULLS LAST) hbs JOIN tierlist.watched_build_authors wba ON wba.author_account_id=hbs.author_account_id AND wba.is_active IS TRUE WHERE ($1::bigint IS NULL OR hbs.hero_id=$1) ORDER BY COALESCE(hbs.last_updated_at, hbs.published_at) DESC NULLS LAST, hbs.version DESC NULLS LAST, hbs.hero_build_id
2026-10-07 10:13:22.894 CEST [3082761] ERROR:  relation "brain.patch_events" does not exist at character 126
2026-10-07 10:13:22.894 CEST [3082761] STATEMENT:  SELECT COALESCE(NULLIF(to_jsonb(pe)->>'patch_external_id', ''), to_char(pe.posted_at AT TIME ZONE 'UTC', 'YYYY-MM-DD')) FROM brain.patch_events pe WHERE NULLIF(to_jsonb(pe)->>'patch_external_id', '') IS NOT NULL OR pe.posted_at IS NOT NULL ORDER BY pe.posted_at DESC NULLS LAST, pe.id DESC LIMIT 1
2026-10-07 10:14:46.419 CEST [2868099] LOG:  received fast shutdown request
2026-10-07 10:14:46.421 CEST [2868099] LOG:  aborting any active transactions
2026-10-07 10:14:46.425 CEST [2868099] LOG:  background worker "logical replication launcher" (PID 2868113) exited with exit code 1
2026-10-07 10:14:46.427 CEST [2868104] LOG:  shutting down
2026-10-07 10:14:46.437 CEST [2868104] LOG:  checkpoint starting: shutdown immediate
2026-10-07 10:14:46.466 CEST [2868104] LOG:  checkpoint complete: wrote 270 buffers (13.2%); 0 WAL file(s) added, 0 removed, 0 recycled; write=0.009 s, sync=0.014 s, total=0.039 s; sync files=535, longest=0.002 s, average=0.001 s; distance=3115 kB, estimate=3727 kB; lsn=0/1F87930, redo lsn=0/1F87930
2026-10-07 10:14:46.475 CEST [2868099] LOG:  database system is shut down
2026-10-07 10:19:51.032 CEST [3120645] LOG:  starting PostgreSQL 16.14 (Ubuntu 16.14-1.pgdg24.04+1) on x86_64-pc-linux-gnu, compiled by gcc (Ubuntu 13.3.0-6ubuntu2~24.04.1) 13.3.0, 64-bit
2026-10-07 10:19:51.035 CEST [3120645] LOG:  listening on Unix socket "/tmp/brain-g-m-0645/.core-test-pg/.s.PGSQL.55439"
2026-10-07 10:19:51.058 CEST [3120710] LOG:  database system was shut down at 2026-10-07 10:14:46 CEST
2026-10-07 10:19:51.072 CEST [3120645] LOG:  database system is ready to accept connections
2026-10-07 10:24:51.189 CEST [3120708] LOG:  checkpoint starting: time
2026-10-07 10:24:53.765 CEST [3120708] LOG:  checkpoint complete: wrote 26 buffers (1.3%); 0 WAL file(s) added, 0 removed, 0 recycled; write=2.483 s, sync=0.048 s, total=2.616 s; sync files=7, longest=0.033 s, average=0.007 s; distance=87 kB, estimate=87 kB; lsn=0/1F9D808, redo lsn=0/1F9D7D0
2026-10-07 10:25:00.374 CEST [3151222] ERROR:  relation "tierlist.hero_build_sources" does not exist at character 335
2026-10-07 10:25:00.374 CEST [3151222] STATEMENT:  SELECT (to_jsonb(hbs) || jsonb_build_object('author', hbs.author_account_id::text, 'weight', COALESCE(wba.priority,0)::double precision, 'published_at', EXTRACT(EPOCH FROM hbs.published_at)::bigint, 'last_updated_at', EXTRACT(EPOCH FROM hbs.last_updated_at)::bigint))::text AS row_json FROM (SELECT DISTINCT ON (hero_build_id) * FROM tierlist.hero_build_sources ORDER BY hero_build_id, version DESC NULLS LAST, fetched_at DESC NULLS LAST) hbs JOIN tierlist.watched_build_authors wba ON wba.author_account_id=hbs.author_account_id AND wba.is_active IS TRUE WHERE ($1::bigint IS NULL OR hbs.hero_id=$1) ORDER BY COALESCE(hbs.last_updated_at, hbs.published_at) DESC NULLS LAST, hbs.version DESC NULLS LAST, hbs.hero_build_id
2026-10-07 10:25:02.177 CEST [3151222] ERROR:  column hbs.last_updated_at does not exist at character 238
2026-10-07 10:25:02.177 CEST [3151222] STATEMENT:  SELECT (to_jsonb(hbs) || jsonb_build_object('author', hbs.author_account_id::text, 'weight', COALESCE(wba.priority,0)::double precision, 'published_at', EXTRACT(EPOCH FROM hbs.published_at)::bigint, 'last_updated_at', EXTRACT(EPOCH FROM hbs.last_updated_at)::bigint))::text AS row_json FROM (SELECT DISTINCT ON (hero_build_id) * FROM tierlist.hero_build_sources ORDER BY hero_build_id, version DESC NULLS LAST, fetched_at DESC NULLS LAST) hbs JOIN tierlist.watched_build_authors wba ON wba.author_account_id=hbs.author_account_id AND wba.is_active IS TRUE WHERE ($1::bigint IS NULL OR hbs.hero_id=$1) ORDER BY COALESCE(hbs.last_updated_at, hbs.published_at) DESC NULLS LAST, hbs.version DESC NULLS LAST, hbs.hero_build_id
2026-10-07 10:25:02.179 CEST [3151222] LOG:  could not send data to client: Broken pipe
2026-10-07 10:25:02.179 CEST [3151222] FATAL:  connection to client lost
2026-10-07 10:25:04.873 CEST [3151561] ERROR:  column "hero_build_id" does not exist at character 372
2026-10-07 10:25:04.873 CEST [3151561] STATEMENT:  SELECT (to_jsonb(hbs) || jsonb_build_object('author', hbs.author_account_id::text, 'weight', COALESCE(wba.priority,0)::double precision, 'published_at', EXTRACT(EPOCH FROM hbs.published_at)::bigint, 'last_updated_at', EXTRACT(EPOCH FROM hbs.last_updated_at)::bigint))::text AS row_json FROM (SELECT DISTINCT ON (hero_build_id) * FROM tierlist.hero_build_sources ORDER BY hero_build_id, version DESC NULLS LAST, fetched_at DESC NULLS LAST) hbs JOIN tierlist.watched_build_authors wba ON wba.author_account_id=hbs.author_account_id AND wba.is_active IS TRUE WHERE ($1::bigint IS NULL OR hbs.hero_id=$1) ORDER BY COALESCE(hbs.last_updated_at, hbs.published_at) DESC NULLS LAST, hbs.version DESC NULLS LAST, hbs.hero_build_id
2026-10-07 10:25:04.876 CEST [3151561] LOG:  could not receive data from client: Connection reset by peer
2026-10-07 10:25:05.351 CEST [3151588] ERROR:  column "hero_build_id" does not exist at character 372
2026-10-07 10:25:05.351 CEST [3151588] STATEMENT:  SELECT (to_jsonb(hbs) || jsonb_build_object('author', hbs.author_account_id::text, 'weight', COALESCE(wba.priority,0)::double precision, 'published_at', EXTRACT(EPOCH FROM hbs.published_at)::bigint, 'last_updated_at', EXTRACT(EPOCH FROM hbs.last_updated_at)::bigint))::text AS row_json FROM (SELECT DISTINCT ON (hero_build_id) * FROM tierlist.hero_build_sources ORDER BY hero_build_id, version DESC NULLS LAST, fetched_at DESC NULLS LAST) hbs JOIN tierlist.watched_build_authors wba ON wba.author_account_id=hbs.author_account_id AND wba.is_active IS TRUE WHERE ($1::bigint IS NULL OR hbs.hero_id=$1) ORDER BY COALESCE(hbs.last_updated_at, hbs.published_at) DESC NULLS LAST, hbs.version DESC NULLS LAST, hbs.hero_build_id
2026-10-07 10:25:06.455 CEST [3151662] ERROR:  cannot execute INSERT in a read-only transaction
2026-10-07 10:25:06.455 CEST [3151662] STATEMENT:  INSERT INTO brain.reasoner_patch_deltas (hero_id, patch_tag, target_kind, target_id, mechanic, sign, magnitude, note) VALUES ($1, $2, $3, $4, $5, $6, $7, $8) ON CONFLICT (hero_id, patch_tag, target_kind, target_id, mechanic) DO UPDATE SET sign=EXCLUDED.sign, magnitude=EXCLUDED.magnitude, note=EXCLUDED.note
2026-10-07 10:25:07.300 CEST [3151713] ERROR:  column "hero_build_id" does not exist at character 372
2026-10-07 10:25:07.300 CEST [3151713] STATEMENT:  SELECT (to_jsonb(hbs) || jsonb_build_object('author', hbs.author_account_id::text, 'weight', COALESCE(wba.priority,0)::double precision, 'published_at', EXTRACT(EPOCH FROM hbs.published_at)::bigint, 'last_updated_at', EXTRACT(EPOCH FROM hbs.last_updated_at)::bigint))::text AS row_json FROM (SELECT DISTINCT ON (hero_build_id) * FROM tierlist.hero_build_sources ORDER BY hero_build_id, version DESC NULLS LAST, fetched_at DESC NULLS LAST) hbs JOIN tierlist.watched_build_authors wba ON wba.author_account_id=hbs.author_account_id AND wba.is_active IS TRUE WHERE ($1::bigint IS NULL OR hbs.hero_id=$1) ORDER BY COALESCE(hbs.last_updated_at, hbs.published_at) DESC NULLS LAST, hbs.version DESC NULLS LAST, hbs.hero_build_id
2026-10-07 10:25:08.857 CEST [3151877] ERROR:  column "hero_build_id" does not exist at character 372
2026-10-07 10:25:08.857 CEST [3151877] STATEMENT:  SELECT (to_jsonb(hbs) || jsonb_build_object('author', hbs.author_account_id::text, 'weight', COALESCE(wba.priority,0)::double precision, 'published_at', EXTRACT(EPOCH FROM hbs.published_at)::bigint, 'last_updated_at', EXTRACT(EPOCH FROM hbs.last_updated_at)::bigint))::text AS row_json FROM (SELECT DISTINCT ON (hero_build_id) * FROM tierlist.hero_build_sources ORDER BY hero_build_id, version DESC NULLS LAST, fetched_at DESC NULLS LAST) hbs JOIN tierlist.watched_build_authors wba ON wba.author_account_id=hbs.author_account_id AND wba.is_active IS TRUE WHERE ($1::bigint IS NULL OR hbs.hero_id=$1) ORDER BY COALESCE(hbs.last_updated_at, hbs.published_at) DESC NULLS LAST, hbs.version DESC NULLS LAST, hbs.hero_build_id
2026-10-07 10:25:08.857 CEST [3151877] LOG:  could not send data to client: Broken pipe
2026-10-07 10:25:08.857 CEST [3151877] FATAL:  connection to client lost
2026-10-07 10:25:08.962 CEST [3151888] ERROR:  column "hero_build_id" does not exist at character 372
2026-10-07 10:25:08.962 CEST [3151888] STATEMENT:  SELECT (to_jsonb(hbs) || jsonb_build_object('author', hbs.author_account_id::text, 'weight', COALESCE(wba.priority,0)::double precision, 'published_at', EXTRACT(EPOCH FROM hbs.published_at)::bigint, 'last_updated_at', EXTRACT(EPOCH FROM hbs.last_updated_at)::bigint))::text AS row_json FROM (SELECT DISTINCT ON (hero_build_id) * FROM tierlist.hero_build_sources ORDER BY hero_build_id, version DESC NULLS LAST, fetched_at DESC NULLS LAST) hbs JOIN tierlist.watched_build_authors wba ON wba.author_account_id=hbs.author_account_id AND wba.is_active IS TRUE WHERE ($1::bigint IS NULL OR hbs.hero_id=$1) ORDER BY COALESCE(hbs.last_updated_at, hbs.published_at) DESC NULLS LAST, hbs.version DESC NULLS LAST, hbs.hero_build_id
2026-10-07 10:25:09.108 CEST [3151928] ERROR:  relation "brain.patch_events" does not exist at character 126
2026-10-07 10:25:09.108 CEST [3151928] STATEMENT:  SELECT COALESCE(NULLIF(to_jsonb(pe)->>'patch_external_id', ''), to_char(pe.posted_at AT TIME ZONE 'UTC', 'YYYY-MM-DD')) FROM brain.patch_events pe WHERE NULLIF(to_jsonb(pe)->>'patch_external_id', '') IS NOT NULL OR pe.posted_at IS NOT NULL ORDER BY pe.posted_at DESC NULLS LAST, pe.id DESC LIMIT 1
2026-10-07 10:25:09.109 CEST [3151928] LOG:  could not send data to client: Broken pipe
2026-10-07 10:25:09.109 CEST [3151928] FATAL:  connection to client lost
2026-10-07 10:25:37.671 CEST [3120645] LOG:  received fast shutdown request
2026-10-07 10:25:37.692 CEST [3120645] LOG:  aborting any active transactions
2026-10-07 10:25:37.715 CEST [3120645] LOG:  background worker "logical replication launcher" (PID 3120719) exited with exit code 1
2026-10-07 10:25:37.765 CEST [3120708] LOG:  shutting down
2026-10-07 10:25:37.787 CEST [3120708] LOG:  checkpoint starting: shutdown immediate
2026-10-07 10:25:38.257 CEST [3120708] LOG:  checkpoint complete: wrote 264 buffers (12.9%); 0 WAL file(s) added, 0 removed, 1 recycled; write=0.095 s, sync=0.263 s, total=0.493 s; sync files=538, longest=0.074 s, average=0.001 s; distance=3097 kB, estimate=3097 kB; lsn=0/22A3F28, redo lsn=0/22A3F28
2026-10-07 10:25:38.564 CEST [3120645] LOG:  database system is shut down
