
running 0 tests

test result: ok. 0 passed; 0 failed; 0 ignored; 0 measured; 0 filtered out; finished in 0.00s


running 0 tests

test result: ok. 0 passed; 0 failed; 0 ignored; 0 measured; 0 filtered out; finished in 0.00s


running 9 tests
test help_explains_that_zero_is_not_production_acceptance ... ok
test directories_are_not_input_captures ... ok
test oversized_regular_input_is_rejected_before_parsing ... ok
test symlinks_are_not_followed_by_the_offline_cli ... ok
test invalid_capture_errors_do_not_echo_untrusted_source_content ... ok
test invalid_arguments_cannot_activate_live_network_or_publishing ... ok
test production_readiness_fails_even_on_a_valid_fixture ... ok
test unchanged_delta_is_deterministic_and_schedules_nothing ... ok
test analyze_works_without_runtime_environment_and_returns_nonacceptance ... ok

test result: ok. 9 passed; 0 failed; 0 ignored; 0 measured; 0 filtered out; finished in 0.02s


running 64 tests
test discovery_api_errors_do_not_look_like_zero_pages ... ok
test all_preview_locators_and_hashes_are_grounded_in_exact_source_revisions ... ok
test continuation_must_preserve_the_entire_token ... ok
test excessive_nesting_and_unknown_capture_fields_are_rejected ... ok
test absent_advertised_head_is_not_invented_from_returned_revisions ... ok
test a_move_during_capture_is_quarantined_until_reconcile ... ok
test duplicate_discovered_pageids_are_not_silently_deduplicated ... ok
test dependency_cycles_terminate_without_losing_transitive_invalidation ... ok
test condition_variant_and_mechanic_identity_survive_as_uninterpreted_candidates ... ok
test future_source_revision_is_quarantined_not_treated_as_current_patch ... ok
test fetch_failure_and_missing_page_remain_visible ... ok
test a_consistent_rename_keeps_stable_source_identity_and_raw_hash ... ok
test incomplete_continuation_is_never_a_complete_corpus ... ok
test invalid_source_time_does_not_get_replaced_by_fetch_time ... ok
test alias_requires_matching_redirect_evidence ... ok
test a_new_revision_with_unchanged_raw_bytes_does_not_change_embedding_input ... ok
test current_denial_removes_candidates_and_all_dependent_preview_references ... ok
test legacy_mediawiki_page_map_and_main_slot_star_are_supported ... ok
test locale_never_creates_another_numeric_source ... ok
test hero_preview_matches_reviewed_golden_fixture ... ok
test duplicate_json_keys_rejected_at_capture_and_content_depth ... ok
test deletion_is_only_inferred_from_complete_snapshots ... ok
test missing_dynamic_namespace_prevents_complete_inventory ... ok
test missing_content_is_not_an_empty_success ... ok
test nonfinite_numbers_are_not_valid_json_candidates ... ok
test raw_hash_uses_the_standard_sha256_bytes_not_parsed_json ... ok
test historical_allow_cannot_override_current_denial ... ok
test out_of_order_revision_array_preserves_head_and_history ... ok
test null_missing_percent_percentage_point_and_multiplier_are_not_conflated ... ok
test pilot_covers_dynamic_namespaces_categories_and_revision_history ... ok
test incomplete_dependencies_force_reconcile_not_optimistic_selective_delta ... ok
test raw_json_pointers_escape_slashes_and_tildes_and_keep_false ... ok
test parser_change_reparses_without_changing_patch_or_raw_embedding_inputs ... ok
test repeated_continuation_is_rejected ... ok
test preview_is_rebuildable_reference_only_and_has_no_invented_versions ... ok
test removing_a_dependency_invalidates_its_users ... ok
test empty_batch_with_continuation_is_supported ... ok
test capture_review_requires_permission_and_decision ... ok
test report_format_mismatch_cannot_be_compared_as_compatible ... ok
test siteinfo_api_error_is_not_a_namespace_manifest ... ok
test source_language_policy_and_url_are_preserved_not_derived_from_preview_locale ... ok
test source_rightsinfo_is_not_a_publication_permission ... ok
test source_key_cannot_be_a_path_or_url ... ok
test lua_and_html_have_no_execution_or_silent_fallback ... ok
test same_revision_cannot_change_raw_content_between_captures ... ok
test same_revision_with_different_content_is_quarantined ... ok
test syntax_success_never_becomes_canonical_validation_or_publication ... ok
test unbound_or_wrong_kind_abilities_are_reported_as_unknown ... ok
test same_revision_cannot_change_source_time_between_captures ... ok
test same_revision_is_idempotent ... ok
test template_delta_selectively_invalidates_transitive_dependants ... ok
test unclassified_pages_are_counted_not_silently_dropped ... ok
test suppressed_latest_revision_never_falls_back_to_old_stats ... ok
test unchanged_content_and_new_fetch_time_do_not_require_reparsing ... ok
test wrong_fetched_page_identity_is_rejected ... ok
test dependency_continuation_or_absent_arrays_cannot_be_declared_complete ... ok
test unknown_wikitext_has_exact_utf8_diagnostic_and_no_numeric_inference ... ok
test unresolved_dependency_remains_a_visible_blocker ... ok
test same_revision_cannot_change_content_model_between_captures ... ok
test exclusions_are_explicit_and_cannot_hide_build_critical_pages ... ok
test stale_capture_and_stale_page_revision_are_rejected ... ok
test unknown_entities_or_wrong_bindings_cannot_invent_a_hero ... ok
test input_content_and_candidate_budgets_fail_closed ... ok
test preview_fanout_is_bounded_without_silent_truncation ... ok

test result: ok. 64 passed; 0 failed; 0 ignored; 0 measured; 0 filtered out; finished in 0.22s

S12 offline checks passed; production readiness remains blocked.

--- stderr ---
    Finished `dev` profile [unoptimized + debuginfo] target(s) in 0.60s
    Finished `test` profile [unoptimized + debuginfo] target(s) in 0.31s
     Running unittests src/lib.rs (target/debug/deps/dbrain_s12_wiki_probe-aca954a88c185453)
     Running unittests src/main.rs (target/debug/deps/dbrain_s12_wiki_probe-a6cdf46d5b254dd8)
     Running tests/cli.rs (target/debug/deps/cli-cef9daa2154f254c)
     Running tests/probe.rs (target/debug/deps/probe-ea82c409a1c9e27b)
    Finished `release` profile [optimized] target(s) in 0.03s
