   Compiling proc-macro2 v1.0.106
   Compiling quote v1.0.46
   Compiling version_check v0.9.5
   Compiling unicode-ident v1.0.24
   Compiling generic-array v0.14.7
    Checking typenum v1.20.1
   Compiling serde_core v1.0.228
   Compiling syn v2.0.118
    Checking memchr v2.8.2
   Compiling zmij v1.0.21
    Checking aho-corasick v1.1.4
    Checking block-buffer v0.10.4
    Checking crypto-common v0.1.7
    Checking regex-syntax v0.8.11
   Compiling serde_json v1.0.150
   Compiling thiserror v1.0.69
   Compiling serde v1.0.228
    Checking regex-automata v0.4.14
    Checking digest v0.10.7
   Compiling thiserror-impl v1.0.69
   Compiling serde_derive v1.0.228
    Checking cpufeatures v0.2.17
    Checking cfg-if v1.0.4
    Checking itoa v1.0.18
    Checking sha2 v0.10.9
    Checking regex v1.12.4
    Checking brain-contracts v0.1.0 (/home/nathanael/.worktrees/brain-g-v2-20261007/rust/crates/brain-contracts)
    Finished `dev` profile [unoptimized + debuginfo] target(s) in 46.87s
