Traversal: BFS depth=2 | Start: ['Charged Shot', 'Charged Tackle', 'charge_shap_to_slots()'] | 122 nodes found

[!] TRUNCATED: showing 33 of 122 nodes (~1200-token budget). The answer may be among the 89 cut nodes — raise the token budget (CLI: --budget) or narrow the query (e.g. context_filter=['call'], or get_node for a specific symbol).

NODE Charged Shot [src=game-wiki/pages/deadlock-data/ability-card.md loc=L5798 community=Charged Shot]
NODE Charged Tackle [src=game-wiki/pages/deadlock-data/ability.md loc=L5189 community=Charged Tackle]
NODE charge_shap_to_slots() [src=packages/detectors/src/detectors/player_attribution.py loc=L216 community=SHAPMatrix]
NODE ability [src=game-wiki/pages/deadlock-data/ability.md loc=L6 community=ability]
NODE ability card [src=game-wiki/pages/deadlock-data/ability-card.md loc=L6 community=ability card]
NODE RankMap [src=packages/detectors/src/detectors/player_attribution.py loc=L60 community=detectors/schema.py]
NODE player_attribution.py [src=packages/detectors/src/detectors/player_attribution.py loc=L1 community=detectors/schema.py]
NODE SHAPMatrix [src=packages/detectors/src/detectors/schema.py loc=L128 community=SHAPMatrix]
NODE window.py [src=packages/detectors/src/detectors/window.py loc=L1 community=WPSeries]
NODE wp_summary.py [src=packages/detectors/src/detectors/signals/attribution/wp_summary.py loc=L1 community=WPSeries]
NODE summarize_window() [src=packages/detectors/src/detectors/window.py loc=L250 community=WPSeries]
NODE detect() [src=packages/detectors/src/detectors/signals/attribution/wp_summary.py loc=L64 community=WPSeries]
NODE test_slot_charge_sum_matches_rank_map() [src=packages/detectors/tests/test_window.py loc=L212 community=test_window.py]
NODE test_every_per_player_feature_charges_to_exactly_one_slot_per_snap() [src=packages/detectors/tests/test_player_attribution.py loc=L319 community=test_player_attribution.py]
NODE test_rank_swap_charges_to_new_occupant() [src=packages/detectors/tests/test_player_attribution.py loc=L92 community=test_player_attribution.py]
NODE _feature_index_by_player() [src=packages/detectors/src/detectors/player_attribution.py loc=L193 community=SHAPMatrix]
NODE ndarray [src= loc= community=SHAPMatrix]
NODE _slots_for() [src=packages/detectors/src/detectors/player_attribution.py loc=L53 community=SHAPMatrix]
NODE Sum SHAP across all per-player columns and assign to real slots. For each… [src=packages/detectors/src/detectors/player_attribution.py loc=L220 community=SHAPMatrix]
NODE Kurzueberblick [src=game-wiki/pages/deadlock-data/ability-card.md loc=L5800 community=Charged Shot]
NODE Provenienz [src=game-wiki/pages/deadlock-data/ability-card.md loc=L5809 community=Charged Shot]
NODE Vollstaendige Payload [src=game-wiki/pages/deadlock-data/ability-card.md loc=L5818 community=Charged Shot]
NODE Kurzueberblick [src=game-wiki/pages/deadlock-data/ability.md loc=L5191 community=Charged Tackle]
NODE Provenienz [src=game-wiki/pages/deadlock-data/ability.md loc=L5200 community=Charged Tackle]
NODE Vollstaendige Payload [src=game-wiki/pages/deadlock-data/ability.md loc=L5209 community=Charged Tackle]
NODE MatchEvents [src=packages/detectors/src/detectors/schema.py loc=L397 community=MatchEvents]
NODE WideFrame [src=packages/detectors/src/detectors/schema.py loc=L41 community=WideFrame]
NODE Finding [src=packages/detectors/src/detectors/schema.py loc=L500 community=WideFrame]
NODE detectors/schema.py [src=packages/detectors/src/detectors/schema.py loc=L1 community=detectors/schema.py]
NODE build_rank_map() [src=packages/detectors/src/detectors/player_attribution.py loc=L140 community=build_rank_map]
NODE signals/__init__.py [src=packages/detectors/src/detectors/signals/__init__.py loc=L1 community=WideFrame]
NODE Needs [src=packages/detectors/src/detectors/detector.py loc=L33 community=WideFrame]
NODE Detector [src=packages/detectors/src/detectors/detector.py loc=L110 community=WideFrame]
... (truncated — 89 more nodes cut by ~1200-token budget. Narrow with context_filter=['call'] or use get_node for a specific symbol)
[graphify] note: this graph uses the pre-#1504 node-ID scheme; rebuild with `graphify extract --force` to get path-qualified IDs (fixes same-name-file collisions).
