Traversal: BFS depth=2 | Start: ['Error', 'execute_sql()', 'minimax_usage_summary()'] | 136 nodes found

[!] TRUNCATED: showing 31 of 136 nodes (~1000-token budget). The answer may be among the 105 cut nodes — raise the token budget (CLI: --budget) or narrow the query (e.g. context_filter=['call'], or get_node for a specific symbol).

NODE Error [src= loc= community=latest_patch_tag]
NODE execute_sql() [src=rust/crates/dbrain-learn/src/util.rs loc=L69 community=query_json_rows]
NODE minimax_usage_summary() [src=src/deadlock_brain/minimax_client.py loc=L155 community=MiniMaxConfig]
NODE cli.py [src=src/deadlock_brain/cli.py loc=L1 community=cli.py]
NODE youtube_learning.py [src=src/deadlock_brain/youtube_learning.py loc=L1 community=youtube_learning.py]
NODE dbrain-learn/src/util.rs [src=rust/crates/dbrain-learn/src/util.rs loc=L1 community=dbrain-learn/src/util.rs]
NODE learn_import_steam_builds() [src=rust/crates/dbrain-learn/src/build_learning.rs loc=L56 community=build_learning.rs]
NODE minimax_client.py [src=src/deadlock_brain/minimax_client.py loc=L1 community=MiniMaxConfig]
NODE analyze_next_youtube_videos() [src=src/deadlock_brain/youtube_learning.py loc=L435 community=youtube_learning.py]
NODE _run_analysis() [src=src/deadlock_brain/cli.py loc=L664 community=MiniMaxConfig]
NODE save_build_learning_note() [src=rust/crates/dbrain-learn/src/build_learning.rs loc=L619 community=build_learning.rs]
NODE save_demo_report_review() [src=rust/crates/dbrain-learn/src/match_demo_learning.rs loc=L1339 community=match_demo_learning.rs]
NODE save_player_match_decision_note() [src=rust/crates/dbrain-learn/src/player_decision_learning.rs loc=L467 community=player_decision_learning.rs]
NODE _run_single_build_learning_analysis() [src=src/deadlock_brain/cli.py loc=L944 community=MiniMaxConfig]
NODE _run_single_player_match_analysis() [src=src/deadlock_brain/cli.py loc=L870 community=MiniMaxConfig]
NODE save_demo_report_note() [src=rust/crates/dbrain-learn/src/match_demo_learning.rs loc=L459 community=match_demo_learning.rs]
NODE bind_params() [src=rust/crates/dbrain-learn/src/util.rs loc=L29 community=query_json_rows]
NODE SqlParam [src=rust/crates/dbrain-learn/src/util.rs loc=L19 community=query_json_rows]
NODE Any [src= loc= community=MiniMaxConfig]
NODE latest_patch_tag() [src=rust/crates/dbrain-builds/src/patch_tag.rs loc=L3 community=latest_patch_tag]
NODE Result [src= loc= community=query_json_rows]
NODE PgPool [src= loc= community=query_json_rows]
NODE match_demo_learning.rs [src=rust/crates/dbrain-learn/src/match_demo_learning.rs loc=L1 community=match_demo_learning.rs]
NODE BrainStore [src=src/deadlock_brain/storage.py loc=L21 community=cli.py]
NODE get_string() [src=rust/crates/dbrain-learn/src/util.rs loc=L157 community=build_optimizer.rs]
NODE Value [src= loc= community=match_demo_learning.rs]
NODE player_decision_learning.rs [src=rust/crates/dbrain-learn/src/player_decision_learning.rs loc=L1 community=player_decision_learning.rs]
NODE Result [src= loc= community=match_demo_learning.rs]
NODE main() [src=src/deadlock_brain/cli.py loc=L419 community=cli.py]
NODE Value [src= loc= community=player_decision_learning.rs]
NODE query_json_rows() [src=rust/crates/dbrain-learn/src/util.rs loc=L47 community=query_json_rows]
... (truncated — 105 more nodes cut by ~1000-token budget. Narrow with context_filter=['call'] or use get_node for a specific symbol)
