   Compiling proc-macro2 v1.0.106
   Compiling quote v1.0.46
   Compiling unicode-ident v1.0.24
   Compiling libc v0.2.186
    Checking stable_deref_trait v1.2.1
    Checking cfg-if v1.0.4
    Checking bytes v1.12.0
    Checking pin-project-lite v0.2.17
    Checking memchr v2.8.2
    Checking futures-core v0.3.32
    Checking itoa v1.0.18
    Checking mio v1.2.1
    Checking socket2 v0.6.4
   Compiling syn v2.0.118
   Compiling shlex v2.0.1
   Compiling find-msvc-tools v0.1.9
    Checking tokio v1.52.3
   Compiling cc v1.2.65
   Compiling synstructure v0.13.2
   Compiling zerovec-derive v0.11.3
   Compiling zerofrom-derive v0.1.7
    Checking zerofrom v0.1.8
   Compiling yoke-derive v0.8.2
   Compiling displaydoc v0.2.6
    Checking yoke v0.8.3
    Checking litemap v0.8.2
    Checking futures-sink v0.3.32
    Checking smallvec v1.15.2
    Checking zerovec v0.11.6
    Checking writeable v0.6.3
    Checking zerotrie v0.2.4
   Compiling ring v0.17.14
    Checking tinystr v0.8.3
    Checking potential_utf v0.1.5
    Checking icu_locale_core v2.2.0
   Compiling icu_normalizer_data v2.2.0
    Checking utf8_iter v1.0.4
   Compiling version_check v0.9.5
   Compiling icu_properties_data v2.2.0
   Compiling generic-array v0.14.7
    Checking icu_collections v2.2.0
    Checking icu_provider v2.2.0
    Checking http v1.4.2
   Compiling serde_core v1.0.228
    Checking zeroize v1.9.0
    Checking once_cell v1.21.4
   Compiling crc32fast v1.5.0
    Checking percent-encoding v2.3.2
    Checking rustls-pki-types v1.14.1
    Checking http-body v1.0.1
    Checking getrandom v0.2.17
    Checking slab v0.4.12
    Checking untrusted v0.9.0
    Checking simd-adler32 v0.3.9
    Checking adler2 v2.0.1
    Checking futures-io v0.3.32
    Checking futures-task v0.3.32
   Compiling httparse v1.10.1
    Checking typenum v1.20.1
    Checking futures-util v0.3.32
    Checking miniz_oxide v0.8.9
    Checking icu_properties v2.2.0
    Checking icu_normalizer v2.2.0
    Checking tower-service v0.3.3
    Checking try-lock v0.2.5
   Compiling rustls v0.23.41
   Compiling zmij v1.0.21
   Compiling serde v1.0.228
    Checking want v0.3.1
    Checking flate2 v1.1.9
    Checking idna_adapter v1.2.2
    Checking rustls-webpki v0.103.13
    Checking form_urlencoded v1.2.2
    Checking tracing-core v0.1.36
    Checking futures-channel v0.3.32
   Compiling serde_derive v1.0.228
    Checking subtle v2.6.1
   Compiling serde_json v1.0.150
    Checking atomic-waker v1.1.2
    Checking compression-core v0.4.32
    Checking hyper v1.10.1
    Checking compression-codecs v0.4.38
    Checking tracing v0.1.44
    Checking idna v1.1.0
    Checking block-buffer v0.10.4
    Checking crypto-common v0.1.7
    Checking sync_wrapper v1.0.2
    Checking aho-corasick v1.1.4
    Checking regex-syntax v0.8.11
   Compiling thiserror v1.0.69
    Checking ipnet v2.12.0
    Checking base64 v0.22.1
    Checking tower-layer v0.3.3
    Checking hyper-util v0.1.20
    Checking tower v0.5.3
    Checking tokio-rustls v0.26.4
    Checking regex-automata v0.4.14
    Checking digest v0.10.7
    Checking url v2.5.8
    Checking async-compression v0.4.42
    Checking http-body-util v0.1.3
    Checking webpki-roots v1.0.8
    Checking tokio-util v0.7.18
   Compiling thiserror-impl v1.0.69
    Checking ryu v1.0.23
    Checking bitflags v2.13.0
    Checking cpufeatures v0.2.17
    Checking sha2 v0.10.9
    Checking tower-http v0.6.11
    Checking serde_urlencoded v0.7.1
    Checking hyper-rustls v0.27.9
    Checking regex v1.12.4
    Checking log v0.4.33
    Checking httpdate v1.0.3
    Checking reqwest v0.12.28
    Checking brain-contracts v0.1.0 (/home/nathanael/.worktrees/brain-g-v2-20261007/rust/crates/brain-contracts)
    Checking brain-providers v0.1.0 (/home/nathanael/.worktrees/brain-g-v2-20261007/rust/crates/brain-providers)
    Finished `dev` profile [unoptimized + debuginfo] target(s) in 21.62s
