    Blocking waiting for file lock on build directory
    Checking brain-contracts v0.1.0 (/home/nathanael/.worktrees/brain-h-grafik-20261007/rust/crates/brain-contracts)
    Checking dbrain-builds v0.1.0 (/home/nathanael/.worktrees/brain-h-grafik-20261007/rust/crates/dbrain-builds)
    Checking fireworks-model-selection v0.1.0 (/home/nathanael/.worktrees/brain-h-grafik-20261007/rust/vendor/fireworks-model-selection)
   Compiling dbrain-reasoner v0.1.0 (/home/nathanael/.worktrees/brain-h-grafik-20261007/rust/crates/dbrain-reasoner)
    Checking uplink-infisical-transport v0.1.1 (/home/nathanael/.worktrees/brain-h-grafik-20261007/rust/vendor/uplink-infisical-transport)
    Checking brain-jev v0.1.0 (/home/nathanael/.worktrees/brain-h-grafik-20261007/rust/crates/brain-jev)
    Checking deadlock-brain-core v0.1.0 (/home/nathanael/.worktrees/brain-h-grafik-20261007/rust/crates/deadlock-brain-core)
    Checking brain-storage v0.1.0 (/home/nathanael/.worktrees/brain-h-grafik-20261007/rust/crates/brain-storage)
    Checking brain-policy v0.1.0 (/home/nathanael/.worktrees/brain-h-grafik-20261007/rust/crates/brain-policy)
    Checking brain-kernel v0.1.0 (/home/nathanael/.worktrees/brain-h-grafik-20261007/rust/crates/brain-kernel)
    Checking brain-api v0.1.0 (/home/nathanael/.worktrees/brain-h-grafik-20261007/rust/crates/brain-api)
    Checking brain-providers v0.1.0 (/home/nathanael/.worktrees/brain-h-grafik-20261007/rust/crates/brain-providers)
    Checking dbrain-normalize v0.1.0 (/home/nathanael/.worktrees/brain-h-grafik-20261007/rust/crates/dbrain-normalize)
    Checking dbrain-population v0.1.0 (/home/nathanael/.worktrees/brain-h-grafik-20261007/rust/crates/dbrain-population)
    Checking dbrain-s12-wiki-probe v0.1.0 (/home/nathanael/.worktrees/brain-h-grafik-20261007/rust/crates/dbrain-wiki)
    Checking brain-ingestion v0.1.0 (/home/nathanael/.worktrees/brain-h-grafik-20261007/rust/crates/brain-ingestion)
    Checking dbrain-retrieval v0.1.0 (/home/nathanael/.worktrees/brain-h-grafik-20261007/rust/crates/dbrain-retrieval)
    Checking dbrain-sources v0.1.0 (/home/nathanael/.worktrees/brain-h-grafik-20261007/rust/crates/dbrain-sources)
    Checking brain-serve v0.1.0 (/home/nathanael/.worktrees/brain-h-grafik-20261007/rust/crates/brain-serve)
    Checking brain-maintenance v0.1.0 (/home/nathanael/.worktrees/brain-h-grafik-20261007/rust/crates/brain-maintenance)
    Finished `dev` profile [unoptimized + debuginfo] target(s) in 50.86s
