MANIFEST /home/nathanael/.worktrees/brain-g-v2-20261007/.tasks/2026-10-06-brain-abschluss/G/pruefungen/g-m-s1-r2/bereichs-quellen-fix.sha256
STARTBINDUNG 12/12 bytegleich
ENDBINDUNG 11/12 bytegleich; ausschließlich der beauftragte combat.rs-Fix weicht ab
GLEICH de2419f76368a233be9f848c3298f8560b42b1411b42d1a42c709b505231e15e /home/nathanael/.worktrees/brain-g-v2-20261007/rust/crates/dbrain-reasoner/src/calculation.rs
GLEICH bce7595afdab9ad3bb0e9ecf69d1335cd86431310aef243a8aa4143a4d2c49ca /home/nathanael/.worktrees/brain-g-v2-20261007/rust/crates/dbrain-reasoner/src/calculation_tests.rs
BEAUFTRAGTER_FIX 49f31af463e35b2a27622eb363a084595e833447e9c287f82476362388c17b80 /home/nathanael/.worktrees/brain-g-v2-20261007/rust/crates/dbrain-reasoner/src/combat.rs
GLEICH 7b18c0c77db513df339066cf7565102985723a90c449147b33dbf4de032d97d7 /home/nathanael/.worktrees/brain-g-v2-20261007/rust/crates/dbrain-reasoner/src/data.rs
GLEICH 40f4ec9914032e1b18ae2166bbcc80c2157ec3ade373434eecc417817e6d1650 /home/nathanael/.worktrees/brain-g-v2-20261007/rust/crates/dbrain-reasoner/src/lib.rs
GLEICH 5a24bf2b82325e2d7423753859031f647444d1a0532dfff80ac7129615f3be3f /home/nathanael/.worktrees/brain-g-v2-20261007/rust/crates/dbrain-reasoner/src/mechanics.rs
GLEICH 4db24115f314d180f0571bbab2139a7d440cc7a426f628000701c8034138b22d /home/nathanael/.worktrees/brain-g-v2-20261007/rust/crates/dbrain-reasoner/src/planner.rs
GLEICH e758c1d1789f809f113144cfe5df5927f514ce3bf79f7ed97392ebb8fe5eed24 /home/nathanael/.worktrees/brain-g-v2-20261007/rust/crates/dbrain-reasoner/src/progression.rs
GLEICH e48f3317be84eb52ca476168896c393cfb7de7dbf306434c473032608d2bb8fe /home/nathanael/.worktrees/brain-g-v2-20261007/rust/crates/dbrain-reasoner/src/types.rs
GLEICH 36656fbb25e87fa5eef4e612e61c007bf2d21b80933e52603fcedabbd394190b /home/nathanael/.worktrees/brain-g-v2-20261007/rust/crates/dbrain-reasoner/testdata/calculation/glass-cannon.json
GLEICH 167323f78bb6e9bb62f0e51ce076515180164cc3479e4a67fd7dc8607b17dad0 /home/nathanael/.worktrees/brain-g-v2-20261007/rust/crates/dbrain-reasoner/testdata/calculation/recorded-assets.json
GLEICH fd2984bb5b23ffaa59fa5a815ca7c2b67542221a57be677384cccbb0934ffbff /home/nathanael/.worktrees/brain-g-v2-20261007/rust/crates/dbrain-reasoner/testdata/calculation/sheet-6759.json
COMBAT_COMMITTED_SHA256 4d2239a406fdac1ca7b565c07720a511fb603a6c103347890199f4848c699f5e /home/nathanael/.worktrees/brain-g-checkpoints-20261007/rust/crates/dbrain-reasoner/src/combat.rs
S3_WRAPPER_EINZIGER_QUELLUNTERSCHIED true
S3_HOLDBACK_BYTEGLEICH true
ZWILLINGSSUCHE: rg -n 'contact_seconds|frame_end' /home/nathanael/.worktrees/brain-g-v2-20261007/rust/crates/dbrain-reasoner/src/combat.rs
Exit: 0
Vor Fix: contact_seconds-Feld Zeile 23, frame_end Zeilen 2185 und 2196, elapsed_seconds Zeile 2213, einziger contact_seconds-Akkumulator Zeile 2215, vorhandene Kontaktassertion Zeile 3043.
Selbstprüfung: Der gemeinsame Akkumulator verwendet die begrenzte tatsächliche Framedauer auch unter Druck; die weiterhin volle Druck-Expositionsdauer wird nicht für Kontakt verwendet. Kein weiterer Akkumulator in combat.rs. Die beiden NITs wurden nicht geändert.
