warte auf zentrale Test-Postgres... ok
CENTRAL_TEST_DSN=postgres://deadlock:***@127.0.0.1:32874/deadlock_test
    Finished `dev` profile [unoptimized + debuginfo] target(s) in 0.22s
     Running `target/debug/dl-central-migrate`
dl-central-migrate: wende zentrale DB-Migrationen an …
dl-central-migrate: Migrationen erfolgreich angewendet.
   Compiling steam-core v0.1.0 (/home/nathanael/.worktrees/steam-bot-autoren-scan-2/rust/crates/steam-core)
    Finished `test` profile [unoptimized + debuginfo] target(s) in 10.66s
warning: the following packages contain code that will be rejected by a future version of Rust: binrw v0.15.1
note: to see what the problems were, use the option `--future-incompat-report`, or run `cargo report future-incompatibilities --id 1`
     Running unittests src/main.rs (/home/nathanael/.worktrees/steam-bot-autoren-scan-2/rust/target/debug/deps/steam_core-f65e110d2f9288da)

running 29 tests
test task::handlers::builds::catalog::tests::clone_needs_update_neuerer_source_timestamp ... ok
test task::handlers::builds::catalog::tests::clone_needs_update_name_geaendert ... ok
test task::handlers::builds::catalog::tests::clone_needs_update_neuere_source_version ... ok
test task::handlers::builds::catalog::tests::clone_needs_update_status_failed ... ok
test task::handlers::builds::catalog::tests::clone_needs_update_kein_upload ... ok
test task::handlers::builds::catalog::tests::clone_needs_update_unveraendert ... ok
test task::handlers::builds::catalog::tests::maintain_args_hero_id_camel_case ... ok
test task::handlers::builds::catalog::tests::maintain_args_hero_id_snake_case ... ok
test task::handlers::builds::catalog::tests::maintain_args_leerer_payload_gibt_default ... ok
test task::handlers::builds::catalog::tests::maintain_args_ungueltig_gibt_fehler ... ok
test task::handlers::builds::catalog::tests::discovery_total_outage_fails_tasks_with_details ... ok
test task::handlers::builds::catalog::tests::discovery_persistence_errors_distinguish_partial_and_error ... ok
test task::handlers::builds::catalog::tests::target_description_format_wie_node ... ok
test task::handlers::builds::catalog::tests::target_name_kaskade ... ok
test task::handlers::builds::catalog::tests::discovery_status_write_failure_is_visible ... ok
test task::handlers::builds::catalog::tests::insert_clone_und_update_metadata ... ok
test task::handlers::builds::catalog::tests::discovery_internal_error_with_results_is_not_success ... ok
test task::handlers::builds::catalog::tests::discovery_requires_a_real_hero_for_each_request ... FAILED
test task::handlers::builds::catalog::tests::pending_publish_task_id_und_payload_refresh ... ok
test task::handlers::builds::catalog::tests::insert_und_cancel_publish_task ... ok
test task::handlers::builds::catalog::tests::insert_und_cancel_delete_task ... ok
test task::handlers::builds::catalog::tests::discovery_no_active_authors_succeeds_without_gc ... ok
test task::handlers::builds::catalog::tests::cycle_enqueues_scoped_work_without_waiting_for_gc ... FAILED
test task::handlers::builds::catalog::tests::discovery_records_ok_and_preserves_collab_author ... ok
test task::handlers::builds::catalog::tests::discovery_empty_response_is_partial_and_visible ... ok
test task::handlers::builds::catalog::tests::queue_clone_for_update_setzt_status_pending ... ok
test task::handlers::builds::catalog::tests::discovery_missing_author_never_erases_known_author ... ok
test task::handlers::builds::catalog::tests::restore_clone_nach_delete_cancel ... ok
test task::handlers::builds::catalog::tests::discovery_gc_errors_are_recorded_and_other_authors_continue ... ok

failures:

---- task::handlers::builds::catalog::tests::discovery_requires_a_real_hero_for_each_request stdout ----

thread 'task::handlers::builds::catalog::tests::discovery_requires_a_real_hero_for_each_request' (1782530) panicked at crates/steam-core/src/task/handlers/builds/catalog.rs:1193:40:
live GC rejects an absent hero

---- task::handlers::builds::catalog::tests::cycle_enqueues_scoped_work_without_waiting_for_gc stdout ----

thread 'task::handlers::builds::catalog::tests::cycle_enqueues_scoped_work_without_waiting_for_gc' (1782522) panicked at crates/steam-core/src/task/handlers/builds/catalog.rs:1212:72:
called `Result::unwrap()` on an `Err` value: gc_not_connected
note: run with `RUST_BACKTRACE=1` environment variable to display a backtrace


failures:
    task::handlers::builds::catalog::tests::cycle_enqueues_scoped_work_without_waiting_for_gc
    task::handlers::builds::catalog::tests::discovery_requires_a_real_hero_for_each_request

test result: FAILED. 27 passed; 2 failed; 0 ignored; 0 measured; 235 filtered out; finished in 25.68s

error: test failed, to rerun pass `-p steam-core --bin steam-core`
