   Compiling proc-macro2 v1.0.106
   Compiling quote v1.0.45
   Compiling unicode-ident v1.0.24
   Compiling libc v0.2.186
   Compiling cfg-if v1.0.4
   Compiling serde v1.0.228
   Compiling version_check v0.9.5
   Compiling bytes v1.11.1
   Compiling memchr v2.8.1
   Compiling pin-project-lite v0.2.17
   Compiling once_cell v1.21.4
   Compiling serde_core v1.0.228
   Compiling futures-core v0.3.32
   Compiling shlex v2.0.1
   Compiling subtle v2.6.1
   Compiling find-msvc-tools v0.1.9
   Compiling const-oid v0.9.6
   Compiling zeroize v1.8.2
   Compiling typenum v1.20.1
   Compiling autocfg v1.5.1
   Compiling libm v0.2.16
   Compiling stable_deref_trait v1.2.1
   Compiling generic-array v0.14.7
   Compiling itoa v1.0.18
   Compiling zerocopy v0.8.50
   Compiling equivalent v1.0.2
   Compiling writeable v0.6.3
   Compiling litemap v0.8.2
   Compiling futures-io v0.3.32
   Compiling futures-task v0.3.32
   Compiling icu_normalizer_data v2.2.0
   Compiling slab v0.4.12
   Compiling utf8_iter v1.0.4
   Compiling log v0.4.32
   Compiling thiserror v2.0.18
   Compiling rustls-pki-types v1.14.1
   Compiling hashbrown v0.17.1
   Compiling futures-sink v0.3.32
   Compiling icu_properties_data v2.2.0
   Compiling percent-encoding v2.3.2
   Compiling untrusted v0.9.0
   Compiling num-traits v0.2.19
   Compiling cpufeatures v0.2.17
   Compiling fs_extra v1.3.0
   Compiling dunce v1.0.5
   Compiling futures-channel v0.3.32
   Compiling parking_lot_core v0.9.12
   Compiling tracing-core v0.1.36
   Compiling allocator-api2 v0.2.21
   Compiling regex-syntax v0.8.10
   Compiling crossbeam-utils v0.8.21
   Compiling foldhash v0.1.5
   Compiling spin v0.9.8
   Compiling zmij v1.0.21
   Compiling lazy_static v1.5.0
   Compiling aws-lc-rs v1.17.0
   Compiling crypto-common v0.1.7
   Compiling block-buffer v0.10.4
   Compiling hashbrown v0.15.5
   Compiling indexmap v2.14.0
   Compiling digest v0.10.7
   Compiling serde_json v1.0.150
   Compiling scopeguard v1.2.0
   Compiling syn v2.0.117
   Compiling lock_api v0.4.14
   Compiling webpki-roots v1.0.7
   Compiling parking v2.2.1
   Compiling jobserver v0.1.34
   Compiling getrandom v0.2.17
   Compiling mio v1.2.1
   Compiling socket2 v0.6.4
   Compiling errno v0.3.14
   Compiling aho-corasick v1.1.4
   Compiling cc v1.2.63
   Compiling rand_core v0.6.4
   Compiling signal-hook-registry v1.4.8
   Compiling rustls v0.23.40
   Compiling bitflags v2.13.0
   Compiling base64 v0.22.1
   Compiling iana-time-zone v0.1.65
   Compiling concurrent-queue v2.5.0
   Compiling webpki-roots v0.26.11
   Compiling form_urlencoded v1.2.2
   Compiling crc-catalog v2.5.0
   Compiling tinyvec_macros v0.1.1
   Compiling crc v3.4.0
   Compiling fnv v1.0.7
   Compiling heck v0.5.0
   Compiling anyhow v1.0.103
   Compiling tinyvec v1.11.0
   Compiling cmake v0.1.58
   Compiling hashlink v0.10.0
   Compiling http v1.4.2
   Compiling semver v1.0.28
   Compiling event-listener v5.4.1
   Compiling unicode-normalization v0.1.25
   Compiling rustc_version v0.4.1
   Compiling regex-automata v0.4.14
   Compiling tokio v1.52.3
   Compiling hmac v0.12.1
   Compiling base64ct v1.8.3
   Compiling unicode-bidi v0.3.18
   Compiling unicode-properties v0.1.4
   Compiling pem-rfc7468 v0.7.0
   Compiling crossbeam-queue v0.3.12
   Compiling logos-codegen v0.15.1
   Compiling futures-util v0.3.32
   Compiling chrono v0.4.45
   Compiling ring v0.17.14
   Compiling aws-lc-sys v0.41.0
   Compiling sha2 v0.10.9
   Compiling stringprep v0.1.5
   Compiling whoami v1.6.1
   Compiling hex v0.4.3
   Compiling dotenvy v0.15.7
   Compiling home v0.5.12
   Compiling thiserror v1.0.69
   Compiling httparse v1.10.1
   Compiling hkdf v0.12.4
   Compiling der v0.7.10
   Compiling http-body v1.0.1
   Compiling synstructure v0.13.2
   Compiling atoi v2.0.0
   Compiling md-5 v0.10.6
   Compiling beef v0.5.2
   Compiling byteorder v1.5.0
   Compiling rustix v1.1.4
   Compiling tower-service v0.3.3
   Compiling unicode-width v0.1.14
   Compiling getrandom v0.3.4
   Compiling num-integer v0.1.46
   Compiling prettyplease v0.2.37
   Compiling try-lock v0.2.5
   Compiling num-bigint-dig v0.8.6
   Compiling linux-raw-sys v0.12.1
   Compiling want v0.3.1
   Compiling num-iter v0.1.45
   Compiling logos-codegen v0.16.1
   Compiling spki v0.7.3
   Compiling block-padding v0.3.3
   Compiling sync_wrapper v1.0.2
   Compiling ppv-lite86 v0.2.21
   Compiling pkcs8 v0.10.2
   Compiling pkg-config v0.3.33
   Compiling fixedbitset v0.5.7
   Compiling protobuf v3.5.1
   Compiling serde_derive v1.0.228
   Compiling zerofrom-derive v0.1.7
   Compiling yoke-derive v0.8.2
   Compiling zerovec-derive v0.11.3
   Compiling displaydoc v0.2.6
   Compiling thiserror-impl v2.0.18
   Compiling tracing-attributes v0.1.31
   Compiling tokio-macros v2.7.0
   Compiling rand_chacha v0.3.1
   Compiling futures-macro v0.3.32
   Compiling rand v0.8.6
   Compiling tokio-stream v0.1.18
   Compiling thiserror-impl v1.0.69
   Compiling miette-derive v7.6.0
   Compiling logos-derive v0.15.1
   Compiling pkcs1 v0.7.5
   Compiling atomic-waker v1.1.2
   Compiling tower-layer v0.3.3
   Compiling zerofrom v0.1.8
   Compiling winnow v1.0.3
   Compiling dl-central-db v0.1.0 (/home/nathanael/.worktrees/Deadlock-Bots/rust/crates/dl-central-db)
   Compiling logos v0.15.1
   Compiling yoke v0.8.3
   Compiling httpdate v1.0.3
   Compiling fastrand v2.4.1
   Compiling zstd-sys v2.0.16+zstd.1.5.7
   Compiling petgraph v0.8.3
   Compiling zerovec v0.11.6
   Compiling zerotrie v0.2.4
   Compiling tracing v0.1.44
   Compiling tempfile v3.27.0
   Compiling inout v0.1.4
   Compiling rand_core v0.9.5
   Compiling logos-derive v0.16.1
   Compiling regex v1.12.3
   Compiling protobuf-support v3.5.1
   Compiling tinystr v0.8.3
   Compiling potential_utf v0.1.5
   Compiling toml_parser v1.1.2+spec-1.1.0
   Compiling logos v0.16.1
   Compiling signature v2.2.0
   Compiling icu_collections v2.2.0
   Compiling owo-colors v4.3.0
   Compiling toml_datetime v1.1.1+spec-1.1.0
   Compiling icu_locale_core v2.2.0
   Compiling miette v7.6.0
   Compiling multimap v0.10.1
   Compiling ipnet v2.12.0
   Compiling toml_edit v0.25.12+spec-1.1.0
   Compiling rand_chacha v0.9.0
   Compiling cipher v0.4.4
   Compiling http-body-util v0.1.3
   Compiling hybrid-array v0.4.13
   Compiling crc32fast v1.5.0
   Compiling ryu v1.0.23
   Compiling binrw_derive v0.15.1
   Compiling rustversion v1.0.22
   Compiling rand v0.9.4
   Compiling bytemuck_derive v1.10.2
   Compiling icu_provider v2.2.0
   Compiling proc-macro-crate v3.5.0
   Compiling icu_properties v2.2.0
   Compiling smallvec v1.15.1
   Compiling either v1.16.0
   Compiling steam-domain v0.1.0 (/home/nathanael/.worktrees/steam-bot-autoren-scan-2/rust/crates/steam-domain)
   Compiling itertools v0.14.0
   Compiling icu_normalizer v2.2.0
   Compiling serde_urlencoded v0.7.1
   Compiling rustls-webpki v0.103.13
   Compiling parking_lot v0.12.5
   Compiling sha-1 v0.10.1
   Compiling idna_adapter v1.2.2
   Compiling idna v1.1.0
   Compiling futures-intrusive v0.5.0
   Compiling url v2.5.8
   Compiling tokio-util v0.7.18
   Compiling hyper v1.10.1
   Compiling tower v0.5.3
   Compiling rsa v0.9.10
   Compiling sha1 v0.10.6
   Compiling prost-derive v0.14.4
   Compiling simd-adler32 v0.3.9
   Compiling zstd-safe v7.2.4
   Compiling adler2 v2.0.1
   Compiling utf-8 v0.7.6
   Compiling option-ext v0.2.0
   Compiling minimal-lexical v0.2.1
   Compiling event-listener v2.5.3
   Compiling data-encoding v2.11.0
   Compiling binrw v0.15.1
   Compiling nom v7.1.3
   Compiling steam-vent-crypto v0.2.1
   Compiling async-channel v1.9.0
   Compiling hyper-util v0.1.20
   Compiling dirs-sys v0.5.0
   Compiling miniz_oxide v0.8.9
   Compiling bytemuck v1.25.0
   Compiling steam-vent-proto-common v0.5.1
   Compiling steam-vent-proto-steam v0.5.2
   Compiling tower-http v0.6.11
   Compiling futures-executor v0.3.32
   Compiling num_enum_derive v0.7.6
   Compiling crypto-common v0.2.2
   Compiling block-buffer v0.12.1
   Compiling cbc v0.1.2
   Compiling aes v0.8.4
   Compiling async-stream-impl v0.3.6
   Compiling pin-project-internal v1.1.13
   Compiling event-listener-strategy v0.5.4
   Compiling mime v0.3.17
   Compiling prost v0.14.4
   Compiling hashbrown v0.14.5
   Compiling const-oid v0.10.2
   Compiling prost-types v0.14.4
   Compiling array-init v2.1.0
   Compiling num_enum v0.7.6
   Compiling axum-core v0.5.6
   Compiling async-stream v0.3.6
   Compiling async-channel v2.5.0
   Compiling flate2 v1.1.9
   Compiling imap-proto v0.16.7
   Compiling digest v0.11.3
   Compiling futures v0.3.32
   Compiling pin-project v1.1.13
   Compiling directories v6.0.0
   Compiling matchers v0.2.0
   Compiling dashmap v6.2.1
   Compiling stop-token v0.7.0
   Compiling another-steam-totp v0.4.2
   Compiling sqlx-core v0.8.6
   Compiling serde_path_to_error v0.1.20
   Compiling tracing-log v0.2.0
   Compiling protox-parse v0.9.0
   Compiling prost-reflect v0.16.4
   Compiling prost-build v0.14.4
   Compiling sharded-slab v0.1.7
   Compiling thread_local v1.1.9
   Compiling libbz2-rs-sys v0.2.5
   Compiling self_cell v1.2.2
   Compiling cpufeatures v0.3.0
   Compiling matchit v0.8.4
   Compiling pin-utils v0.1.0
   Compiling steamid-ng v2.0.0
   Compiling nu-ansi-term v0.50.3
   Compiling bzip2 v0.6.1
   Compiling axum v0.8.9
   Compiling tracing-subscriber v0.3.23
   Compiling async-imap v0.11.2
   Compiling sha2 v0.11.0
   Compiling api-contract v0.1.0 (/home/nathanael/.worktrees/steam-bot-autoren-scan-2/rust/crates/api-contract)
   Compiling async-trait v0.1.89
   Compiling sqlx-postgres v0.8.6
   Compiling protox v0.9.1
   Compiling deadlock-proto v0.1.0 (/home/nathanael/.worktrees/steam-bot-autoren-scan-2/rust/crates/deadlock-proto)
   Compiling zstd v0.13.3
   Compiling sqlx-macros-core v0.8.6
   Compiling sqlx-macros v0.8.6
   Compiling steam-gc v0.1.0 (/home/nathanael/.worktrees/steam-bot-autoren-scan-2/rust/crates/steam-gc)
   Compiling tokio-rustls v0.26.4
   Compiling tungstenite v0.27.0
   Compiling hyper-rustls v0.27.9
   Compiling reqwest v0.12.28
   Compiling tokio-tungstenite v0.27.0
   Compiling sqlx v0.8.6
   Compiling steam-persistence v0.1.0 (/home/nathanael/.worktrees/steam-bot-autoren-scan-2/rust/crates/steam-persistence)
   Compiling steam-vent-proto v0.5.2
   Compiling steam-vent v0.4.2 (/home/nathanael/.worktrees/steam-bot-autoren-scan-2/rust/vendor/steam-vent-0.4.2)
   Compiling steam-core v0.1.0 (/home/nathanael/.worktrees/steam-bot-autoren-scan-2/rust/crates/steam-core)
warning: unused import: `super::*`
   --> crates/steam-core/src/task/handlers/scrim_lobby.rs:852:9
    |
852 |     use super::*;
    |         ^^^^^^^^
    |
    = note: `#[warn(unused_imports)]` (part of `#[warn(unused)]`) on by default

warning: `steam-core` (bin "steam-core" test) generated 1 warning (run `cargo fix --bin "steam-core" -p steam-core --tests` to apply 1 suggestion)
    Finished `test` profile [unoptimized + debuginfo] target(s) in 2m 03s
warning: the following packages contain code that will be rejected by a future version of Rust: binrw v0.15.1
note: to see what the problems were, use the option `--future-incompat-report`, or run `cargo report future-incompatibilities --id 1`
     Running unittests src/main.rs (rust/target/debug/deps/steam_core-dbdb1dad40b2245e)

running 174 tests
test config::tests::api_bind_security_blockt_non_loopback_ohne_token ... ok
test config::tests::api_bind_security_erlaubt_loopback_ohne_token ... ok
test config::tests::api_bind_security_erlaubt_non_loopback_mit_token ... ok
test gc_health::tests::erfolg_waehrend_aktivem_cooldown_loescht_ihn_nicht ... ok
test gc_health::tests::erfolg_nach_abgelaufenem_cooldown_baut_backoff_ab ... ok
test gc_health::tests::code_5_setzt_cooldown ... ok
test gc_health::tests::erfolg_setzt_fehlerzaehler_zurueck ... ok
test api::mandatory_api_contract_tests::scrim_v1_operation_serialisiert_exakten_nicht_bereit_fehler ... ok
test api::mandatory_api_contract_tests::scrim_bindung_erlaubt_loopback_und_verweigert_oeffentliche_adressen ... ok
test api::mandatory_api_contract_tests::scrim_v1_operation_boundary_liefert_stabiles_unsupported_version ... ok
test api::mandatory_api_contract_tests::router_auth_schuetzt_protected_routes_real ... ok
test config::tests::bot_account_config_disables_catalog_maintenance ... ok
test config::tests::bot_account_config_uses_explicit_values ... ok
test config::tests::bot_account_config_uses_legacy_defaults ... ok
test gc_health::tests::fehler_jenseits_des_fensters_starten_neue_serie ... ok
test api::mandatory_api_contract_tests::tasks_v0_post_und_get_bleiben_legacy_wire_contract ... ok
test gc_health::tests::gemischt_zaehlen_nur_timeouts_fuer_den_reset ... ok
test api::mandatory_api_contract_tests::json_rejections_liefern_fuer_scrims_stabile_api_error_json_und_tasks_legacy ... ok
test steam::cso::tests::party_cache_erkennt_creator_ueber_rechte_statt_mitgliederreihenfolge ... ok
test lobby_state::tests::classify_sqlx_unterscheidet_integritaet_von_nicht_erreichbar ... ok
test steam::cso::tests::member_steam_ids_konvertiert_account_id ... ok
test gc_health::tests::reine_code_5_serie_treibt_den_reset_streak_nicht ... ok
test steam::cso::tests::party_cache_bewahrt_first_seen_at_ueber_updates ... ok
test gc_health::tests::vereinzelte_fehler_mit_erfolg_loesen_keinen_reset ... ok
test gc_health::tests::serie_von_fehlern_ueber_schwelle_meldet_reset_faellig ... ok
test steam::cso::tests::party_cache_ersetzt_mitglieder_und_erfindet_keinen_slot ... ok
test steam::cso::tests::party_cache_bewahrt_zwei_mitglieder_mit_team_ready_und_slot ... ok
test gc_health::tests::reine_code_5_serie_loest_keinen_reset_disconnect_aus ... ok
test steam::email_guard::tests::test_handler_inaktiv_ohne_env ... ok
test steam::email_guard::tests::test_config_faellt_auf_legacy_login_zurueck ... ok
test gc_health::tests::note_lane_success_schaerft_den_watchdog_wieder ... ok
test steam::email_guard::tests::test_suchkriterium_filtert_nur_eigenen_empfaenger ... ok
test steam::email_guard::tests::test_mail_alter_frisch ... ok
test steam::email_guard::tests::test_mail_alter_abgelaufen ... ok
test steam::email_guard::tests::test_mail_alter_ungueltig ... ok
test steam::email_guard::tests::test_config_nutzt_ionos_login_mit_vorrang ... ok
test lobby_state::tests::auto_start_akzeptiert_wire_default_player_und_stabilen_cache ... ok
test lobby_state::tests::auto_start_braucht_zwoelf_echte_bereite_eindeutige_slots ... ok
test steam::friends::tests::eintrag_ohne_steamid_wird_ignoriert ... ok
test steam::email_guard::tests::test_code_regex_deutsch_primaer ... ok
test steam::email_guard::tests::test_tls_config_baut_ohne_panic ... ok
test steam::friends::tests::unbekannte_id_hat_keine_beziehung ... ok
test steam::friends::tests::vollliste_ersetzt_und_filtert_beziehung_null ... ok
test steam::gc::tests::deadlock_gc_kind_roundtrip ... ok
test steam::gc::tests::encode_kind_setzt_proto_flag ... ok
test steam::email_guard::tests::test_code_regex_englisch_primaer ... ok
test steam::friends::tests::apply_meldet_nur_neue_eingehende_anfragen ... ok
test steam::gc::tests::wrapper_kind_kommt_aus_msg_id ... ok
test steam::friends::tests::inkrementell_mischt_und_beziehung_null_entfernt ... ok
test steam::gc::tests::read_body_roundtrip ... ok
test steam::gc::tests::wrapper_by_id_nutzt_explizite_msg_id ... ok
test steam::presence::tests::gameid_unteres_wort_matcht_app_id ... ok
test steam::presence::tests::minuten_ausserhalb_bereich_verworfen ... ok
test steam::heartbeat::tests::snapshot_traegt_timestamp_und_runtime ... ok
test steam::heartbeat::tests::runtime_ausgeloggt_hat_konsistente_felder ... ok
test steam::heartbeat::tests::runtime_spiegelt_konto_konfiguration ... ok
test steam::gc::tests::write_body_entspricht_prost_encoding ... ok
test steam::presence::tests::in_deadlock_lobby_ohne_match_signal ... ok
test steam::presence::tests::guess_hero_aus_brace_muster ... ok
test steam::email_guard::tests::test_code_regex_fallback ... ok
test steam::email_guard::tests::test_code_regex_ablehnung_ohne_ziffer ... ok
test steam::email_guard::tests::test_code_primaer_gewinnt_ueber_fallback ... ok
test steam::presence::tests::nicht_in_deadlock_ohne_rp_wird_uebersprungen ... ok
test steam::presence::tests::in_deadlock_match_mit_time_und_party ... ok
test steam::session::tests::login_timeout_deckt_legitime_recovery_ab ... ok
test steam::token_sync::tests::updater_script_override_replaces_default ... ok
test steam::token_sync::tests::updater_invocation_never_contains_secret_value ... ok
test steam::token_sync::tests::updater_invocation_runs_python_directly ... ok
test task::handlers::builds::publish_original::tests::build_hero_build_mappt_kategorie_metadaten_und_leere_breite ... ok
test task::handlers::builds::publish_original::tests::build_hero_build_mappt_inline_item_ids ... ok
test task::handlers::builds::publish_original::tests::build_hero_build_mappt_item_annotation_und_flex_slots ... ok
test task::handlers::auth::tests::guard_code_meldet_kein_pending ... ok
test task::handlers::builds::publish_original::tests::build_hero_build_mappt_ability_order ... ok
test task::handlers::builds::publish_original::tests::build_hero_build_mappt_imbue_und_sell_priority ... ok
test task::handlers::builds::publish_original::tests::build_hero_build_parst_bare_item_ids_weiter ... ok
test task::handlers::builds::publish_original::tests::build_hero_build_mappt_optionale_kategorie ... ok
test task::handlers::free_license::tests::abgelehnter_response_liefert_task_fehler_mit_data ... ok
test task::handlers::auth::tests::logout_ist_inert_und_bestaetigt ... ok
test task::handlers::free_license::tests::erfolgreicher_response_liefert_grants ... ok
test task::handlers::free_license::tests::fehlender_und_leerer_payload_nutzen_deadlock_app_id ... ok
test task::handlers::friends::tests::account_id_value_berechnet_oder_null ... ok
test task::handlers::friends::tests::check_response_freund_und_fremd ... ok
test task::handlers::friends::tests::parse_target_fehlt_oder_ungueltig ... ok
test task::handlers::friends::tests::parse_target_akzeptiert_string_und_zahl ... ok
test task::handlers::friends::tests::friends_list_response_form_und_counts ... ok
test task::handlers::friends::tests::parse_target_steam_id_hat_vorrang ... ok
test task::handlers::friends::tests::friends_list_response_leer_ist_nicht_ready ... ok
test task::handlers::auth::tests::login_ohne_session_meldet_not_logged_in ... ok
test task::handlers::builds::publish_original::tests::build_hero_build_update ... ok
test task::handlers::builds::tests::convert_tests::gc_build_to_source_felder_werden_korrekt_gemappt ... ok
test task::handlers::friends::tests::relationship_name_mappt_bekannte_und_unbekannte ... ok
test task::handlers::friends::tests::send_und_skip_antworten_haben_node_form ... ok
test task::handlers::friends::tests::handler_ohne_login_meldet_not_logged_in ... ok
test task::handlers::gc::tests::account_stats_matching_akzeptiert_gc_fehler_ohne_stats ... ok
test task::handlers::gc::tests::account_stats_matching_filtert_fremde_erfolgsantwort ... ok
test task::handlers::gc::tests::account_stats_aggregiert_nur_wins ... ok
test task::handlers::gc::tests::account_stats_nur_wins_ist_gueltig ... ok
test task::handlers::gc::tests::account_stats_ohne_account_id_werden_abgelehnt ... ok
test task::handlers::gc::tests::account_stats_ohne_hero_id_wird_mitgezaehlt ... ok
test task::handlers::gc::tests::is_gc_timeout_erkennt_erzeugten_transport_timeout ... ok
test task::handlers::gc::tests::fremde_profilkarte_wird_abgelehnt ... ok
test task::handlers::gc::tests::fremde_account_stats_werden_abgelehnt ... ok
test task::handlers::gc::tests::eigene_profilkarte_wird_akzeptiert ... ok
test task::handlers::gc::tests::account_stats_summenzeile_hero_0_wird_uebersprungen ... ok
test task::handlers::gc::tests::is_gc_timeout_ignoriert_andere_gc_fehler ... ok
test task::handlers::gc::tests::is_gc_timeout_erkennt_verpackten_timeout ... ok
test task::handlers::gc::tests::account_stats_ohne_wins_sind_fehler ... ok
test task::handlers::lobby::tests::neue_lobby_handler_sind_registriert_serialisiert_und_ohne_gc_fehlerhaft ... ok
test task::handlers::lobby::tests::format_party_code_laesst_andere_laengen_unformatiert ... ok
test task::handlers::lobby::tests::join_via_code_payload_baut_proto_mit_echtem_code ... ok
test task::handlers::lobby::tests::join_via_code_verwirft_fehlenden_oder_ungueltigen_code ... ok
test task::handlers::lobby::tests::lobby_retry_wiederholt_keine_gc_ablehnung ... ok
test task::handlers::lobby::tests::lobby_retry_wiederholt_nur_timeout_und_hoechstens_einmal ... ok
test task::handlers::lobby::tests::format_party_code_gruppiert_neun_stellen ... ok
test task::handlers::gc::tests::until_ranked_blaettert_weiter_bis_ein_ranked_match_dabei_ist ... ok
test task::handlers::gc::tests::split_badge_zerlegt_rank_und_subrank ... ok
test task::handlers::lobby::tests::neue_lobby_payloads_verwerfen_falsche_json_typen ... ok
test task::handlers::lobby::tests::normalize_team_spiegelt_node_normalize_winning_team ... ok
test task::handlers::lobby::tests::party_join_payload_baut_proto_mit_rejoin ... ok
test steam::session::tests::erfolgreicher_login_innerhalb_timeout_bleibt_erfolgreich ... ok
test task::handlers::lobby::tests::party_join_verwirft_ungueltige_party_id ... ok
test task::handlers::lobby::tests::party_set_member_team_baut_action_fuer_fremde_account_id ... ok
test task::handlers::gc::tests::profile_card_args_account_id_oder_steam_id ... ok
test task::handlers::lobby::tests::party_set_member_team_verwirft_fehlende_identitaet_und_falsches_team ... ok
test task::handlers::playtest::tests::build_result_json_erfolg_form ... ok
test task::handlers::lobby::tests::party_set_mode_payload_baut_alle_proto_felder ... ok
test task::handlers::lobby::tests::party_set_mode_standard_ist_custom_lobby ... ok
test task::handlers::lobby::tests::party_set_mode_verwirft_ungueltige_enum_werte ... ok
test task::handlers::gc::tests::match_history_paging_stoppt_bei_cursor_limit_oder_page_limit ... ok
test task::handlers::playtest::tests::account_id_aus_steam_id64 ... ok
test task::handlers::playtest::tests::account_id_direkt_aus_string ... ok
test task::handlers::playtest::tests::account_id_direkt_aus_zahl ... ok
test task::handlers::playtest::tests::build_result_json_fehler_form ... ok
test task::handlers::playtest::tests::build_result_json_message_id_ist_9190 ... ok
test task::handlers::playtest::tests::eresponse_mapping_alle_definierten_codes ... ok
test task::handlers::playtest::tests::eresponse_unbekannter_code_fallback ... ok
test task::handlers::playtest::tests::format_playtest_error_enthaelt_code_und_key ... ok
test task::handlers::playtest::tests::handler_ohne_account_id_schlaegt_sofort_fehl ... ok
test task::handlers::scrim_result::tests::aktives_match_mit_echtem_sieger_liefert_match_id_und_spieler ... ok
test task::handlers::playtest::tests::handler_ohne_gc_meldet_nicht_verbunden ... ok
test task::handlers::gc::tests::karte_ohne_account_id_wird_akzeptiert ... ok
test task::handlers::playtest::tests::normalize_attempts_clamp ... ok
test task::handlers::playtest::tests::nonzero_gc_code_wird_strukturierter_task_fehler ... ok
test task::handlers::playtest::tests::normalize_timeout_clamp_und_default ... ok
test task::handlers::playtest::tests::payload_alle_retry_aliase ... ok
test task::handlers::playtest::tests::payload_alle_timeout_aliase ... ok
test task::handlers::playtest::tests::payload_location_default ... ok
test task::handlers::playtest::tests::payload_steam_id_aliase ... ok
test task::handlers::scrim_result::tests::aktives_match_ohne_sieger_ist_nicht_final ... ok
test task::handlers::scrim_result::tests::ergebnis_ohne_gc_liefert_verbundungsfehler ... ok
test task::handlers::scrim_result::tests::fremdes_aktives_match_wird_nicht_uebernommen ... ok
test task::handlers::util::tests::id_value_to_string_akzeptiert_string_und_zahl ... ok
test task::handlers::scrim_result::tests::metadaten_download_hat_harten_deckel ... ok
test task::handlers::util::tests::parse_optional_leerer_payload_gibt_default ... ok
test task::handlers::playtest::tests::account_id_null_zahl_ergibt_fehler ... ok
test task::handlers::playtest::tests::account_id_null_ergibt_fehler ... ok
test task::handlers::util::tests::parse_optional_ungueltiger_payload_fehler ... ok
test task::handlers::playtest::tests::account_id_null_wert_ergibt_fehler ... ok
test token_refresh::tests::base64url_decodet_json_payload ... ok
test task::handlers::util::tests::parse_optional_gueltiger_payload ... ok
test task::lanes::tests::keine_doppelte_typ_zuordnung ... ok
test steam::cso::tests::party_member_writes_bleiben_pro_party_in_ingest_reihenfolge ... ok
test token_refresh::tests::token_exp_liest_exp_aus_jwt ... ok
test token_refresh::tests::token_exp_none_ohne_payload ... ok
test task::handlers::scrim_result::tests::metadaten_bz2_und_zstd_liefern_vollstaendiges_ergebnis ... ok
test task::handlers::scrim_result::tests::metadaten_fehler_outcome_wird_keinem_team_zugeschlagen ... ok
test steam::gc::tests::parallele_gc_leser_teilen_den_mindestabstand ... ok
test task::handlers::scrim_result::tests::metadaten_dekompression_hat_harten_deckel ... ok
test task::handlers::scrim_result::tests::metadaten_default_outcome_mit_explizitem_sieger_ist_final ... ok
test task::handlers::scrim_result::tests::finales_ergebnis_braucht_positive_dauer ... ok
test task::handlers::scrim_result::tests::metadaten_draw_ist_keine_erfundene_team_null_entscheidung ... ok
test task::handlers::scrim_result::tests::metadaten_pruefen_beide_match_ids ... ok
test task::handlers::scrim_result::tests::metadaten_ohne_eindeutiges_ende_bleiben_offen ... ok
test steam::session::tests::haengender_login_liefert_nach_timeout_einen_fehler ... ok

test result: ok. 174 passed; 0 failed; 0 ignored; 0 measured; 0 filtered out; finished in 0.14s

     Running unittests src/lib.rs (rust/target/debug/deps/steam_persistence-1ac6f169ea4f8a3f)

running 0 tests

test result: ok. 0 passed; 0 failed; 0 ignored; 0 measured; 0 filtered out; finished in 0.00s

     Running tests/build_catalog_transactions.rs (rust/target/debug/deps/build_catalog_transactions-fcbe555dbfa6f126)

running 0 tests

test result: ok. 0 passed; 0 failed; 0 ignored; 0 measured; 0 filtered out; finished in 0.00s

   Doc-tests steam_persistence

running 0 tests

test result: ok. 0 passed; 0 failed; 0 ignored; 0 measured; 0 filtered out; finished in 0.00s

