warte auf zentrale Test-Postgres... ok
CENTRAL_TEST_DSN=postgres://deadlock:***@127.0.0.1:32879/deadlock_test
    Finished `dev` profile [unoptimized + debuginfo] target(s) in 0.25s
     Running `target/debug/dl-central-migrate`
dl-central-migrate: wende zentrale DB-Migrationen an …
dl-central-migrate: Migrationen erfolgreich angewendet.
    Blocking waiting for file lock on build directory
   Compiling steam-persistence v0.1.0 (/home/nathanael/.worktrees/steam-bot-autoren-scan-2/rust/crates/steam-persistence)
   Compiling steam-core v0.1.0 (/home/nathanael/.worktrees/steam-bot-autoren-scan-2/rust/crates/steam-core)
    Finished `test` profile [unoptimized + debuginfo] target(s) in 45.10s
warning: the following packages contain code that will be rejected by a future version of Rust: binrw v0.15.1
note: to see what the problems were, use the option `--future-incompat-report`, or run `cargo report future-incompatibilities --id 1`
     Running unittests src/main.rs (/home/nathanael/.worktrees/steam-bot-autoren-scan-2/rust/target/debug/deps/steam_core-483cc23a18c153ec)

running 34 tests
test task::handlers::builds::catalog::tests::clone_needs_update_unveraendert ... ok
test task::handlers::builds::catalog::tests::clone_needs_update_kein_upload ... ok
test task::handlers::builds::catalog::tests::clone_needs_update_name_geaendert ... ok
test task::handlers::builds::catalog::tests::clone_needs_update_status_failed ... ok
test task::handlers::builds::catalog::tests::clone_needs_update_neuerer_source_timestamp ... ok
test task::handlers::builds::catalog::tests::clone_needs_update_neuere_source_version ... ok
test task::handlers::builds::catalog::tests::catalog_deadline_drops_work_and_releases_lane_before_stale ... ok
test task::handlers::builds::catalog::tests::discovery_no_active_authors_succeeds_without_gc ... ok
test task::handlers::builds::catalog::tests::insert_clone_und_update_metadata ... ok
test task::handlers::builds::catalog::tests::maintain_args_hero_id_camel_case ... ok
test task::handlers::builds::catalog::tests::maintain_args_hero_id_snake_case ... ok
test task::handlers::builds::catalog::tests::maintain_args_leerer_payload_gibt_default ... ok
test task::handlers::builds::catalog::tests::maintain_args_ungueltig_gibt_fehler ... ok
test task::handlers::builds::catalog::tests::discovery_missing_author_never_erases_known_author ... ok
test task::handlers::builds::catalog::tests::discovery_status_write_failure_is_visible ... ok
test task::handlers::builds::catalog::tests::cycle_enqueue_failure_rolls_back_all_children ... ok
test task::handlers::builds::catalog::tests::discovery_internal_error_with_results_is_not_success ... ok
test task::handlers::builds::catalog::tests::discovery_records_ok_and_preserves_collab_author ... ok
test task::handlers::builds::catalog::tests::target_name_kaskade ... ok
test task::handlers::builds::catalog::tests::target_description_format_wie_node ... ok
test task::handlers::builds::catalog::tests::discovery_empty_response_is_partial_and_visible ... ok
test task::handlers::builds::catalog::tests::empty_hero_catalog_is_an_author_failure_without_gc ... ok
test task::handlers::builds::catalog::tests::cycle_splits_every_build_and_deduplicates_open_work ... ok
test task::handlers::builds::catalog::tests::discovery_total_outage_fails_tasks_with_details ... ok
test task::handlers::builds::catalog::tests::discovery_persistence_errors_distinguish_partial_and_error ... ok
test task::handlers::builds::catalog::tests::discovery_requires_a_real_hero_for_each_request ... ok
test task::handlers::builds::catalog::tests::cycle_enqueues_scoped_work_without_waiting_for_gc ... ok
test task::handlers::builds::catalog::tests::insert_und_cancel_delete_task ... ok
test task::handlers::builds::catalog::tests::restore_clone_nach_delete_cancel ... ok
test task::handlers::builds::catalog::tests::insert_und_cancel_publish_task ... ok
test task::handlers::builds::catalog::tests::scoped_author_task_stops_on_rate_limit_without_scanning_others ... ok
test task::handlers::builds::catalog::tests::queue_clone_for_update_setzt_status_pending ... ok
test task::handlers::builds::catalog::tests::discovery_gc_errors_are_recorded_and_other_authors_continue ... ok
test task::handlers::builds::catalog::tests::pending_publish_task_id_und_payload_refresh ... ok

test result: ok. 34 passed; 0 failed; 0 ignored; 0 measured; 235 filtered out; finished in 25.88s

   Compiling typenum v1.20.1
   Compiling zerofrom v0.1.8
   Compiling serde_core v1.0.228
   Compiling num-traits v0.2.19
   Compiling crossbeam-utils v0.8.21
   Compiling ring v0.17.14
   Compiling futures-sink v0.3.32
   Compiling form_urlencoded v1.2.2
   Compiling thiserror v2.0.18
   Compiling tracing-core v0.1.36
   Compiling log v0.4.32
   Compiling base64 v0.22.1
   Compiling rand v0.8.6
   Compiling tokio-stream v0.1.18
   Compiling byteorder v1.5.0
   Compiling tokio v1.52.3
   Compiling yoke v0.8.3
   Compiling futures-util v0.3.32
   Compiling futures-channel v0.3.32
   Compiling zerovec v0.11.6
   Compiling zerotrie v0.2.4
   Compiling concurrent-queue v2.5.0
   Compiling crossbeam-queue v0.3.12
   Compiling tinystr v0.8.3
   Compiling potential_utf v0.1.5
   Compiling tracing v0.1.44
   Compiling icu_collections v2.2.0
   Compiling generic-array v0.14.7
   Compiling icu_locale_core v2.2.0
   Compiling event-listener v5.4.1
   Compiling icu_provider v2.2.0
   Compiling icu_properties v2.2.0
   Compiling chrono v0.4.45
   Compiling atoi v2.0.0
   Compiling block-buffer v0.10.4
   Compiling crypto-common v0.1.7
   Compiling digest v0.10.7
   Compiling hmac v0.12.1
   Compiling sha2 v0.10.9
   Compiling md-5 v0.10.6
   Compiling hkdf v0.12.4
   Compiling rustls-webpki v0.103.13
   Compiling serde v1.0.228
   Compiling serde_json v1.0.150
   Compiling rustls v0.23.40
   Compiling smallvec v1.15.1
   Compiling either v1.16.0
   Compiling steam-domain v0.1.0 (/home/nathanael/.worktrees/steam-bot-autoren-scan-2/rust/crates/steam-domain)
   Compiling icu_normalizer v2.2.0
   Compiling parking_lot_core v0.9.12
   Compiling parking_lot v0.12.5
   Compiling idna_adapter v1.2.2
   Compiling futures-intrusive v0.5.0
   Compiling idna v1.1.0
   Compiling url v2.5.8
   Compiling sqlx-core v0.8.6
   Compiling sqlx-postgres v0.8.6
   Compiling sqlx-macros-core v0.8.6
   Compiling sqlx-macros v0.8.6
   Compiling sqlx v0.8.6
   Compiling dl-central-db v0.1.0 (/home/nathanael/.worktrees/Deadlock-Bots/rust/crates/dl-central-db)
   Compiling steam-persistence v0.1.0 (/home/nathanael/.worktrees/steam-bot-autoren-scan-2/rust/crates/steam-persistence)
    Finished `test` profile [unoptimized + debuginfo] target(s) in 35.96s
     Running tests/build_catalog_transactions.rs (/home/nathanael/.worktrees/steam-bot-autoren-scan-2/rust/target/debug/deps/build_catalog_transactions-68f3ee3b2edffa06)

running 2 tests
test queue_clone_for_update_rolls_back_when_task_write_fails ... ok
test insert_clone_rolls_back_when_task_write_fails ... ok

test result: ok. 2 passed; 0 failed; 0 ignored; 0 measured; 0 filtered out; finished in 4.57s

    Checking typenum v1.20.1
    Checking const-oid v0.9.6
    Checking serde_core v1.0.228
   Compiling jobserver v0.1.34
    Checking log v0.4.32
    Checking futures-sink v0.3.32
   Compiling serde v1.0.228
    Checking zerofrom v0.1.8
    Checking tokio v1.52.3
   Compiling libm v0.2.16
    Checking tracing-core v0.1.36
    Checking crossbeam-utils v0.8.21
   Compiling spin v0.9.8
   Compiling yoke v0.8.3
    Checking futures-channel v0.3.32
   Compiling regex-syntax v0.8.10
   Compiling digest v0.10.7
   Compiling lazy_static v1.5.0
   Compiling thiserror v2.0.18
   Compiling zerovec v0.11.6
   Compiling zerotrie v0.2.4
    Checking base64 v0.22.1
   Compiling anyhow v1.0.103
    Checking futures-util v0.3.32
   Compiling cc v1.2.63
   Compiling either v1.16.0
   Compiling smallvec v1.15.1
    Checking tracing v0.1.44
    Checking form_urlencoded v1.2.2
    Checking tinystr v0.8.3
    Checking potential_utf v0.1.5
   Compiling itertools v0.14.0
    Checking http v1.4.2
    Checking concurrent-queue v2.5.0
    Checking icu_collections v2.2.0
    Checking num-traits v0.2.19
   Compiling aho-corasick v1.1.4
    Checking icu_locale_core v2.2.0
   Compiling parking_lot_core v0.9.12
    Checking event-listener v5.4.1
    Checking rand v0.8.6
   Compiling parking_lot v0.12.5
   Compiling icu_provider v2.2.0
   Compiling base64ct v1.8.3
    Checking generic-array v0.14.7
   Compiling pem-rfc7468 v0.7.0
   Compiling sha2 v0.10.9
   Compiling serde_json v1.0.150
   Compiling icu_properties v2.2.0
   Compiling icu_normalizer v2.2.0
   Compiling cmake v0.1.58
   Compiling regex-automata v0.4.14
   Compiling chrono v0.4.45
   Compiling futures-intrusive v0.5.0
    Checking crypto-common v0.1.7
    Checking block-buffer v0.10.4
   Compiling ring v0.17.14
   Compiling aws-lc-sys v0.41.0
   Compiling idna_adapter v1.2.2
   Compiling prost-derive v0.14.4
   Compiling idna v1.1.0
    Checking tokio-util v0.7.18
    Checking http-body v1.0.1
   Compiling crossbeam-queue v0.3.12
   Compiling hmac v0.12.1
   Compiling logos-codegen v0.15.1
   Compiling hkdf v0.12.4
    Checking thiserror v1.0.69
   Compiling der v0.7.10
   Compiling atoi v2.0.0
   Compiling url v2.5.8
    Checking httparse v1.10.1
   Compiling md-5 v0.10.6
    Checking tower-service v0.3.3
   Compiling miette v7.6.0
    Checking tokio-stream v0.1.18
   Compiling num-integer v0.1.46
    Checking try-lock v0.2.5
    Checking byteorder v1.5.0
    Checking want v0.3.1
    Checking getrandom v0.3.4
    Checking block-padding v0.3.3
   Compiling spki v0.7.3
    Checking sync_wrapper v1.0.2
    Checking atomic-waker v1.1.2
   Compiling pkcs8 v0.10.2
    Checking httpdate v1.0.3
    Checking tower-layer v0.3.3
    Checking rand_core v0.9.5
   Compiling petgraph v0.8.3
   Compiling tempfile v3.27.0
   Compiling pkcs1 v0.7.5
   Compiling zstd-sys v2.0.16+zstd.1.5.7
    Checking inout v0.1.4
    Checking hyper v1.10.1
    Checking protobuf-support v3.5.1
   Compiling signature v2.2.0
   Compiling num-iter v0.1.45
    Checking ipnet v2.12.0
   Compiling num-bigint-dig v0.8.6
   Compiling toml_edit v0.25.12+spec-1.1.0
    Checking protobuf v3.5.1
    Checking cipher v0.4.4
   Compiling prost v0.14.4
    Checking tower v0.5.3
    Checking rand_chacha v0.9.0
    Checking http-body-util v0.1.3
    Checking steam-domain v0.1.0 (/home/nathanael/.worktrees/steam-bot-autoren-scan-2/rust/crates/steam-domain)
   Compiling prost-types v0.14.4
    Checking hybrid-array v0.4.13
   Compiling logos-derive v0.15.1
    Checking ryu v1.0.23
    Checking hyper-util v0.1.20
    Checking serde_urlencoded v0.7.1
   Compiling logos v0.15.1
    Checking rand v0.9.4
   Compiling logos-codegen v0.16.1
   Compiling regex v1.12.3
   Compiling rsa v0.9.10
   Compiling protox-parse v0.9.0
   Compiling prost-build v0.14.4
   Compiling proc-macro-crate v3.5.0
    Checking sha1 v0.10.6
    Checking sha-1 v0.10.1
    Checking event-listener v2.5.3
    Checking utf-8 v0.7.6
    Checking adler2 v2.0.1
    Checking minimal-lexical v0.2.1
   Compiling steam-vent-crypto v0.2.1
    Checking data-encoding v2.11.0
    Checking simd-adler32 v0.3.9
    Checking option-ext v0.2.0
    Checking nom v7.1.3
    Checking dirs-sys v0.5.0
    Checking miniz_oxide v0.8.9
   Compiling num_enum_derive v0.7.6
    Checking async-channel v1.9.0
    Checking steam-vent-proto-common v0.5.1
    Checking bytemuck v1.25.0
   Compiling binrw_derive v0.15.1
    Checking block-buffer v0.12.1
    Checking steam-vent-proto-steam v0.5.2
    Checking crypto-common v0.2.2
    Checking crc32fast v1.5.0
    Checking tower-http v0.6.11
    Checking cbc v0.1.2
    Checking aes v0.8.4
    Checking futures-executor v0.3.32
    Checking event-listener-strategy v0.5.4
   Compiling logos-derive v0.16.1
    Checking mime v0.3.17
   Compiling rustls v0.23.40
    Checking hashbrown v0.14.5
    Checking const-oid v0.10.2
    Checking array-init v2.1.0
    Checking axum-core v0.5.6
    Checking async-channel v2.5.0
   Compiling logos v0.16.1
    Checking async-stream v0.3.6
    Checking num_enum v0.7.6
    Checking pin-project v1.1.13
    Checking futures v0.3.32
   Compiling prost-reflect v0.16.4
    Checking flate2 v1.1.9
    Checking digest v0.11.3
    Checking stop-token v0.7.0
    Checking directories v6.0.0
    Checking imap-proto v0.16.7
    Checking another-steam-totp v0.4.2
    Checking sharded-slab v0.1.7
    Checking serde_path_to_error v0.1.20
    Checking tracing-log v0.2.0
    Checking dashmap v6.2.1
    Checking thread_local v1.1.9
    Checking pin-utils v0.1.0
    Checking self_cell v1.2.2
    Checking matchit v0.8.4
    Checking matchers v0.2.0
    Checking libbz2-rs-sys v0.2.5
    Checking cpufeatures v0.3.0
    Checking nu-ansi-term v0.50.3
    Checking steamid-ng v2.0.0
    Checking sha2 v0.11.0
    Checking api-contract v0.1.0 (/home/nathanael/.worktrees/steam-bot-autoren-scan-2/rust/crates/api-contract)
    Checking tracing-subscriber v0.3.23
   Compiling rustls-webpki v0.103.13
    Checking axum v0.8.9
    Checking async-imap v0.11.2
    Checking bzip2 v0.6.1
    Checking binrw v0.15.1
   Compiling protox v0.9.1
   Compiling deadlock-proto v0.1.0 (/home/nathanael/.worktrees/steam-bot-autoren-scan-2/rust/crates/deadlock-proto)
   Compiling sqlx-core v0.8.6
   Compiling zstd-safe v7.2.4
    Checking zstd v0.13.3
   Compiling sqlx-postgres v0.8.6
   Compiling sqlx-macros-core v0.8.6
   Compiling aws-lc-rs v1.17.0
   Compiling sqlx-macros v0.8.6
    Checking steam-gc v0.1.0 (/home/nathanael/.worktrees/steam-bot-autoren-scan-2/rust/crates/steam-gc)
    Checking tokio-rustls v0.26.4
    Checking tungstenite v0.27.0
    Checking hyper-rustls v0.27.9
    Checking reqwest v0.12.28
    Checking tokio-tungstenite v0.27.0
    Checking sqlx v0.8.6
    Checking dl-central-db v0.1.0 (/home/nathanael/.worktrees/Deadlock-Bots/rust/crates/dl-central-db)
    Checking steam-persistence v0.1.0 (/home/nathanael/.worktrees/steam-bot-autoren-scan-2/rust/crates/steam-persistence)
    Checking steam-vent-proto v0.5.2
    Checking steam-vent v0.4.2 (/home/nathanael/.worktrees/steam-bot-autoren-scan-2/rust/vendor/steam-vent-0.4.2)
    Checking steam-core v0.1.0 (/home/nathanael/.worktrees/steam-bot-autoren-scan-2/rust/crates/steam-core)
warning: field `cooldown` is never read
  --> crates/steam-core/src/gc_health.rs:45:9
   |
44 | pub struct RateLimitOutcome {
   |            ---------------- field in this struct
45 |     pub cooldown: Duration,
   |         ^^^^^^^^
   |
   = note: `#[warn(dead_code)]` (part of `#[warn(unused)]`) on by default

warning: `steam-core` (bin "steam-core") generated 1 warning
    Finished `dev` profile [unoptimized + debuginfo] target(s) in 1m 14s
warning: the following packages contain code that will be rejected by a future version of Rust: binrw v0.15.1
note: to see what the problems were, use the option `--future-incompat-report`, or run `cargo report future-incompatibilities --id 1`
