warte auf zentrale Test-Postgres... ok
CENTRAL_TEST_DSN=postgres://deadlock:***@127.0.0.1:32875/deadlock_test
    Finished `dev` profile [unoptimized + debuginfo] target(s) in 0.31s
     Running `target/debug/dl-central-migrate`
dl-central-migrate: wende zentrale DB-Migrationen an …
dl-central-migrate: Migrationen erfolgreich angewendet.
   Compiling proc-macro2 v1.0.106
   Compiling serde_core v1.0.228
   Compiling libc v0.2.186
   Compiling stable_deref_trait v1.2.1
   Compiling cfg-if v1.0.4
   Compiling cc v1.2.63
   Compiling crossbeam-utils v0.8.21
   Compiling num-traits v0.2.19
   Compiling generic-array v0.14.7
   Compiling writeable v0.6.3
   Compiling litemap v0.8.2
   Compiling subtle v2.6.1
   Compiling utf8_iter v1.0.4
    Checking typenum v1.20.1
   Compiling zeroize v1.8.2
   Compiling pin-project-lite v0.2.17
   Compiling icu_properties_data v2.2.0
   Compiling icu_normalizer_data v2.2.0
   Compiling futures-core v0.3.32
   Compiling rustls-pki-types v1.14.1
   Compiling equivalent v1.0.2
   Compiling once_cell v1.21.4
   Compiling scopeguard v1.2.0
   Compiling untrusted v0.9.0
   Compiling lock_api v0.4.14
   Compiling zerocopy v0.8.50
   Compiling block-buffer v0.10.4
   Compiling crypto-common v0.1.7
   Compiling allocator-api2 v0.2.21
   Compiling digest v0.10.7
   Compiling foldhash v0.1.5
   Compiling percent-encoding v2.3.2
   Compiling quote v1.0.45
   Compiling tinyvec_macros v0.1.1
   Compiling bytes v1.11.1
   Compiling memchr v2.8.1
   Compiling hashbrown v0.15.5
   Compiling tinyvec v1.11.0
   Compiling form_urlencoded v1.2.2
   Compiling syn v2.0.117
   Compiling concurrent-queue v2.5.0
   Compiling webpki-roots v1.0.7
   Compiling tracing-core v0.1.36
   Compiling zmij v1.0.21
   Compiling futures-task v0.3.32
   Compiling cpufeatures v0.2.17
    Checking getrandom v0.2.17
    Checking errno v0.3.14
   Compiling parking v2.2.1
   Compiling iana-time-zone v0.1.65
   Compiling itoa v1.0.18
   Compiling slab v0.4.12
   Compiling futures-io v0.3.32
   Compiling socket2 v0.6.4
   Compiling mio v1.2.1
   Compiling hashbrown v0.17.1
   Compiling crc-catalog v2.5.0
   Compiling chrono v0.4.45
   Compiling event-listener v5.4.1
    Checking signal-hook-registry v1.4.8
   Compiling crc v3.4.0
   Compiling rand_core v0.6.4
   Compiling sha2 v0.10.9
   Compiling tokio v1.52.3
   Compiling futures-util v0.3.32
   Compiling ring v0.17.14
   Compiling unicode-normalization v0.1.25
   Compiling hashlink v0.10.0
   Compiling webpki-roots v0.26.11
   Compiling hmac v0.12.1
   Compiling crossbeam-queue v0.3.12
   Compiling unicode-bidi v0.3.18
   Compiling unicode-properties v0.1.4
   Compiling serde_json v1.0.150
    Checking futures-sink v0.3.32
   Compiling stringprep v0.1.5
   Compiling indexmap v2.14.0
   Compiling hkdf v0.12.4
   Compiling atoi v2.0.0
   Compiling md-5 v0.10.6
   Compiling futures-channel v0.3.32
   Compiling bitflags v2.13.0
   Compiling whoami v1.6.1
   Compiling home v0.5.12
    Checking log v0.4.32
   Compiling dotenvy v0.15.7
   Compiling hex v0.4.3
    Checking base64 v0.22.1
    Checking byteorder v1.5.0
   Compiling synstructure v0.13.2
   Compiling rustls v0.23.40
   Compiling zerovec-derive v0.11.3
   Compiling serde_derive v1.0.228
   Compiling displaydoc v0.2.6
   Compiling thiserror-impl v2.0.18
   Compiling tracing-attributes v0.1.31
   Compiling tokio-macros v2.7.0
   Compiling zerofrom-derive v0.1.7
   Compiling yoke-derive v0.8.2
   Compiling tracing v0.1.44
   Compiling ppv-lite86 v0.2.21
   Compiling thiserror v2.0.18
   Compiling rand_chacha v0.3.1
   Compiling rand v0.8.6
    Checking rustls-webpki v0.103.13
   Compiling zerofrom v0.1.8
    Checking yoke v0.8.3
   Compiling zerovec v0.11.6
   Compiling zerotrie v0.2.4
   Compiling tokio-stream v0.1.18
    Checking tinystr v0.8.3
    Checking potential_utf v0.1.5
    Checking icu_collections v2.2.0
    Checking icu_locale_core v2.2.0
   Compiling serde v1.0.228
    Checking icu_provider v2.2.0
    Checking smallvec v1.15.1
    Checking either v1.16.0
    Checking steam-domain v0.1.0 (/home/nathanael/.worktrees/steam-bot-autoren-scan-2/rust/crates/steam-domain)
    Checking icu_properties v2.2.0
    Checking icu_normalizer v2.2.0
    Checking parking_lot_core v0.9.12
    Checking parking_lot v0.12.5
    Checking futures-intrusive v0.5.0
    Checking idna_adapter v1.2.2
    Checking idna v1.1.0
    Checking url v2.5.8
    Checking sqlx-core v0.8.6
   Compiling sqlx-postgres v0.8.6
   Compiling sqlx-macros-core v0.8.6
   Compiling sqlx-macros v0.8.6
    Checking sqlx v0.8.6
    Checking dl-central-db v0.1.0 (/home/nathanael/.worktrees/Deadlock-Bots/rust/crates/dl-central-db)
    Checking steam-persistence v0.1.0 (/home/nathanael/.worktrees/steam-bot-autoren-scan-2/rust/crates/steam-persistence)
    Finished `dev` profile [unoptimized + debuginfo] target(s) in 29.77s
